MySQL Shell 8.0.12

Copyright (c) 2016, 2018, Oracle and/or its affiliates. All rights reserved.

Oracle is a registered trademark of Oracle Corporation and/or its
affiliates. Other names may be trademarks of their respective
owners.

Type '\help' or '\?' for help; '\quit' to exit.


 MySQL  JS > \sql
Switching to SQL mode... Commands end with ;

 MySQL  SQL > \connect -c root@localhost
The -c option is deprecated, please use --mysql or -mc instead
Creating a Classic session to 'root@localhost'
Please provide the password for 'root@localhost': ****
Save password for 'root@localhost:3306'? [Y]es/[N]o/Ne[v]er (default No): y
Fetching schema names for autocompletion... Press ^C to stop.
Your MySQL connection id is 127
Server version: 8.0.12 MySQL Community Server - GPL
No default schema selected; type \use <schema> to set one.

 MySQL  localhost:3306 ssl  SQL > show databases;
+--------------------+
| Database           |
+--------------------+
| evaluacion_1       |
| information_schema |
| mysql              |
| performance_schema |
| sakila             |
| sys                |
| tecnologico        |
| world              |
+--------------------+
8 rows in set (0.0008 sec)

 MySQL  localhost:3306 ssl  SQL > create database evaluacion_2;
Query OK, 1 row affected (0.0541 sec)

 MySQL  localhost:3306 ssl  SQL > show databases;
+--------------------+
| Database           |
+--------------------+
| evaluacion_1       |
| evaluacion_2       |
| information_schema |
| mysql              |
| performance_schema |
| sakila             |
| sys                |
| tecnologico        |
| world              |
+--------------------+
9 rows in set (0.0014 sec)

 MySQL  localhost:3306 ssl  SQL > \use evaluacio_2;
MySQL Error 1049 (42000): ClassicSession.runSql: Unknown database 'evaluacio_2;'

 MySQL  localhost:3306 ssl  SQL > \use evaluacio_2
MySQL Error 1049 (42000): ClassicSession.runSql: Unknown database 'evaluacio_2'

 MySQL  localhost:3306 ssl  SQL > \use evaluacion_2
Default schema set to `evaluacion_2`.
Fetching table and column names from `evaluacion_2` for auto-completion... Press ^C to stop.

 MySQL  localhost:3306 ssl  evaluacion_2  SQL > show tables;
Empty set (0.0016 sec)

 MySQL  localhost:3306 ssl  evaluacion_2  SQL > create table A(
                                            ... NOMBRE VARCHAR(50));
Query OK, 0 rows affected (0.0617 sec)

 MySQL  localhost:3306 ssl  evaluacion_2  SQL > create table B( NOMBRE VARCHAR(50));
Query OK, 0 rows affected (0.0656 sec)

 MySQL  localhost:3306 ssl  evaluacion_2  SQL > SHOW TABLES;
+------------------------+
| Tables_in_evaluacion_2 |
+------------------------+
| a                      |
| b                      |
+------------------------+
2 rows in set (0.0125 sec)

 MySQL  localhost:3306 ssl  evaluacion_2  SQL > INSERT INTO A(NOMBRE) VALUES('1');
Query OK, 1 row affected (0.0987 sec)

 MySQL  localhost:3306 ssl  evaluacion_2  SQL > INSERT INTO A(NOMBRE) VALUES('2');
Query OK, 1 row affected (0.0419 sec)

 MySQL  localhost:3306 ssl  evaluacion_2  SQL > INSERT INTO A(NOMBRE) VALUES('3');
Query OK, 1 row affected (0.0491 sec)

 MySQL  localhost:3306 ssl  evaluacion_2  SQL > INSERT INTO A(NOMBRE) VALUES('4');
Query OK, 1 row affected (0.0334 sec)

 MySQL  localhost:3306 ssl  evaluacion_2  SQL > INSERT INTO A(NOMBRE) VALUES('5');
Query OK, 1 row affected (0.0320 sec)

 MySQL  localhost:3306 ssl  evaluacion_2  SQL > INSERT INTO B(NOMBRE) VALUES('A');
Query OK, 1 row affected (0.0980 sec)

 MySQL  localhost:3306 ssl  evaluacion_2  SQL > INSERT INTO B(NOMBRE) VALUES('B');
Query OK, 1 row affected (0.0392 sec)

 MySQL  localhost:3306 ssl  evaluacion_2  SQL > INSERT INTO B(NOMBRE) VALUES('C');
Query OK, 1 row affected (0.0247 sec)

 MySQL  localhost:3306 ssl  evaluacion_2  SQL > INSERT INTO B(NOMBRE) VALUES('D');
Query OK, 1 row affected (0.0525 sec)

 MySQL  localhost:3306 ssl  evaluacion_2  SQL > INSERT INTO B(NOMBRE) VALUES('E');
Query OK, 1 row affected (0.0522 sec)

 MySQL  localhost:3306 ssl  evaluacion_2  SQL > SELECT * FROM A;
+--------+
| NOMBRE |
+--------+
| 1      |
| 2      |
| 3      |
| 4      |
| 5      |
+--------+
5 rows in set (0.0006 sec)

 MySQL  localhost:3306 ssl  evaluacion_2  SQL > SELECT * FROM B;
+--------+
| NOMBRE |
+--------+
| A      |
| B      |
| C      |
| D      |
| E      |
+--------+
5 rows in set (0.0005 sec)

 MySQL  localhost:3306 ssl  evaluacion_2  SQL > SELECT * FROM A,B;
+--------+--------+
| NOMBRE | NOMBRE |
+--------+--------+
| 1      | A      |
| 2      | A      |
| 3      | A      |
| 4      | A      |
| 5      | A      |
| 1      | B      |
| 2      | B      |
| 3      | B      |
| 4      | B      |
| 5      | B      |
| 1      | C      |
| 2      | C      |
| 3      | C      |
| 4      | C      |
| 5      | C      |
| 1      | D      |
| 2      | D      |
| 3      | D      |
| 4      | D      |
| 5      | D      |
| 1      | E      |
| 2      | E      |
| 3      | E      |
| 4      | E      |
| 5      | E      |
+--------+--------+
25 rows in set (0.0008 sec)

 MySQL  localhost:3306 ssl  evaluacion_2  SQL > SELECT * FROM B,A;
+--------+--------+
| NOMBRE | NOMBRE |
+--------+--------+
| A      | 1      |
| B      | 1      |
| C      | 1      |
| D      | 1      |
| E      | 1      |
| A      | 2      |
| B      | 2      |
| C      | 2      |
| D      | 2      |
| E      | 2      |
| A      | 3      |
| B      | 3      |
| C      | 3      |
| D      | 3      |
| E      | 3      |
| A      | 4      |
| B      | 4      |
| C      | 4      |
| D      | 4      |
| E      | 4      |
| A      | 5      |
| B      | 5      |
| C      | 5      |
| D      | 5      |
| E      | 5      |
+--------+--------+
25 rows in set (0.0007 sec)

 MySQL  localhost:3306 ssl  evaluacion_2  SQL > SELECT A.NOMBRE, B.NOMBRE FROM A,B;
+--------+--------+
| NOMBRE | NOMBRE |
+--------+--------+
| 1      | A      |
| 2      | A      |
| 3      | A      |
| 4      | A      |
| 5      | A      |
| 1      | B      |
| 2      | B      |
| 3      | B      |
| 4      | B      |
| 5      | B      |
| 1      | C      |
| 2      | C      |
| 3      | C      |
| 4      | C      |
| 5      | C      |
| 1      | D      |
| 2      | D      |
| 3      | D      |
| 4      | D      |
| 5      | D      |
| 1      | E      |
| 2      | E      |
| 3      | E      |
| 4      | E      |
| 5      | E      |
+--------+--------+
25 rows in set (0.0006 sec)

 MySQL  localhost:3306 ssl  evaluacion_2  SQL > SELECT * FROM A, B ORDER BY A.NOMBRE;
+--------+--------+
| NOMBRE | NOMBRE |
+--------+--------+
| 1      | A      |
| 1      | B      |
| 1      | C      |
| 1      | D      |
| 1      | E      |
| 2      | A      |
| 2      | B      |
| 2      | C      |
| 2      | D      |
| 2      | E      |
| 3      | A      |
| 3      | B      |
| 3      | C      |
| 3      | D      |
| 3      | E      |
| 4      | A      |
| 4      | B      |
| 4      | C      |
| 4      | D      |
| 4      | E      |
| 5      | A      |
| 5      | B      |
| 5      | C      |
| 5      | D      |
| 5      | E      |
+--------+--------+
25 rows in set (0.0077 sec)

 MySQL  localhost:3306 ssl  evaluacion_2  SQL > SELECT * FROM A, B ORDER BY A.NOMBRE, B.NOMBRE;
+--------+--------+
| NOMBRE | NOMBRE |
+--------+--------+
| 1      | A      |
| 1      | B      |
| 1      | C      |
| 1      | D      |
| 1      | E      |
| 2      | A      |
| 2      | B      |
| 2      | C      |
| 2      | D      |
| 2      | E      |
| 3      | A      |
| 3      | B      |
| 3      | C      |
| 3      | D      |
| 3      | E      |
| 4      | A      |
| 4      | B      |
| 4      | C      |
| 4      | D      |
| 4      | E      |
| 5      | A      |
| 5      | B      |
| 5      | C      |
| 5      | D      |
| 5      | E      |
+--------+--------+
25 rows in set (0.0008 sec)

 MySQL  localhost:3306 ssl  evaluacion_2  SQL > SELECT * FROM B,A ORDER BY B.NOMBRE, A.NOMBRE;
+--------+--------+
| NOMBRE | NOMBRE |
+--------+--------+
| A      | 1      |
| A      | 2      |
| A      | 3      |
| A      | 4      |
| A      | 5      |
| B      | 1      |
| B      | 2      |
| B      | 3      |
| B      | 4      |
| B      | 5      |
| C      | 1      |
| C      | 2      |
| C      | 3      |
| C      | 4      |
| C      | 5      |
| D      | 1      |
| D      | 2      |
| D      | 3      |
| D      | 4      |
| D      | 5      |
| E      | 1      |
| E      | 2      |
| E      | 3      |
| E      | 4      |
| E      | 5      |
+--------+--------+
25 rows in set (0.0008 sec)

 MySQL  localhost:3306 ssl  evaluacion_2  SQL > SELECT * FROM A,B ORDER BY B.NOMBRE, A.NOMBRE;
+--------+--------+
| NOMBRE | NOMBRE |
+--------+--------+
| 1      | A      |
| 2      | A      |
| 3      | A      |
| 4      | A      |
| 5      | A      |
| 1      | B      |
| 2      | B      |
| 3      | B      |
| 4      | B      |
| 5      | B      |
| 1      | C      |
| 2      | C      |
| 3      | C      |
| 4      | C      |
| 5      | C      |
| 1      | D      |
| 2      | D      |
| 3      | D      |
| 4      | D      |
| 5      | D      |
| 1      | E      |
| 2      | E      |
| 3      | E      |
| 4      | E      |
| 5      | E      |
+--------+--------+
25 rows in set (0.0009 sec)

 MySQL  localhost:3306 ssl  evaluacion_2  SQL > SELECT B.NOMBRE AS NOMBRE_B, A.NOMBRE AS NOMBRE_A FROM B TABLA B, A TABLA A ORDER BY TABLA_B.NOMBRE, TABLA_A.NOMBRE;
ERROR: 1064 (42000): You have an error in your SQL syntax; check the manual that corresponds to your MySQL server version for the right syntax to use near 'B, A TABLA A ORDER BY TABLA_B.NOMBRE, TABLA_A.NOMBRE' at line 1

 MySQL  localhost:3306 ssl  evaluacion_2  SQL > SELECT B.NOMBRE AS NOMBRE_B, A.NOMBRE AS NOMBRE_A FROM B TABLA_B, A TABLA_A ORDER BY TABLA_B.NOMBRE, TABLA_A.NOMBRE;
ERROR: 1054 (42S22): Unknown column 'B.NOMBRE' in 'field list'
                                                SELECT TABLA_B.NOMBRE AS NOMBRE_B, TABLA_A.NOMBRE AS NOMBRE_A FROM B TABLA_B, A TABLA_A ORDER BY TABLA_B.NOMBRE, TABLA_A.NOMBRE;QL  localhost:3306 ssl  evaluacion_2  SQL > SELECT TAB.NOMBRE AS NOMBRE_B, TABLA_A.NOMBRE AS NOMBRE_A FROM B TABLA_B, A TABLA_A ORDER BY TABLA_B.NOMBRE, TABLA_A.NOMBRE;
+----------+----------+
| NOMBRE_B | NOMBRE_A |
+----------+----------+
| A        | 1        |
| A        | 2        |
| A        | 3        |
| A        | 4        |
| A        | 5        |
| B        | 1        |
| B        | 2        |
| B        | 3        |
| B        | 4        |
| B        | 5        |
| C        | 1        |
| C        | 2        |
| C        | 3        |
| C        | 4        |
| C        | 5        |
| D        | 1        |
| D        | 2        |
| D        | 3        |
| D        | 4        |
| D        | 5        |
| E        | 1        |
| E        | 2        |
| E        | 3        |
| E        | 4        |
| E        | 5        |
+----------+----------+
25 rows in set (0.0006 sec)

 MySQL  localhost:3306 ssl  evaluacion_2  SQL > SELECT * FROM A MITABLA_A;
+--------+
| NOMBRE |
+--------+
| 1      |
| 2      |
| 3      |
| 4      |
| 5      |
+--------+
5 rows in set (0.0005 sec)

 MySQL  localhost:3306 ssl  evaluacion_2  SQL > SELECT MITABLA_A FROM A MITABLA_A;
ERROR: 1054 (42S22): Unknown column 'MITABLA_A' in 'field list'

 MySQL  localhost:3306 ssl  evaluacion_2  SQL > SELECT MITABLA_A.NOMBRE FROM A MITABLA_A;
+--------+
| NOMBRE |
+--------+
| 1      |
| 2      |
| 3      |
| 4      |
| 5      |
+--------+
5 rows in set (0.0005 sec)

 MySQL  localhost:3306 ssl  evaluacion_2  SQL >
MySQL Shell 8.0.12

Copyright (c) 2016, 2018, Oracle and/or its affiliates. All rights reserved.

Oracle is a registered trademark of Oracle Corporation and/or its
affiliates. Other names may be trademarks of their respective
owners.

Type '\help' or '\?' for help; '\quit' to exit.


 MySQL  JS > \sql
Switching to SQL mode... Commands end with ;

 MySQL  SQL > \connect -c root@localhost
The -c option is deprecated, please use --mysql or -mc instead
Creating a Classic session to 'root@localhost'
Please provide the password for 'root@localhost': ****
Save password for 'root@localhost:3306'? [Y]es/[N]o/Ne[v]er (default No): y
Fetching schema names for autocompletion... Press ^C to stop.
Your MySQL connection id is 154
Server version: 8.0.12 MySQL Community Server - GPL
No default schema selected; type \use <schema> to set one.

 MySQL  localhost:3306 ssl  SQL > \use sakila
Default schema set to `sakila`.
Fetching table and column names from `sakila` for auto-completion... Press ^C to stop.

 MySQL  localhost:3306 ssl  sakila  SQL > show tables;
+----------------------------+
| Tables_in_sakila           |
+----------------------------+
| actor                      |
| actor_info                 |
| address                    |
| category                   |
| city                       |
| country                    |
| customer                   |
| customer_list              |
| film                       |
| film_actor                 |
| film_category              |
| film_list                  |
| film_text                  |
| inventory                  |
| language                   |
| nicer_but_slower_film_list |
| payment                    |
| rental                     |
| sales_by_film_category     |
| sales_by_store             |
| staff                      |
| staff_list                 |
| store                      |
+----------------------------+
23 rows in set (0.0019 sec)

 MySQL  localhost:3306 ssl  sakila  SQL > select count(*) from staff;
+----------+
| count(*) |
+----------+
|        2 |
+----------+
1 row in set (0.0007 sec)

 MySQL  localhost:3306 ssl  sakila  SQL > desc actor;
+-------------+----------------------+------+-----+-------------------+-----------------------------+
| Field       | Type                 | Null | Key | Default           | Extra                       |
+-------------+----------------------+------+-----+-------------------+-----------------------------+
| actor_id    | smallint(5) unsigned | NO   | PRI | NULL              | auto_increment              |
| first_name  | varchar(45)          | NO   |     | NULL              |                             |
| last_name   | varchar(45)          | NO   | MUL | NULL              |                             |
| last_update | timestamp            | NO   |     | CURRENT_TIMESTAMP | on update CURRENT_TIMESTAMP |
+-------------+----------------------+------+-----+-------------------+-----------------------------+
4 rows in set (0.0024 sec)

 MySQL  localhost:3306 ssl  sakila  SQL > desc customer;
+-------------+----------------------+------+-----+-------------------+-----------------------------+
| Field       | Type                 | Null | Key | Default           | Extra                       |
+-------------+----------------------+------+-----+-------------------+-----------------------------+
| customer_id | smallint(5) unsigned | NO   | PRI | NULL              | auto_increment              |
| store_id    | tinyint(3) unsigned  | NO   | MUL | NULL              |                             |
| first_name  | varchar(45)          | NO   |     | NULL              |                             |
| last_name   | varchar(45)          | NO   | MUL | NULL              |                             |
| email       | varchar(50)          | YES  |     | NULL              |                             |
| address_id  | smallint(5) unsigned | NO   | MUL | NULL              |                             |
| active      | tinyint(1)           | NO   |     | 1                 |                             |
| create_date | datetime             | NO   |     | NULL              |                             |
| last_update | timestamp            | YES  |     | CURRENT_TIMESTAMP | on update CURRENT_TIMESTAMP |
+-------------+----------------------+------+-----+-------------------+-----------------------------+
9 rows in set (0.0017 sec)

 MySQL  localhost:3306 ssl  sakila  SQL > desc staff;
+-------------+----------------------+------+-----+-------------------+-----------------------------+
| Field       | Type                 | Null | Key | Default           | Extra                       |
+-------------+----------------------+------+-----+-------------------+-----------------------------+
| staff_id    | tinyint(3) unsigned  | NO   | PRI | NULL              | auto_increment              |
| first_name  | varchar(45)          | NO   |     | NULL              |                             |
| last_name   | varchar(45)          | NO   |     | NULL              |                             |
| address_id  | smallint(5) unsigned | NO   | MUL | NULL              |                             |
| picture     | blob                 | YES  |     | NULL              |                             |
| email       | varchar(50)          | YES  |     | NULL              |                             |
| store_id    | tinyint(3) unsigned  | NO   | MUL | NULL              |                             |
| active      | tinyint(1)           | NO   |     | 1                 |                             |
| username    | varchar(16)          | NO   |     | NULL              |                             |
| password    | varchar(40)          | YES  |     | NULL              |                             |
| last_update | timestamp            | NO   |     | CURRENT_TIMESTAMP | on update CURRENT_TIMESTAMP |
+-------------+----------------------+------+-----+-------------------+-----------------------------+
11 rows in set (0.0022 sec)

 MySQL  localhost:3306 ssl  sakila  SQL > select first_name, last_name from actor;
+-------------+--------------+
| first_name  | last_name    |
+-------------+--------------+
| PENELOPE    | GUINESS      |
| NICK        | WAHLBERG     |
| ED          | CHASE        |
| JENNIFER    | DAVIS        |
| JOHNNY      | LOLLOBRIGIDA |
| BETTE       | NICHOLSON    |
| GRACE       | MOSTEL       |
| MATTHEW     | JOHANSSON    |
| JOE         | SWANK        |
| CHRISTIAN   | GABLE        |
| ZERO        | CAGE         |
| KARL        | BERRY        |
| UMA         | WOOD         |
| VIVIEN      | BERGEN       |
| CUBA        | OLIVIER      |
| FRED        | COSTNER      |
| HELEN       | VOIGHT       |
| DAN         | TORN         |
| BOB         | FAWCETT      |
| LUCILLE     | TRACY        |
| KIRSTEN     | PALTROW      |
| ELVIS       | MARX         |
| SANDRA      | KILMER       |
| CAMERON     | STREEP       |
| KEVIN       | BLOOM        |
| RIP         | CRAWFORD     |
| JULIA       | MCQUEEN      |
| WOODY       | HOFFMAN      |
| ALEC        | WAYNE        |
| SANDRA      | PECK         |
| SISSY       | SOBIESKI     |
| TIM         | HACKMAN      |
| MILLA       | PECK         |
| AUDREY      | OLIVIER      |
| JUDY        | DEAN         |
| BURT        | DUKAKIS      |
| VAL         | BOLGER       |
| TOM         | MCKELLEN     |
| GOLDIE      | BRODY        |
| JOHNNY      | CAGE         |
| JODIE       | DEGENERES    |
| TOM         | MIRANDA      |
| KIRK        | JOVOVICH     |
| NICK        | STALLONE     |
| REESE       | KILMER       |
| PARKER      | GOLDBERG     |
| JULIA       | BARRYMORE    |
| FRANCES     | DAY-LEWIS    |
| ANNE        | CRONYN       |
| NATALIE     | HOPKINS      |
| GARY        | PHOENIX      |
| CARMEN      | HUNT         |
| MENA        | TEMPLE       |
| PENELOPE    | PINKETT      |
| FAY         | KILMER       |
| DAN         | HARRIS       |
| JUDE        | CRUISE       |
| CHRISTIAN   | AKROYD       |
| DUSTIN      | TAUTOU       |
| HENRY       | BERRY        |
| CHRISTIAN   | NEESON       |
| JAYNE       | NEESON       |
| CAMERON     | WRAY         |
| RAY         | JOHANSSON    |
| ANGELA      | HUDSON       |
| MARY        | TANDY        |
| JESSICA     | BAILEY       |
| RIP         | WINSLET      |
| KENNETH     | PALTROW      |
| MICHELLE    | MCCONAUGHEY  |
| ADAM        | GRANT        |
| SEAN        | WILLIAMS     |
| GARY        | PENN         |
| MILLA       | KEITEL       |
| BURT        | POSEY        |
| ANGELINA    | ASTAIRE      |
| CARY        | MCCONAUGHEY  |
| GROUCHO     | SINATRA      |
| MAE         | HOFFMAN      |
| RALPH       | CRUZ         |
| SCARLETT    | DAMON        |
| WOODY       | JOLIE        |
| BEN         | WILLIS       |
| JAMES       | PITT         |
| MINNIE      | ZELLWEGER    |
| GREG        | CHAPLIN      |
| SPENCER     | PECK         |
| KENNETH     | PESCI        |
| CHARLIZE    | DENCH        |
| SEAN        | GUINESS      |
| CHRISTOPHER | BERRY        |
| KIRSTEN     | AKROYD       |
| ELLEN       | PRESLEY      |
| KENNETH     | TORN         |
| DARYL       | WAHLBERG     |
| GENE        | WILLIS       |
| MEG         | HAWKE        |
| CHRIS       | BRIDGES      |
| JIM         | MOSTEL       |
| SPENCER     | DEPP         |
| SUSAN       | DAVIS        |
| WALTER      | TORN         |
| MATTHEW     | LEIGH        |
| PENELOPE    | CRONYN       |
| SIDNEY      | CROWE        |
| GROUCHO     | DUNST        |
| GINA        | DEGENERES    |
| WARREN      | NOLTE        |
| SYLVESTER   | DERN         |
| SUSAN       | DAVIS        |
| CAMERON     | ZELLWEGER    |
| RUSSELL     | BACALL       |
| MORGAN      | HOPKINS      |
| MORGAN      | MCDORMAND    |
| HARRISON    | BALE         |
| DAN         | STREEP       |
| RENEE       | TRACY        |
| CUBA        | ALLEN        |
| WARREN      | JACKMAN      |
| PENELOPE    | MONROE       |
| LIZA        | BERGMAN      |
| SALMA       | NOLTE        |
| JULIANNE    | DENCH        |
| SCARLETT    | BENING       |
| ALBERT      | NOLTE        |
| FRANCES     | TOMEI        |
| KEVIN       | GARLAND      |
| CATE        | MCQUEEN      |
| DARYL       | CRAWFORD     |
| GRETA       | KEITEL       |
| JANE        | JACKMAN      |
| ADAM        | HOPPER       |
| RICHARD     | PENN         |
| GENE        | HOPKINS      |
| RITA        | REYNOLDS     |
| ED          | MANSFIELD    |
| MORGAN      | WILLIAMS     |
| LUCILLE     | DEE          |
| EWAN        | GOODING      |
| WHOOPI      | HURT         |
| CATE        | HARRIS       |
| JADA        | RYDER        |
| RIVER       | DEAN         |
| ANGELA      | WITHERSPOON  |
| KIM         | ALLEN        |
| ALBERT      | JOHANSSON    |
| FAY         | WINSLET      |
| EMILY       | DEE          |
| RUSSELL     | TEMPLE       |
| JAYNE       | NOLTE        |
| GEOFFREY    | HESTON       |
| BEN         | HARRIS       |
| MINNIE      | KILMER       |
| MERYL       | GIBSON       |
| IAN         | TANDY        |
| FAY         | WOOD         |
| GRETA       | MALDEN       |
| VIVIEN      | BASINGER     |
| LAURA       | BRODY        |
| CHRIS       | DEPP         |
| HARVEY      | HOPE         |
| OPRAH       | KILMER       |
| CHRISTOPHER | WEST         |
| HUMPHREY    | WILLIS       |
| AL          | GARLAND      |
| NICK        | DEGENERES    |
| LAURENCE    | BULLOCK      |
| WILL        | WILSON       |
| KENNETH     | HOFFMAN      |
| MENA        | HOPPER       |
| OLYMPIA     | PFEIFFER     |
| GROUCHO     | WILLIAMS     |
| ALAN        | DREYFUSS     |
| MICHAEL     | BENING       |
| WILLIAM     | HACKMAN      |
| JON         | CHASE        |
| GENE        | MCKELLEN     |
| LISA        | MONROE       |
| ED          | GUINESS      |
| JEFF        | SILVERSTONE  |
| MATTHEW     | CARREY       |
| DEBBIE      | AKROYD       |
| RUSSELL     | CLOSE        |
| HUMPHREY    | GARLAND      |
| MICHAEL     | BOLGER       |
| JULIA       | ZELLWEGER    |
| RENEE       | BALL         |
| ROCK        | DUKAKIS      |
| CUBA        | BIRCH        |
| AUDREY      | BAILEY       |
| GREGORY     | GOODING      |
| JOHN        | SUVARI       |
| BURT        | TEMPLE       |
| MERYL       | ALLEN        |
| JAYNE       | SILVERSTONE  |
| BELA        | WALKEN       |
| REESE       | WEST         |
| MARY        | KEITEL       |
| JULIA       | FAWCETT      |
| THORA       | TEMPLE       |
+-------------+--------------+
200 rows in set (0.0058 sec)

 MySQL  localhost:3306 ssl  sakila  SQL > select count(*) from actor;
+----------+
| count(*) |
+----------+
|      200 |
+----------+
1 row in set (0.0006 sec)

 MySQL  localhost:3306 ssl  sakila  SQL > select count(*) from customer;
+----------+
| count(*) |
+----------+
|      599 |
+----------+
1 row in set (0.0072 sec)

 MySQL  localhost:3306 ssl  sakila  SQL > select first_name, last_name from actor limit 10;
+------------+--------------+
| first_name | last_name    |
+------------+--------------+
| PENELOPE   | GUINESS      |
| NICK       | WAHLBERG     |
| ED         | CHASE        |
| JENNIFER   | DAVIS        |
| JOHNNY     | LOLLOBRIGIDA |
| BETTE      | NICHOLSON    |
| GRACE      | MOSTEL       |
| MATTHEW    | JOHANSSON    |
| JOE        | SWANK        |
| CHRISTIAN  | GABLE        |
+------------+--------------+
10 rows in set (0.0005 sec)

 MySQL  localhost:3306 ssl  sakila  SQL > select first_name, last_name from actor limit 1;
+------------+-----------+
| first_name | last_name |
+------------+-----------+
| PENELOPE   | GUINESS   |
+------------+-----------+
1 row in set (0.0008 sec)

 MySQL  localhost:3306 ssl  sakila  SQL > select first_name, last_name from actor order by last_name limit 1;
+------------+-----------+
| first_name | last_name |
+------------+-----------+
| CHRISTIAN  | AKROYD    |
+------------+-----------+
1 row in set (0.0074 sec)

 MySQL  localhost:3306 ssl  sakila  SQL > select first_name, last_name from actor order by last_name desc limit 1;
+------------+-----------+
| first_name | last_name |
+------------+-----------+
| JULIA      | ZELLWEGER |
+------------+-----------+
1 row in set (0.0006 sec)

 MySQL  localhost:3306 ssl  sakila  SQL > \use evaluacion_2
Default schema set to `evaluacion_2`.
Fetching table and column names from `evaluacion_2` for auto-completion... Press ^C to stop.

 MySQL  localhost:3306 ssl  evaluacion_2  SQL > select * from a
                                            ... union
                                            ... select * from b;
+--------+
| NOMBRE |
+--------+
| 1      |
| 2      |
| 3      |
| 4      |
| 5      |
| A      |
| B      |
| C      |
| D      |
| E      |
+--------+
10 rows in set (0.0092 sec)

 MySQL  localhost:3306 ssl  evaluacion_2  SQL > select 'A', nombre from a
                                            ... union
                                            ... select 'B', nombre from b;
+---+--------+
| A | nombre |
+---+--------+
| A | 1      |
| A | 2      |
| A | 3      |
| A | 4      |
| A | 5      |
| B | A      |
| B | B      |
| B | C      |
| B | D      |
| B | E      |
+---+--------+
10 rows in set (0.0007 sec)

 MySQL  localhost:3306 ssl  evaluacion_2  SQL > \use sakila
Default schema set to `sakila`.
Fetching table and column names from `sakila` for auto-completion... Press ^C to stop.

 MySQL  localhost:3306 ssl  sakila  SQL > show tables;
+----------------------------+
| Tables_in_sakila           |
+----------------------------+
| actor                      |
| actor_info                 |
| address                    |
| category                   |
| city                       |
| country                    |
| customer                   |
| customer_list              |
| film                       |
| film_actor                 |
| film_category              |
| film_list                  |
| film_text                  |
| inventory                  |
| language                   |
| nicer_but_slower_film_list |
| payment                    |
| rental                     |
| sales_by_film_category     |
| sales_by_store             |
| staff                      |
| staff_list                 |
| store                      |
+----------------------------+
23 rows in set (0.0023 sec)

 MySQL  localhost:3306 ssl  sakila  SQL > select first_name, last_name from actor
                                      ... union
                                      ... select first_name, last_name from staff;
+-------------+--------------+
| first_name  | last_name    |
+-------------+--------------+
| PENELOPE    | GUINESS      |
| NICK        | WAHLBERG     |
| ED          | CHASE        |
| JENNIFER    | DAVIS        |
| JOHNNY      | LOLLOBRIGIDA |
| BETTE       | NICHOLSON    |
| GRACE       | MOSTEL       |
| MATTHEW     | JOHANSSON    |
| JOE         | SWANK        |
| CHRISTIAN   | GABLE        |
| ZERO        | CAGE         |
| KARL        | BERRY        |
| UMA         | WOOD         |
| VIVIEN      | BERGEN       |
| CUBA        | OLIVIER      |
| FRED        | COSTNER      |
| HELEN       | VOIGHT       |
| DAN         | TORN         |
| BOB         | FAWCETT      |
| LUCILLE     | TRACY        |
| KIRSTEN     | PALTROW      |
| ELVIS       | MARX         |
| SANDRA      | KILMER       |
| CAMERON     | STREEP       |
| KEVIN       | BLOOM        |
| RIP         | CRAWFORD     |
| JULIA       | MCQUEEN      |
| WOODY       | HOFFMAN      |
| ALEC        | WAYNE        |
| SANDRA      | PECK         |
| SISSY       | SOBIESKI     |
| TIM         | HACKMAN      |
| MILLA       | PECK         |
| AUDREY      | OLIVIER      |
| JUDY        | DEAN         |
| BURT        | DUKAKIS      |
| VAL         | BOLGER       |
| TOM         | MCKELLEN     |
| GOLDIE      | BRODY        |
| JOHNNY      | CAGE         |
| JODIE       | DEGENERES    |
| TOM         | MIRANDA      |
| KIRK        | JOVOVICH     |
| NICK        | STALLONE     |
| REESE       | KILMER       |
| PARKER      | GOLDBERG     |
| JULIA       | BARRYMORE    |
| FRANCES     | DAY-LEWIS    |
| ANNE        | CRONYN       |
| NATALIE     | HOPKINS      |
| GARY        | PHOENIX      |
| CARMEN      | HUNT         |
| MENA        | TEMPLE       |
| PENELOPE    | PINKETT      |
| FAY         | KILMER       |
| DAN         | HARRIS       |
| JUDE        | CRUISE       |
| CHRISTIAN   | AKROYD       |
| DUSTIN      | TAUTOU       |
| HENRY       | BERRY        |
| CHRISTIAN   | NEESON       |
| JAYNE       | NEESON       |
| CAMERON     | WRAY         |
| RAY         | JOHANSSON    |
| ANGELA      | HUDSON       |
| MARY        | TANDY        |
| JESSICA     | BAILEY       |
| RIP         | WINSLET      |
| KENNETH     | PALTROW      |
| MICHELLE    | MCCONAUGHEY  |
| ADAM        | GRANT        |
| SEAN        | WILLIAMS     |
| GARY        | PENN         |
| MILLA       | KEITEL       |
| BURT        | POSEY        |
| ANGELINA    | ASTAIRE      |
| CARY        | MCCONAUGHEY  |
| GROUCHO     | SINATRA      |
| MAE         | HOFFMAN      |
| RALPH       | CRUZ         |
| SCARLETT    | DAMON        |
| WOODY       | JOLIE        |
| BEN         | WILLIS       |
| JAMES       | PITT         |
| MINNIE      | ZELLWEGER    |
| GREG        | CHAPLIN      |
| SPENCER     | PECK         |
| KENNETH     | PESCI        |
| CHARLIZE    | DENCH        |
| SEAN        | GUINESS      |
| CHRISTOPHER | BERRY        |
| KIRSTEN     | AKROYD       |
| ELLEN       | PRESLEY      |
| KENNETH     | TORN         |
| DARYL       | WAHLBERG     |
| GENE        | WILLIS       |
| MEG         | HAWKE        |
| CHRIS       | BRIDGES      |
| JIM         | MOSTEL       |
| SPENCER     | DEPP         |
| SUSAN       | DAVIS        |
| WALTER      | TORN         |
| MATTHEW     | LEIGH        |
| PENELOPE    | CRONYN       |
| SIDNEY      | CROWE        |
| GROUCHO     | DUNST        |
| GINA        | DEGENERES    |
| WARREN      | NOLTE        |
| SYLVESTER   | DERN         |
| CAMERON     | ZELLWEGER    |
| RUSSELL     | BACALL       |
| MORGAN      | HOPKINS      |
| MORGAN      | MCDORMAND    |
| HARRISON    | BALE         |
| DAN         | STREEP       |
| RENEE       | TRACY        |
| CUBA        | ALLEN        |
| WARREN      | JACKMAN      |
| PENELOPE    | MONROE       |
| LIZA        | BERGMAN      |
| SALMA       | NOLTE        |
| JULIANNE    | DENCH        |
| SCARLETT    | BENING       |
| ALBERT      | NOLTE        |
| FRANCES     | TOMEI        |
| KEVIN       | GARLAND      |
| CATE        | MCQUEEN      |
| DARYL       | CRAWFORD     |
| GRETA       | KEITEL       |
| JANE        | JACKMAN      |
| ADAM        | HOPPER       |
| RICHARD     | PENN         |
| GENE        | HOPKINS      |
| RITA        | REYNOLDS     |
| ED          | MANSFIELD    |
| MORGAN      | WILLIAMS     |
| LUCILLE     | DEE          |
| EWAN        | GOODING      |
| WHOOPI      | HURT         |
| CATE        | HARRIS       |
| JADA        | RYDER        |
| RIVER       | DEAN         |
| ANGELA      | WITHERSPOON  |
| KIM         | ALLEN        |
| ALBERT      | JOHANSSON    |
| FAY         | WINSLET      |
| EMILY       | DEE          |
| RUSSELL     | TEMPLE       |
| JAYNE       | NOLTE        |
| GEOFFREY    | HESTON       |
| BEN         | HARRIS       |
| MINNIE      | KILMER       |
| MERYL       | GIBSON       |
| IAN         | TANDY        |
| FAY         | WOOD         |
| GRETA       | MALDEN       |
| VIVIEN      | BASINGER     |
| LAURA       | BRODY        |
| CHRIS       | DEPP         |
| HARVEY      | HOPE         |
| OPRAH       | KILMER       |
| CHRISTOPHER | WEST         |
| HUMPHREY    | WILLIS       |
| AL          | GARLAND      |
| NICK        | DEGENERES    |
| LAURENCE    | BULLOCK      |
| WILL        | WILSON       |
| KENNETH     | HOFFMAN      |
| MENA        | HOPPER       |
| OLYMPIA     | PFEIFFER     |
| GROUCHO     | WILLIAMS     |
| ALAN        | DREYFUSS     |
| MICHAEL     | BENING       |
| WILLIAM     | HACKMAN      |
| JON         | CHASE        |
| GENE        | MCKELLEN     |
| LISA        | MONROE       |
| ED          | GUINESS      |
| JEFF        | SILVERSTONE  |
| MATTHEW     | CARREY       |
| DEBBIE      | AKROYD       |
| RUSSELL     | CLOSE        |
| HUMPHREY    | GARLAND      |
| MICHAEL     | BOLGER       |
| JULIA       | ZELLWEGER    |
| RENEE       | BALL         |
| ROCK        | DUKAKIS      |
| CUBA        | BIRCH        |
| AUDREY      | BAILEY       |
| GREGORY     | GOODING      |
| JOHN        | SUVARI       |
| BURT        | TEMPLE       |
| MERYL       | ALLEN        |
| JAYNE       | SILVERSTONE  |
| BELA        | WALKEN       |
| REESE       | WEST         |
| MARY        | KEITEL       |
| JULIA       | FAWCETT      |
| THORA       | TEMPLE       |
| Mike        | Hillyer      |
| Jon         | Stephens     |
+-------------+--------------+
201 rows in set (0.0009 sec)

 MySQL  localhost:3306 ssl  sakila  SQL > select 'actor', first_name, last_name from actor
                                      ... union
                                      ... select 'staff', first_name, last_name from staff;
+-------+-------------+--------------+
| actor | first_name  | last_name    |
+-------+-------------+--------------+
| actor | PENELOPE    | GUINESS      |
| actor | NICK        | WAHLBERG     |
| actor | ED          | CHASE        |
| actor | JENNIFER    | DAVIS        |
| actor | JOHNNY      | LOLLOBRIGIDA |
| actor | BETTE       | NICHOLSON    |
| actor | GRACE       | MOSTEL       |
| actor | MATTHEW     | JOHANSSON    |
| actor | JOE         | SWANK        |
| actor | CHRISTIAN   | GABLE        |
| actor | ZERO        | CAGE         |
| actor | KARL        | BERRY        |
| actor | UMA         | WOOD         |
| actor | VIVIEN      | BERGEN       |
| actor | CUBA        | OLIVIER      |
| actor | FRED        | COSTNER      |
| actor | HELEN       | VOIGHT       |
| actor | DAN         | TORN         |
| actor | BOB         | FAWCETT      |
| actor | LUCILLE     | TRACY        |
| actor | KIRSTEN     | PALTROW      |
| actor | ELVIS       | MARX         |
| actor | SANDRA      | KILMER       |
| actor | CAMERON     | STREEP       |
| actor | KEVIN       | BLOOM        |
| actor | RIP         | CRAWFORD     |
| actor | JULIA       | MCQUEEN      |
| actor | WOODY       | HOFFMAN      |
| actor | ALEC        | WAYNE        |
| actor | SANDRA      | PECK         |
| actor | SISSY       | SOBIESKI     |
| actor | TIM         | HACKMAN      |
| actor | MILLA       | PECK         |
| actor | AUDREY      | OLIVIER      |
| actor | JUDY        | DEAN         |
| actor | BURT        | DUKAKIS      |
| actor | VAL         | BOLGER       |
| actor | TOM         | MCKELLEN     |
| actor | GOLDIE      | BRODY        |
| actor | JOHNNY      | CAGE         |
| actor | JODIE       | DEGENERES    |
| actor | TOM         | MIRANDA      |
| actor | KIRK        | JOVOVICH     |
| actor | NICK        | STALLONE     |
| actor | REESE       | KILMER       |
| actor | PARKER      | GOLDBERG     |
| actor | JULIA       | BARRYMORE    |
| actor | FRANCES     | DAY-LEWIS    |
| actor | ANNE        | CRONYN       |
| actor | NATALIE     | HOPKINS      |
| actor | GARY        | PHOENIX      |
| actor | CARMEN      | HUNT         |
| actor | MENA        | TEMPLE       |
| actor | PENELOPE    | PINKETT      |
| actor | FAY         | KILMER       |
| actor | DAN         | HARRIS       |
| actor | JUDE        | CRUISE       |
| actor | CHRISTIAN   | AKROYD       |
| actor | DUSTIN      | TAUTOU       |
| actor | HENRY       | BERRY        |
| actor | CHRISTIAN   | NEESON       |
| actor | JAYNE       | NEESON       |
| actor | CAMERON     | WRAY         |
| actor | RAY         | JOHANSSON    |
| actor | ANGELA      | HUDSON       |
| actor | MARY        | TANDY        |
| actor | JESSICA     | BAILEY       |
| actor | RIP         | WINSLET      |
| actor | KENNETH     | PALTROW      |
| actor | MICHELLE    | MCCONAUGHEY  |
| actor | ADAM        | GRANT        |
| actor | SEAN        | WILLIAMS     |
| actor | GARY        | PENN         |
| actor | MILLA       | KEITEL       |
| actor | BURT        | POSEY        |
| actor | ANGELINA    | ASTAIRE      |
| actor | CARY        | MCCONAUGHEY  |
| actor | GROUCHO     | SINATRA      |
| actor | MAE         | HOFFMAN      |
| actor | RALPH       | CRUZ         |
| actor | SCARLETT    | DAMON        |
| actor | WOODY       | JOLIE        |
| actor | BEN         | WILLIS       |
| actor | JAMES       | PITT         |
| actor | MINNIE      | ZELLWEGER    |
| actor | GREG        | CHAPLIN      |
| actor | SPENCER     | PECK         |
| actor | KENNETH     | PESCI        |
| actor | CHARLIZE    | DENCH        |
| actor | SEAN        | GUINESS      |
| actor | CHRISTOPHER | BERRY        |
| actor | KIRSTEN     | AKROYD       |
| actor | ELLEN       | PRESLEY      |
| actor | KENNETH     | TORN         |
| actor | DARYL       | WAHLBERG     |
| actor | GENE        | WILLIS       |
| actor | MEG         | HAWKE        |
| actor | CHRIS       | BRIDGES      |
| actor | JIM         | MOSTEL       |
| actor | SPENCER     | DEPP         |
| actor | SUSAN       | DAVIS        |
| actor | WALTER      | TORN         |
| actor | MATTHEW     | LEIGH        |
| actor | PENELOPE    | CRONYN       |
| actor | SIDNEY      | CROWE        |
| actor | GROUCHO     | DUNST        |
| actor | GINA        | DEGENERES    |
| actor | WARREN      | NOLTE        |
| actor | SYLVESTER   | DERN         |
| actor | CAMERON     | ZELLWEGER    |
| actor | RUSSELL     | BACALL       |
| actor | MORGAN      | HOPKINS      |
| actor | MORGAN      | MCDORMAND    |
| actor | HARRISON    | BALE         |
| actor | DAN         | STREEP       |
| actor | RENEE       | TRACY        |
| actor | CUBA        | ALLEN        |
| actor | WARREN      | JACKMAN      |
| actor | PENELOPE    | MONROE       |
| actor | LIZA        | BERGMAN      |
| actor | SALMA       | NOLTE        |
| actor | JULIANNE    | DENCH        |
| actor | SCARLETT    | BENING       |
| actor | ALBERT      | NOLTE        |
| actor | FRANCES     | TOMEI        |
| actor | KEVIN       | GARLAND      |
| actor | CATE        | MCQUEEN      |
| actor | DARYL       | CRAWFORD     |
| actor | GRETA       | KEITEL       |
| actor | JANE        | JACKMAN      |
| actor | ADAM        | HOPPER       |
| actor | RICHARD     | PENN         |
| actor | GENE        | HOPKINS      |
| actor | RITA        | REYNOLDS     |
| actor | ED          | MANSFIELD    |
| actor | MORGAN      | WILLIAMS     |
| actor | LUCILLE     | DEE          |
| actor | EWAN        | GOODING      |
| actor | WHOOPI      | HURT         |
| actor | CATE        | HARRIS       |
| actor | JADA        | RYDER        |
| actor | RIVER       | DEAN         |
| actor | ANGELA      | WITHERSPOON  |
| actor | KIM         | ALLEN        |
| actor | ALBERT      | JOHANSSON    |
| actor | FAY         | WINSLET      |
| actor | EMILY       | DEE          |
| actor | RUSSELL     | TEMPLE       |
| actor | JAYNE       | NOLTE        |
| actor | GEOFFREY    | HESTON       |
| actor | BEN         | HARRIS       |
| actor | MINNIE      | KILMER       |
| actor | MERYL       | GIBSON       |
| actor | IAN         | TANDY        |
| actor | FAY         | WOOD         |
| actor | GRETA       | MALDEN       |
| actor | VIVIEN      | BASINGER     |
| actor | LAURA       | BRODY        |
| actor | CHRIS       | DEPP         |
| actor | HARVEY      | HOPE         |
| actor | OPRAH       | KILMER       |
| actor | CHRISTOPHER | WEST         |
| actor | HUMPHREY    | WILLIS       |
| actor | AL          | GARLAND      |
| actor | NICK        | DEGENERES    |
| actor | LAURENCE    | BULLOCK      |
| actor | WILL        | WILSON       |
| actor | KENNETH     | HOFFMAN      |
| actor | MENA        | HOPPER       |
| actor | OLYMPIA     | PFEIFFER     |
| actor | GROUCHO     | WILLIAMS     |
| actor | ALAN        | DREYFUSS     |
| actor | MICHAEL     | BENING       |
| actor | WILLIAM     | HACKMAN      |
| actor | JON         | CHASE        |
| actor | GENE        | MCKELLEN     |
| actor | LISA        | MONROE       |
| actor | ED          | GUINESS      |
| actor | JEFF        | SILVERSTONE  |
| actor | MATTHEW     | CARREY       |
| actor | DEBBIE      | AKROYD       |
| actor | RUSSELL     | CLOSE        |
| actor | HUMPHREY    | GARLAND      |
| actor | MICHAEL     | BOLGER       |
| actor | JULIA       | ZELLWEGER    |
| actor | RENEE       | BALL         |
| actor | ROCK        | DUKAKIS      |
| actor | CUBA        | BIRCH        |
| actor | AUDREY      | BAILEY       |
| actor | GREGORY     | GOODING      |
| actor | JOHN        | SUVARI       |
| actor | BURT        | TEMPLE       |
| actor | MERYL       | ALLEN        |
| actor | JAYNE       | SILVERSTONE  |
| actor | BELA        | WALKEN       |
| actor | REESE       | WEST         |
| actor | MARY        | KEITEL       |
| actor | JULIA       | FAWCETT      |
| actor | THORA       | TEMPLE       |
| staff | Mike        | Hillyer      |
| staff | Jon         | Stephens     |
+-------+-------------+--------------+
201 rows in set (0.0011 sec)

 MySQL  localhost:3306 ssl  sakila  SQL > select 'actor'as TABLA, first_name, last_name from actor union select 'staff AS TABLA', first_name, last_name from staff;
+----------------+-------------+--------------+
| TABLA          | first_name  | last_name    |
+----------------+-------------+--------------+
| actor          | PENELOPE    | GUINESS      |
| actor          | NICK        | WAHLBERG     |
| actor          | ED          | CHASE        |
| actor          | JENNIFER    | DAVIS        |
| actor          | JOHNNY      | LOLLOBRIGIDA |
| actor          | BETTE       | NICHOLSON    |
| actor          | GRACE       | MOSTEL       |
| actor          | MATTHEW     | JOHANSSON    |
| actor          | JOE         | SWANK        |
| actor          | CHRISTIAN   | GABLE        |
| actor          | ZERO        | CAGE         |
| actor          | KARL        | BERRY        |
| actor          | UMA         | WOOD         |
| actor          | VIVIEN      | BERGEN       |
| actor          | CUBA        | OLIVIER      |
| actor          | FRED        | COSTNER      |
| actor          | HELEN       | VOIGHT       |
| actor          | DAN         | TORN         |
| actor          | BOB         | FAWCETT      |
| actor          | LUCILLE     | TRACY        |
| actor          | KIRSTEN     | PALTROW      |
| actor          | ELVIS       | MARX         |
| actor          | SANDRA      | KILMER       |
| actor          | CAMERON     | STREEP       |
| actor          | KEVIN       | BLOOM        |
| actor          | RIP         | CRAWFORD     |
| actor          | JULIA       | MCQUEEN      |
| actor          | WOODY       | HOFFMAN      |
| actor          | ALEC        | WAYNE        |
| actor          | SANDRA      | PECK         |
| actor          | SISSY       | SOBIESKI     |
| actor          | TIM         | HACKMAN      |
| actor          | MILLA       | PECK         |
| actor          | AUDREY      | OLIVIER      |
| actor          | JUDY        | DEAN         |
| actor          | BURT        | DUKAKIS      |
| actor          | VAL         | BOLGER       |
| actor          | TOM         | MCKELLEN     |
| actor          | GOLDIE      | BRODY        |
| actor          | JOHNNY      | CAGE         |
| actor          | JODIE       | DEGENERES    |
| actor          | TOM         | MIRANDA      |
| actor          | KIRK        | JOVOVICH     |
| actor          | NICK        | STALLONE     |
| actor          | REESE       | KILMER       |
| actor          | PARKER      | GOLDBERG     |
| actor          | JULIA       | BARRYMORE    |
| actor          | FRANCES     | DAY-LEWIS    |
| actor          | ANNE        | CRONYN       |
| actor          | NATALIE     | HOPKINS      |
| actor          | GARY        | PHOENIX      |
| actor          | CARMEN      | HUNT         |
| actor          | MENA        | TEMPLE       |
| actor          | PENELOPE    | PINKETT      |
| actor          | FAY         | KILMER       |
| actor          | DAN         | HARRIS       |
| actor          | JUDE        | CRUISE       |
| actor          | CHRISTIAN   | AKROYD       |
| actor          | DUSTIN      | TAUTOU       |
| actor          | HENRY       | BERRY        |
| actor          | CHRISTIAN   | NEESON       |
| actor          | JAYNE       | NEESON       |
| actor          | CAMERON     | WRAY         |
| actor          | RAY         | JOHANSSON    |
| actor          | ANGELA      | HUDSON       |
| actor          | MARY        | TANDY        |
| actor          | JESSICA     | BAILEY       |
| actor          | RIP         | WINSLET      |
| actor          | KENNETH     | PALTROW      |
| actor          | MICHELLE    | MCCONAUGHEY  |
| actor          | ADAM        | GRANT        |
| actor          | SEAN        | WILLIAMS     |
| actor          | GARY        | PENN         |
| actor          | MILLA       | KEITEL       |
| actor          | BURT        | POSEY        |
| actor          | ANGELINA    | ASTAIRE      |
| actor          | CARY        | MCCONAUGHEY  |
| actor          | GROUCHO     | SINATRA      |
| actor          | MAE         | HOFFMAN      |
| actor          | RALPH       | CRUZ         |
| actor          | SCARLETT    | DAMON        |
| actor          | WOODY       | JOLIE        |
| actor          | BEN         | WILLIS       |
| actor          | JAMES       | PITT         |
| actor          | MINNIE      | ZELLWEGER    |
| actor          | GREG        | CHAPLIN      |
| actor          | SPENCER     | PECK         |
| actor          | KENNETH     | PESCI        |
| actor          | CHARLIZE    | DENCH        |
| actor          | SEAN        | GUINESS      |
| actor          | CHRISTOPHER | BERRY        |
| actor          | KIRSTEN     | AKROYD       |
| actor          | ELLEN       | PRESLEY      |
| actor          | KENNETH     | TORN         |
| actor          | DARYL       | WAHLBERG     |
| actor          | GENE        | WILLIS       |
| actor          | MEG         | HAWKE        |
| actor          | CHRIS       | BRIDGES      |
| actor          | JIM         | MOSTEL       |
| actor          | SPENCER     | DEPP         |
| actor          | SUSAN       | DAVIS        |
| actor          | WALTER      | TORN         |
| actor          | MATTHEW     | LEIGH        |
| actor          | PENELOPE    | CRONYN       |
| actor          | SIDNEY      | CROWE        |
| actor          | GROUCHO     | DUNST        |
| actor          | GINA        | DEGENERES    |
| actor          | WARREN      | NOLTE        |
| actor          | SYLVESTER   | DERN         |
| actor          | CAMERON     | ZELLWEGER    |
| actor          | RUSSELL     | BACALL       |
| actor          | MORGAN      | HOPKINS      |
| actor          | MORGAN      | MCDORMAND    |
| actor          | HARRISON    | BALE         |
| actor          | DAN         | STREEP       |
| actor          | RENEE       | TRACY        |
| actor          | CUBA        | ALLEN        |
| actor          | WARREN      | JACKMAN      |
| actor          | PENELOPE    | MONROE       |
| actor          | LIZA        | BERGMAN      |
| actor          | SALMA       | NOLTE        |
| actor          | JULIANNE    | DENCH        |
| actor          | SCARLETT    | BENING       |
| actor          | ALBERT      | NOLTE        |
| actor          | FRANCES     | TOMEI        |
| actor          | KEVIN       | GARLAND      |
| actor          | CATE        | MCQUEEN      |
| actor          | DARYL       | CRAWFORD     |
| actor          | GRETA       | KEITEL       |
| actor          | JANE        | JACKMAN      |
| actor          | ADAM        | HOPPER       |
| actor          | RICHARD     | PENN         |
| actor          | GENE        | HOPKINS      |
| actor          | RITA        | REYNOLDS     |
| actor          | ED          | MANSFIELD    |
| actor          | MORGAN      | WILLIAMS     |
| actor          | LUCILLE     | DEE          |
| actor          | EWAN        | GOODING      |
| actor          | WHOOPI      | HURT         |
| actor          | CATE        | HARRIS       |
| actor          | JADA        | RYDER        |
| actor          | RIVER       | DEAN         |
| actor          | ANGELA      | WITHERSPOON  |
| actor          | KIM         | ALLEN        |
| actor          | ALBERT      | JOHANSSON    |
| actor          | FAY         | WINSLET      |
| actor          | EMILY       | DEE          |
| actor          | RUSSELL     | TEMPLE       |
| actor          | JAYNE       | NOLTE        |
| actor          | GEOFFREY    | HESTON       |
| actor          | BEN         | HARRIS       |
| actor          | MINNIE      | KILMER       |
| actor          | MERYL       | GIBSON       |
| actor          | IAN         | TANDY        |
| actor          | FAY         | WOOD         |
| actor          | GRETA       | MALDEN       |
| actor          | VIVIEN      | BASINGER     |
| actor          | LAURA       | BRODY        |
| actor          | CHRIS       | DEPP         |
| actor          | HARVEY      | HOPE         |
| actor          | OPRAH       | KILMER       |
| actor          | CHRISTOPHER | WEST         |
| actor          | HUMPHREY    | WILLIS       |
| actor          | AL          | GARLAND      |
| actor          | NICK        | DEGENERES    |
| actor          | LAURENCE    | BULLOCK      |
| actor          | WILL        | WILSON       |
| actor          | KENNETH     | HOFFMAN      |
| actor          | MENA        | HOPPER       |
| actor          | OLYMPIA     | PFEIFFER     |
| actor          | GROUCHO     | WILLIAMS     |
| actor          | ALAN        | DREYFUSS     |
| actor          | MICHAEL     | BENING       |
| actor          | WILLIAM     | HACKMAN      |
| actor          | JON         | CHASE        |
| actor          | GENE        | MCKELLEN     |
| actor          | LISA        | MONROE       |
| actor          | ED          | GUINESS      |
| actor          | JEFF        | SILVERSTONE  |
| actor          | MATTHEW     | CARREY       |
| actor          | DEBBIE      | AKROYD       |
| actor          | RUSSELL     | CLOSE        |
| actor          | HUMPHREY    | GARLAND      |
| actor          | MICHAEL     | BOLGER       |
| actor          | JULIA       | ZELLWEGER    |
| actor          | RENEE       | BALL         |
| actor          | ROCK        | DUKAKIS      |
| actor          | CUBA        | BIRCH        |
| actor          | AUDREY      | BAILEY       |
| actor          | GREGORY     | GOODING      |
| actor          | JOHN        | SUVARI       |
| actor          | BURT        | TEMPLE       |
| actor          | MERYL       | ALLEN        |
| actor          | JAYNE       | SILVERSTONE  |
| actor          | BELA        | WALKEN       |
| actor          | REESE       | WEST         |
| actor          | MARY        | KEITEL       |
| actor          | JULIA       | FAWCETT      |
| actor          | THORA       | TEMPLE       |
| staff AS TABLA | Mike        | Hillyer      |
| staff AS TABLA | Jon         | Stephens     |
+----------------+-------------+--------------+
201 rows in set (0.0010 sec)

 MySQL  localhost:3306 ssl  sakila  SQL > select 'actor'as TABLA, first_name, last_name from actor union select 'staff' AS TABLA, first_name, last_name from staff;
+-------+-------------+--------------+
| TABLA | first_name  | last_name    |
+-------+-------------+--------------+
| actor | PENELOPE    | GUINESS      |
| actor | NICK        | WAHLBERG     |
| actor | ED          | CHASE        |
| actor | JENNIFER    | DAVIS        |
| actor | JOHNNY      | LOLLOBRIGIDA |
| actor | BETTE       | NICHOLSON    |
| actor | GRACE       | MOSTEL       |
| actor | MATTHEW     | JOHANSSON    |
| actor | JOE         | SWANK        |
| actor | CHRISTIAN   | GABLE        |
| actor | ZERO        | CAGE         |
| actor | KARL        | BERRY        |
| actor | UMA         | WOOD         |
| actor | VIVIEN      | BERGEN       |
| actor | CUBA        | OLIVIER      |
| actor | FRED        | COSTNER      |
| actor | HELEN       | VOIGHT       |
| actor | DAN         | TORN         |
| actor | BOB         | FAWCETT      |
| actor | LUCILLE     | TRACY        |
| actor | KIRSTEN     | PALTROW      |
| actor | ELVIS       | MARX         |
| actor | SANDRA      | KILMER       |
| actor | CAMERON     | STREEP       |
| actor | KEVIN       | BLOOM        |
| actor | RIP         | CRAWFORD     |
| actor | JULIA       | MCQUEEN      |
| actor | WOODY       | HOFFMAN      |
| actor | ALEC        | WAYNE        |
| actor | SANDRA      | PECK         |
| actor | SISSY       | SOBIESKI     |
| actor | TIM         | HACKMAN      |
| actor | MILLA       | PECK         |
| actor | AUDREY      | OLIVIER      |
| actor | JUDY        | DEAN         |
| actor | BURT        | DUKAKIS      |
| actor | VAL         | BOLGER       |
| actor | TOM         | MCKELLEN     |
| actor | GOLDIE      | BRODY        |
| actor | JOHNNY      | CAGE         |
| actor | JODIE       | DEGENERES    |
| actor | TOM         | MIRANDA      |
| actor | KIRK        | JOVOVICH     |
| actor | NICK        | STALLONE     |
| actor | REESE       | KILMER       |
| actor | PARKER      | GOLDBERG     |
| actor | JULIA       | BARRYMORE    |
| actor | FRANCES     | DAY-LEWIS    |
| actor | ANNE        | CRONYN       |
| actor | NATALIE     | HOPKINS      |
| actor | GARY        | PHOENIX      |
| actor | CARMEN      | HUNT         |
| actor | MENA        | TEMPLE       |
| actor | PENELOPE    | PINKETT      |
| actor | FAY         | KILMER       |
| actor | DAN         | HARRIS       |
| actor | JUDE        | CRUISE       |
| actor | CHRISTIAN   | AKROYD       |
| actor | DUSTIN      | TAUTOU       |
| actor | HENRY       | BERRY        |
| actor | CHRISTIAN   | NEESON       |
| actor | JAYNE       | NEESON       |
| actor | CAMERON     | WRAY         |
| actor | RAY         | JOHANSSON    |
| actor | ANGELA      | HUDSON       |
| actor | MARY        | TANDY        |
| actor | JESSICA     | BAILEY       |
| actor | RIP         | WINSLET      |
| actor | KENNETH     | PALTROW      |
| actor | MICHELLE    | MCCONAUGHEY  |
| actor | ADAM        | GRANT        |
| actor | SEAN        | WILLIAMS     |
| actor | GARY        | PENN         |
| actor | MILLA       | KEITEL       |
| actor | BURT        | POSEY        |
| actor | ANGELINA    | ASTAIRE      |
| actor | CARY        | MCCONAUGHEY  |
| actor | GROUCHO     | SINATRA      |
| actor | MAE         | HOFFMAN      |
| actor | RALPH       | CRUZ         |
| actor | SCARLETT    | DAMON        |
| actor | WOODY       | JOLIE        |
| actor | BEN         | WILLIS       |
| actor | JAMES       | PITT         |
| actor | MINNIE      | ZELLWEGER    |
| actor | GREG        | CHAPLIN      |
| actor | SPENCER     | PECK         |
| actor | KENNETH     | PESCI        |
| actor | CHARLIZE    | DENCH        |
| actor | SEAN        | GUINESS      |
| actor | CHRISTOPHER | BERRY        |
| actor | KIRSTEN     | AKROYD       |
| actor | ELLEN       | PRESLEY      |
| actor | KENNETH     | TORN         |
| actor | DARYL       | WAHLBERG     |
| actor | GENE        | WILLIS       |
| actor | MEG         | HAWKE        |
| actor | CHRIS       | BRIDGES      |
| actor | JIM         | MOSTEL       |
| actor | SPENCER     | DEPP         |
| actor | SUSAN       | DAVIS        |
| actor | WALTER      | TORN         |
| actor | MATTHEW     | LEIGH        |
| actor | PENELOPE    | CRONYN       |
| actor | SIDNEY      | CROWE        |
| actor | GROUCHO     | DUNST        |
| actor | GINA        | DEGENERES    |
| actor | WARREN      | NOLTE        |
| actor | SYLVESTER   | DERN         |
| actor | CAMERON     | ZELLWEGER    |
| actor | RUSSELL     | BACALL       |
| actor | MORGAN      | HOPKINS      |
| actor | MORGAN      | MCDORMAND    |
| actor | HARRISON    | BALE         |
| actor | DAN         | STREEP       |
| actor | RENEE       | TRACY        |
| actor | CUBA        | ALLEN        |
| actor | WARREN      | JACKMAN      |
| actor | PENELOPE    | MONROE       |
| actor | LIZA        | BERGMAN      |
| actor | SALMA       | NOLTE        |
| actor | JULIANNE    | DENCH        |
| actor | SCARLETT    | BENING       |
| actor | ALBERT      | NOLTE        |
| actor | FRANCES     | TOMEI        |
| actor | KEVIN       | GARLAND      |
| actor | CATE        | MCQUEEN      |
| actor | DARYL       | CRAWFORD     |
| actor | GRETA       | KEITEL       |
| actor | JANE        | JACKMAN      |
| actor | ADAM        | HOPPER       |
| actor | RICHARD     | PENN         |
| actor | GENE        | HOPKINS      |
| actor | RITA        | REYNOLDS     |
| actor | ED          | MANSFIELD    |
| actor | MORGAN      | WILLIAMS     |
| actor | LUCILLE     | DEE          |
| actor | EWAN        | GOODING      |
| actor | WHOOPI      | HURT         |
| actor | CATE        | HARRIS       |
| actor | JADA        | RYDER        |
| actor | RIVER       | DEAN         |
| actor | ANGELA      | WITHERSPOON  |
| actor | KIM         | ALLEN        |
| actor | ALBERT      | JOHANSSON    |
| actor | FAY         | WINSLET      |
| actor | EMILY       | DEE          |
| actor | RUSSELL     | TEMPLE       |
| actor | JAYNE       | NOLTE        |
| actor | GEOFFREY    | HESTON       |
| actor | BEN         | HARRIS       |
| actor | MINNIE      | KILMER       |
| actor | MERYL       | GIBSON       |
| actor | IAN         | TANDY        |
| actor | FAY         | WOOD         |
| actor | GRETA       | MALDEN       |
| actor | VIVIEN      | BASINGER     |
| actor | LAURA       | BRODY        |
| actor | CHRIS       | DEPP         |
| actor | HARVEY      | HOPE         |
| actor | OPRAH       | KILMER       |
| actor | CHRISTOPHER | WEST         |
| actor | HUMPHREY    | WILLIS       |
| actor | AL          | GARLAND      |
| actor | NICK        | DEGENERES    |
| actor | LAURENCE    | BULLOCK      |
| actor | WILL        | WILSON       |
| actor | KENNETH     | HOFFMAN      |
| actor | MENA        | HOPPER       |
| actor | OLYMPIA     | PFEIFFER     |
| actor | GROUCHO     | WILLIAMS     |
| actor | ALAN        | DREYFUSS     |
| actor | MICHAEL     | BENING       |
| actor | WILLIAM     | HACKMAN      |
| actor | JON         | CHASE        |
| actor | GENE        | MCKELLEN     |
| actor | LISA        | MONROE       |
| actor | ED          | GUINESS      |
| actor | JEFF        | SILVERSTONE  |
| actor | MATTHEW     | CARREY       |
| actor | DEBBIE      | AKROYD       |
| actor | RUSSELL     | CLOSE        |
| actor | HUMPHREY    | GARLAND      |
| actor | MICHAEL     | BOLGER       |
| actor | JULIA       | ZELLWEGER    |
| actor | RENEE       | BALL         |
| actor | ROCK        | DUKAKIS      |
| actor | CUBA        | BIRCH        |
| actor | AUDREY      | BAILEY       |
| actor | GREGORY     | GOODING      |
| actor | JOHN        | SUVARI       |
| actor | BURT        | TEMPLE       |
| actor | MERYL       | ALLEN        |
| actor | JAYNE       | SILVERSTONE  |
| actor | BELA        | WALKEN       |
| actor | REESE       | WEST         |
| actor | MARY        | KEITEL       |
| actor | JULIA       | FAWCETT      |
| actor | THORA       | TEMPLE       |
| staff | Mike        | Hillyer      |
| staff | Jon         | Stephens     |
+-------+-------------+--------------+
201 rows in set (0.0008 sec)

 MySQL  localhost:3306 ssl  sakila  SQL > desc country;
+-------------+----------------------+------+-----+-------------------+-----------------------------+
| Field       | Type                 | Null | Key | Default           | Extra                       |
+-------------+----------------------+------+-----+-------------------+-----------------------------+
| country_id  | smallint(5) unsigned | NO   | PRI | NULL              | auto_increment              |
| country     | varchar(50)          | NO   |     | NULL              |                             |
| last_update | timestamp            | NO   |     | CURRENT_TIMESTAMP | on update CURRENT_TIMESTAMP |
+-------------+----------------------+------+-----+-------------------+-----------------------------+
3 rows in set (0.0022 sec)

 MySQL  localhost:3306 ssl  sakila  SQL > desc city;
+-------------+----------------------+------+-----+-------------------+-----------------------------+
| Field       | Type                 | Null | Key | Default           | Extra                       |
+-------------+----------------------+------+-----+-------------------+-----------------------------+
| city_id     | smallint(5) unsigned | NO   | PRI | NULL              | auto_increment              |
| city        | varchar(50)          | NO   |     | NULL              |                             |
| country_id  | smallint(5) unsigned | NO   | MUL | NULL              |                             |
| last_update | timestamp            | NO   |     | CURRENT_TIMESTAMP | on update CURRENT_TIMESTAMP |
+-------------+----------------------+------+-----+-------------------+-----------------------------+
4 rows in set (0.0018 sec)

 MySQL  localhost:3306 ssl  sakila  SQL > select count(*) from city;
+----------+
| count(*) |
+----------+
|      600 |
+----------+
1 row in set (0.0086 sec)

 MySQL  localhost:3306 ssl  sakila  SQL > select count(*) from country;
+----------+
| count(*) |
+----------+
|      109 |
+----------+
1 row in set (0.0107 sec)

 MySQL  localhost:3306 ssl  sakila  SQL > select 'CITY'as TABLA, city from city limit 10 union select 'COUNTRY' AS TABLA, country from country limit 10;
ERROR: 1064 (42000): You have an error in your SQL syntax; check the manual that corresponds to your MySQL server version for the right syntax to use near 'union select 'COUNTRY' AS TABLA, country from country limit 10' at line 1

 MySQL  localhost:3306 ssl  sakila  SQL > (select 'CITY'as TABLA, city from city limit 10) union (select 'COUNTRY' AS TABLA, country from country limit 10);
+---------+--------------------+
| TABLA   | city               |
+---------+--------------------+
| CITY    | A Corua (La Corua) |
| CITY    | Abha               |
| CITY    | Abu Dhabi          |
| CITY    | Acua               |
| CITY    | Adana              |
| CITY    | Addis Abeba        |
| CITY    | Aden               |
| CITY    | Adoni              |
| CITY    | Ahmadnagar         |
| CITY    | Akishima           |
| COUNTRY | Afghanistan        |
| COUNTRY | Algeria            |
| COUNTRY | American Samoa     |
| COUNTRY | Angola             |
| COUNTRY | Anguilla           |
| COUNTRY | Argentina          |
| COUNTRY | Armenia            |
| COUNTRY | Australia          |
| COUNTRY | Austria            |
| COUNTRY | Azerbaijan         |
+---------+--------------------+
20 rows in set (0.0006 sec)

 MySQL  localhost:3306 ssl  sakila  SQL > (select city from city limit 10) union (select country from country limit 10);
+--------------------+
| city               |
+--------------------+
| A Corua (La Corua) |
| Abha               |
| Abu Dhabi          |
| Acua               |
| Adana              |
| Addis Abeba        |
| Aden               |
| Adoni              |
| Ahmadnagar         |
| Akishima           |
| Afghanistan        |
| Algeria            |
| American Samoa     |
| Angola             |
| Anguilla           |
| Argentina          |
| Armenia            |
| Australia          |
| Austria            |
| Azerbaijan         |
+--------------------+
20 rows in set (0.0007 sec)

 MySQL  localhost:3306 ssl  sakila  SQL > (select city from city limit 10) union (select country from country limit 10) order by city;
+--------------------+
| city               |
+--------------------+
| A Corua (La Corua) |
| Abha               |
| Abu Dhabi          |
| Acua               |
| Adana              |
| Addis Abeba        |
| Aden               |
| Adoni              |
| Afghanistan        |
| Ahmadnagar         |
| Akishima           |
| Algeria            |
| American Samoa     |
| Angola             |
| Anguilla           |
| Argentina          |
| Armenia            |
| Australia          |
| Austria            |
| Azerbaijan         |
+--------------------+
20 rows in set (0.0007 sec)

 MySQL  localhost:3306 ssl  sakila  SQL > (select first_name, last_name from actor) union (select first_name, last_name from staff)order by last_name;
+-------------+--------------+
| first_name  | last_name    |
+-------------+--------------+
| CHRISTIAN   | AKROYD       |
| KIRSTEN     | AKROYD       |
| DEBBIE      | AKROYD       |
| CUBA        | ALLEN        |
| KIM         | ALLEN        |
| MERYL       | ALLEN        |
| ANGELINA    | ASTAIRE      |
| RUSSELL     | BACALL       |
| JESSICA     | BAILEY       |
| AUDREY      | BAILEY       |
| HARRISON    | BALE         |
| RENEE       | BALL         |
| JULIA       | BARRYMORE    |
| VIVIEN      | BASINGER     |
| SCARLETT    | BENING       |
| MICHAEL     | BENING       |
| VIVIEN      | BERGEN       |
| LIZA        | BERGMAN      |
| CHRISTOPHER | BERRY        |
| KARL        | BERRY        |
| HENRY       | BERRY        |
| CUBA        | BIRCH        |
| KEVIN       | BLOOM        |
| VAL         | BOLGER       |
| MICHAEL     | BOLGER       |
| CHRIS       | BRIDGES      |
| LAURA       | BRODY        |
| GOLDIE      | BRODY        |
| LAURENCE    | BULLOCK      |
| ZERO        | CAGE         |
| JOHNNY      | CAGE         |
| MATTHEW     | CARREY       |
| GREG        | CHAPLIN      |
| ED          | CHASE        |
| JON         | CHASE        |
| RUSSELL     | CLOSE        |
| FRED        | COSTNER      |
| RIP         | CRAWFORD     |
| DARYL       | CRAWFORD     |
| PENELOPE    | CRONYN       |
| ANNE        | CRONYN       |
| SIDNEY      | CROWE        |
| JUDE        | CRUISE       |
| RALPH       | CRUZ         |
| SCARLETT    | DAMON        |
| JENNIFER    | DAVIS        |
| SUSAN       | DAVIS        |
| FRANCES     | DAY-LEWIS    |
| JUDY        | DEAN         |
| RIVER       | DEAN         |
| EMILY       | DEE          |
| LUCILLE     | DEE          |
| GINA        | DEGENERES    |
| NICK        | DEGENERES    |
| JODIE       | DEGENERES    |
| JULIANNE    | DENCH        |
| CHARLIZE    | DENCH        |
| SPENCER     | DEPP         |
| CHRIS       | DEPP         |
| SYLVESTER   | DERN         |
| ALAN        | DREYFUSS     |
| ROCK        | DUKAKIS      |
| BURT        | DUKAKIS      |
| GROUCHO     | DUNST        |
| BOB         | FAWCETT      |
| JULIA       | FAWCETT      |
| CHRISTIAN   | GABLE        |
| AL          | GARLAND      |
| KEVIN       | GARLAND      |
| HUMPHREY    | GARLAND      |
| MERYL       | GIBSON       |
| PARKER      | GOLDBERG     |
| EWAN        | GOODING      |
| GREGORY     | GOODING      |
| ADAM        | GRANT        |
| SEAN        | GUINESS      |
| ED          | GUINESS      |
| PENELOPE    | GUINESS      |
| WILLIAM     | HACKMAN      |
| TIM         | HACKMAN      |
| CATE        | HARRIS       |
| BEN         | HARRIS       |
| DAN         | HARRIS       |
| MEG         | HAWKE        |
| GEOFFREY    | HESTON       |
| Mike        | Hillyer      |
| WOODY       | HOFFMAN      |
| MAE         | HOFFMAN      |
| KENNETH     | HOFFMAN      |
| HARVEY      | HOPE         |
| NATALIE     | HOPKINS      |
| GENE        | HOPKINS      |
| MORGAN      | HOPKINS      |
| ADAM        | HOPPER       |
| MENA        | HOPPER       |
| ANGELA      | HUDSON       |
| CARMEN      | HUNT         |
| WHOOPI      | HURT         |
| JANE        | JACKMAN      |
| WARREN      | JACKMAN      |
| MATTHEW     | JOHANSSON    |
| RAY         | JOHANSSON    |
| ALBERT      | JOHANSSON    |
| WOODY       | JOLIE        |
| KIRK        | JOVOVICH     |
| MILLA       | KEITEL       |
| MARY        | KEITEL       |
| GRETA       | KEITEL       |
| REESE       | KILMER       |
| SANDRA      | KILMER       |
| FAY         | KILMER       |
| MINNIE      | KILMER       |
| OPRAH       | KILMER       |
| MATTHEW     | LEIGH        |
| JOHNNY      | LOLLOBRIGIDA |
| GRETA       | MALDEN       |
| ED          | MANSFIELD    |
| ELVIS       | MARX         |
| CARY        | MCCONAUGHEY  |
| MICHELLE    | MCCONAUGHEY  |
| MORGAN      | MCDORMAND    |
| TOM         | MCKELLEN     |
| GENE        | MCKELLEN     |
| JULIA       | MCQUEEN      |
| CATE        | MCQUEEN      |
| TOM         | MIRANDA      |
| PENELOPE    | MONROE       |
| LISA        | MONROE       |
| JIM         | MOSTEL       |
| GRACE       | MOSTEL       |
| CHRISTIAN   | NEESON       |
| JAYNE       | NEESON       |
| BETTE       | NICHOLSON    |
| WARREN      | NOLTE        |
| ALBERT      | NOLTE        |
| JAYNE       | NOLTE        |
| SALMA       | NOLTE        |
| AUDREY      | OLIVIER      |
| CUBA        | OLIVIER      |
| KIRSTEN     | PALTROW      |
| KENNETH     | PALTROW      |
| SANDRA      | PECK         |
| SPENCER     | PECK         |
| MILLA       | PECK         |
| RICHARD     | PENN         |
| GARY        | PENN         |
| KENNETH     | PESCI        |
| OLYMPIA     | PFEIFFER     |
| GARY        | PHOENIX      |
| PENELOPE    | PINKETT      |
| JAMES       | PITT         |
| BURT        | POSEY        |
| ELLEN       | PRESLEY      |
| RITA        | REYNOLDS     |
| JADA        | RYDER        |
| JAYNE       | SILVERSTONE  |
| JEFF        | SILVERSTONE  |
| GROUCHO     | SINATRA      |
| SISSY       | SOBIESKI     |
| NICK        | STALLONE     |
| Jon         | Stephens     |
| DAN         | STREEP       |
| CAMERON     | STREEP       |
| JOHN        | SUVARI       |
| JOE         | SWANK        |
| MARY        | TANDY        |
| IAN         | TANDY        |
| DUSTIN      | TAUTOU       |
| RUSSELL     | TEMPLE       |
| MENA        | TEMPLE       |
| THORA       | TEMPLE       |
| BURT        | TEMPLE       |
| FRANCES     | TOMEI        |
| DAN         | TORN         |
| KENNETH     | TORN         |
| WALTER      | TORN         |
| LUCILLE     | TRACY        |
| RENEE       | TRACY        |
| HELEN       | VOIGHT       |
| NICK        | WAHLBERG     |
| DARYL       | WAHLBERG     |
| BELA        | WALKEN       |
| ALEC        | WAYNE        |
| CHRISTOPHER | WEST         |
| REESE       | WEST         |
| GROUCHO     | WILLIAMS     |
| SEAN        | WILLIAMS     |
| MORGAN      | WILLIAMS     |
| BEN         | WILLIS       |
| HUMPHREY    | WILLIS       |
| GENE        | WILLIS       |
| WILL        | WILSON       |
| FAY         | WINSLET      |
| RIP         | WINSLET      |
| ANGELA      | WITHERSPOON  |
| FAY         | WOOD         |
| UMA         | WOOD         |
| CAMERON     | WRAY         |
| MINNIE      | ZELLWEGER    |
| CAMERON     | ZELLWEGER    |
| JULIA       | ZELLWEGER    |
+-------------+--------------+
201 rows in set (0.0011 sec)

 MySQL  localhost:3306 ssl  sakila  SQL > select first_name, last_name from actor;
+-------------+--------------+
| first_name  | last_name    |
+-------------+--------------+
| PENELOPE    | GUINESS      |
| NICK        | WAHLBERG     |
| ED          | CHASE        |
| JENNIFER    | DAVIS        |
| JOHNNY      | LOLLOBRIGIDA |
| BETTE       | NICHOLSON    |
| GRACE       | MOSTEL       |
| MATTHEW     | JOHANSSON    |
| JOE         | SWANK        |
| CHRISTIAN   | GABLE        |
| ZERO        | CAGE         |
| KARL        | BERRY        |
| UMA         | WOOD         |
| VIVIEN      | BERGEN       |
| CUBA        | OLIVIER      |
| FRED        | COSTNER      |
| HELEN       | VOIGHT       |
| DAN         | TORN         |
| BOB         | FAWCETT      |
| LUCILLE     | TRACY        |
| KIRSTEN     | PALTROW      |
| ELVIS       | MARX         |
| SANDRA      | KILMER       |
| CAMERON     | STREEP       |
| KEVIN       | BLOOM        |
| RIP         | CRAWFORD     |
| JULIA       | MCQUEEN      |
| WOODY       | HOFFMAN      |
| ALEC        | WAYNE        |
| SANDRA      | PECK         |
| SISSY       | SOBIESKI     |
| TIM         | HACKMAN      |
| MILLA       | PECK         |
| AUDREY      | OLIVIER      |
| JUDY        | DEAN         |
| BURT        | DUKAKIS      |
| VAL         | BOLGER       |
| TOM         | MCKELLEN     |
| GOLDIE      | BRODY        |
| JOHNNY      | CAGE         |
| JODIE       | DEGENERES    |
| TOM         | MIRANDA      |
| KIRK        | JOVOVICH     |
| NICK        | STALLONE     |
| REESE       | KILMER       |
| PARKER      | GOLDBERG     |
| JULIA       | BARRYMORE    |
| FRANCES     | DAY-LEWIS    |
| ANNE        | CRONYN       |
| NATALIE     | HOPKINS      |
| GARY        | PHOENIX      |
| CARMEN      | HUNT         |
| MENA        | TEMPLE       |
| PENELOPE    | PINKETT      |
| FAY         | KILMER       |
| DAN         | HARRIS       |
| JUDE        | CRUISE       |
| CHRISTIAN   | AKROYD       |
| DUSTIN      | TAUTOU       |
| HENRY       | BERRY        |
| CHRISTIAN   | NEESON       |
| JAYNE       | NEESON       |
| CAMERON     | WRAY         |
| RAY         | JOHANSSON    |
| ANGELA      | HUDSON       |
| MARY        | TANDY        |
| JESSICA     | BAILEY       |
| RIP         | WINSLET      |
| KENNETH     | PALTROW      |
| MICHELLE    | MCCONAUGHEY  |
| ADAM        | GRANT        |
| SEAN        | WILLIAMS     |
| GARY        | PENN         |
| MILLA       | KEITEL       |
| BURT        | POSEY        |
| ANGELINA    | ASTAIRE      |
| CARY        | MCCONAUGHEY  |
| GROUCHO     | SINATRA      |
| MAE         | HOFFMAN      |
| RALPH       | CRUZ         |
| SCARLETT    | DAMON        |
| WOODY       | JOLIE        |
| BEN         | WILLIS       |
| JAMES       | PITT         |
| MINNIE      | ZELLWEGER    |
| GREG        | CHAPLIN      |
| SPENCER     | PECK         |
| KENNETH     | PESCI        |
| CHARLIZE    | DENCH        |
| SEAN        | GUINESS      |
| CHRISTOPHER | BERRY        |
| KIRSTEN     | AKROYD       |
| ELLEN       | PRESLEY      |
| KENNETH     | TORN         |
| DARYL       | WAHLBERG     |
| GENE        | WILLIS       |
| MEG         | HAWKE        |
| CHRIS       | BRIDGES      |
| JIM         | MOSTEL       |
| SPENCER     | DEPP         |
| SUSAN       | DAVIS        |
| WALTER      | TORN         |
| MATTHEW     | LEIGH        |
| PENELOPE    | CRONYN       |
| SIDNEY      | CROWE        |
| GROUCHO     | DUNST        |
| GINA        | DEGENERES    |
| WARREN      | NOLTE        |
| SYLVESTER   | DERN         |
| SUSAN       | DAVIS        |
| CAMERON     | ZELLWEGER    |
| RUSSELL     | BACALL       |
| MORGAN      | HOPKINS      |
| MORGAN      | MCDORMAND    |
| HARRISON    | BALE         |
| DAN         | STREEP       |
| RENEE       | TRACY        |
| CUBA        | ALLEN        |
| WARREN      | JACKMAN      |
| PENELOPE    | MONROE       |
| LIZA        | BERGMAN      |
| SALMA       | NOLTE        |
| JULIANNE    | DENCH        |
| SCARLETT    | BENING       |
| ALBERT      | NOLTE        |
| FRANCES     | TOMEI        |
| KEVIN       | GARLAND      |
| CATE        | MCQUEEN      |
| DARYL       | CRAWFORD     |
| GRETA       | KEITEL       |
| JANE        | JACKMAN      |
| ADAM        | HOPPER       |
| RICHARD     | PENN         |
| GENE        | HOPKINS      |
| RITA        | REYNOLDS     |
| ED          | MANSFIELD    |
| MORGAN      | WILLIAMS     |
| LUCILLE     | DEE          |
| EWAN        | GOODING      |
| WHOOPI      | HURT         |
| CATE        | HARRIS       |
| JADA        | RYDER        |
| RIVER       | DEAN         |
| ANGELA      | WITHERSPOON  |
| KIM         | ALLEN        |
| ALBERT      | JOHANSSON    |
| FAY         | WINSLET      |
| EMILY       | DEE          |
| RUSSELL     | TEMPLE       |
| JAYNE       | NOLTE        |
| GEOFFREY    | HESTON       |
| BEN         | HARRIS       |
| MINNIE      | KILMER       |
| MERYL       | GIBSON       |
| IAN         | TANDY        |
| FAY         | WOOD         |
| GRETA       | MALDEN       |
| VIVIEN      | BASINGER     |
| LAURA       | BRODY        |
| CHRIS       | DEPP         |
| HARVEY      | HOPE         |
| OPRAH       | KILMER       |
| CHRISTOPHER | WEST         |
| HUMPHREY    | WILLIS       |
| AL          | GARLAND      |
| NICK        | DEGENERES    |
| LAURENCE    | BULLOCK      |
| WILL        | WILSON       |
| KENNETH     | HOFFMAN      |
| MENA        | HOPPER       |
| OLYMPIA     | PFEIFFER     |
| GROUCHO     | WILLIAMS     |
| ALAN        | DREYFUSS     |
| MICHAEL     | BENING       |
| WILLIAM     | HACKMAN      |
| JON         | CHASE        |
| GENE        | MCKELLEN     |
| LISA        | MONROE       |
| ED          | GUINESS      |
| JEFF        | SILVERSTONE  |
| MATTHEW     | CARREY       |
| DEBBIE      | AKROYD       |
| RUSSELL     | CLOSE        |
| HUMPHREY    | GARLAND      |
| MICHAEL     | BOLGER       |
| JULIA       | ZELLWEGER    |
| RENEE       | BALL         |
| ROCK        | DUKAKIS      |
| CUBA        | BIRCH        |
| AUDREY      | BAILEY       |
| GREGORY     | GOODING      |
| JOHN        | SUVARI       |
| BURT        | TEMPLE       |
| MERYL       | ALLEN        |
| JAYNE       | SILVERSTONE  |
| BELA        | WALKEN       |
| REESE       | WEST         |
| MARY        | KEITEL       |
| JULIA       | FAWCETT      |
| THORA       | TEMPLE       |
+-------------+--------------+
200 rows in set (0.0008 sec)

 MySQL  localhost:3306 ssl  sakila  SQL > select first_name, last_name from actor where last_name ='TEMPLE';
+------------+-----------+
| first_name | last_name |
+------------+-----------+
| MENA       | TEMPLE    |
| RUSSELL    | TEMPLE    |
| BURT       | TEMPLE    |
| THORA      | TEMPLE    |
+------------+-----------+
4 rows in set (0.0008 sec)

 MySQL  localhost:3306 ssl  sakila  SQL > select first_name, last_name from actor where last_name LIKE 'W';
Empty set (0.0075 sec)

 MySQL  localhost:3306 ssl  sakila  SQL > select first_name, last_name from actor where last_name LIKE 'W%';
+-------------+-------------+
| first_name  | last_name   |
+-------------+-------------+
| NICK        | WAHLBERG    |
| DARYL       | WAHLBERG    |
| BELA        | WALKEN      |
| ALEC        | WAYNE       |
| CHRISTOPHER | WEST        |
| REESE       | WEST        |
| SEAN        | WILLIAMS    |
| MORGAN      | WILLIAMS    |
| GROUCHO     | WILLIAMS    |
| BEN         | WILLIS      |
| GENE        | WILLIS      |
| HUMPHREY    | WILLIS      |
| WILL        | WILSON      |
| RIP         | WINSLET     |
| FAY         | WINSLET     |
| ANGELA      | WITHERSPOON |
| UMA         | WOOD        |
| FAY         | WOOD        |
| CAMERON     | WRAY        |
+-------------+-------------+
19 rows in set (0.0076 sec)

 MySQL  localhost:3306 ssl  sakila  SQL > select first_name, last_name from actor where last_name LIKE '%W%';
+-------------+-------------+
| first_name  | last_name   |
+-------------+-------------+
| NICK        | WAHLBERG    |
| JOE         | SWANK       |
| UMA         | WOOD        |
| BOB         | FAWCETT     |
| KIRSTEN     | PALTROW     |
| RIP         | CRAWFORD    |
| ALEC        | WAYNE       |
| FRANCES     | DAY-LEWIS   |
| CAMERON     | WRAY        |
| RIP         | WINSLET     |
| KENNETH     | PALTROW     |
| SEAN        | WILLIAMS    |
| BEN         | WILLIS      |
| MINNIE      | ZELLWEGER   |
| DARYL       | WAHLBERG    |
| GENE        | WILLIS      |
| MEG         | HAWKE       |
| SIDNEY      | CROWE       |
| CAMERON     | ZELLWEGER   |
| DARYL       | CRAWFORD    |
| MORGAN      | WILLIAMS    |
| ANGELA      | WITHERSPOON |
| FAY         | WINSLET     |
| FAY         | WOOD        |
| CHRISTOPHER | WEST        |
| HUMPHREY    | WILLIS      |
| WILL        | WILSON      |
| GROUCHO     | WILLIAMS    |
| JULIA       | ZELLWEGER   |
| BELA        | WALKEN      |
| REESE       | WEST        |
| JULIA       | FAWCETT     |
+-------------+-------------+
32 rows in set (0.0007 sec)

 MySQL  localhost:3306 ssl  sakila  SQL > select first_name, last_name from actor where last_name LIKE '%W';
+------------+-----------+
| first_name | last_name |
+------------+-----------+
| KIRSTEN    | PALTROW   |
| KENNETH    | PALTROW   |
+------------+-----------+
2 rows in set (0.0007 sec)

 MySQL  localhost:3306 ssl  sakila  SQL > select first_name, last_name from actor where last_name LIKE '%A';
+------------+--------------+
| first_name | last_name    |
+------------+--------------+
| JOHNNY     | LOLLOBRIGIDA |
| TOM        | MIRANDA      |
| GROUCHO    | SINATRA      |
+------------+--------------+
3 rows in set (0.0007 sec)

 MySQL  localhost:3306 ssl  sakila  SQL > select count(*) from actor where last_name LIKE '%W';
+----------+
| count(*) |
+----------+
|        2 |
+----------+
1 row in set (0.0007 sec)

 MySQL  localhost:3306 ssl  sakila  SQL > select count(*) from actor where last_name LIKE '%W%';
+----------+
| count(*) |
+----------+
|       32 |
+----------+
1 row in set (0.0008 sec)

 MySQL  localhost:3306 ssl  sakila  SQL >
| GREGORY     |
| GREGORY     |
| GREGORY     |
| GREGORY     |
| GREGORY     |
| GREGORY     |
| GREGORY     |
| GREGORY     |
| GREGORY     |
| GREGORY     |
| GREGORY     |
| GREGORY     |
| JOSHUA      |
| JOSHUA      |
| JOSHUA      |
| JOSHUA      |
| JOSHUA      |
| JOSHUA      |
| JOSHUA      |
| JOSHUA      |
| JOSHUA      |
| JOSHUA      |
| JOSHUA      |
| JOSHUA      |
| JOSHUA      |
| JOSHUA      |
| JOSHUA      |
| JOSHUA      |
| JOSHUA      |
| JOSHUA      |
| JOSHUA      |
| JOSHUA      |
| JOSHUA      |
| JOSHUA      |
| JOSHUA      |
| JOSHUA      |
| JOSHUA      |
| JOSHUA      |
| JOSHUA      |
| JOSHUA      |
| JOSHUA      |
| JOSHUA      |
| JERRY       |
| JERRY       |
| JERRY       |
| JERRY       |
| JERRY       |
| JERRY       |
| JERRY       |
| JERRY       |
| JERRY       |
| JERRY       |
| JERRY       |
| JERRY       |
| JERRY       |
| JERRY       |
| JERRY       |
| JERRY       |
| JERRY       |
| JERRY       |
| JERRY       |
| JERRY       |
| JERRY       |
| JERRY       |
| JERRY       |
| JERRY       |
| JERRY       |
| JERRY       |
| JERRY       |
| JERRY       |
| JERRY       |
| DENNIS      |
| DENNIS      |
| DENNIS      |
| DENNIS      |
| DENNIS      |
| DENNIS      |
| DENNIS      |
| DENNIS      |
| DENNIS      |
| DENNIS      |
| DENNIS      |
| DENNIS      |
| DENNIS      |
| DENNIS      |
| DENNIS      |
| DENNIS      |
| DENNIS      |
| DENNIS      |
| DENNIS      |
| DENNIS      |
| DENNIS      |
| DENNIS      |
| DENNIS      |
| DENNIS      |
| DENNIS      |
| DENNIS      |
| DENNIS      |
| DENNIS      |
| WALTER      |
| WALTER      |
| WALTER      |
| WALTER      |
| WALTER      |
| WALTER      |
| WALTER      |
| WALTER      |
| WALTER      |
| WALTER      |
| WALTER      |
| WALTER      |
| WALTER      |
| WALTER      |
| WALTER      |
| WALTER      |
| WALTER      |
| WALTER      |
| WALTER      |
| WALTER      |
| WALTER      |
| WALTER      |
| WALTER      |
| WALTER      |
| WALTER      |
| WALTER      |
| WALTER      |
| WALTER      |
| WALTER      |
| WALTER      |
| PATRICK     |
| PATRICK     |
| PATRICK     |
| PATRICK     |
| PATRICK     |
| PATRICK     |
| PATRICK     |
| PATRICK     |
| PATRICK     |
| PATRICK     |
| PATRICK     |
| PATRICK     |
| PATRICK     |
| PATRICK     |
| PATRICK     |
| PATRICK     |
| PATRICK     |
| PATRICK     |
| PATRICK     |
| PATRICK     |
| PATRICK     |
| PATRICK     |
| PATRICK     |
| PATRICK     |
| PATRICK     |
| PATRICK     |
| PATRICK     |
| PATRICK     |
| PATRICK     |
| PATRICK     |
| PATRICK     |
| PETER       |
| PETER       |
| PETER       |
| PETER       |
| PETER       |
| PETER       |
| PETER       |
| PETER       |
| PETER       |
| PETER       |
| PETER       |
| PETER       |
| PETER       |
| PETER       |
| PETER       |
| PETER       |
| PETER       |
| PETER       |
| PETER       |
| PETER       |
| PETER       |
| PETER       |
| PETER       |
| HAROLD      |
| HAROLD      |
| HAROLD      |
| HAROLD      |
| HAROLD      |
| HAROLD      |
| HAROLD      |
| HAROLD      |
| HAROLD      |
| HAROLD      |
| HAROLD      |
| HAROLD      |
| HAROLD      |
| HAROLD      |
| HAROLD      |
| HAROLD      |
| HAROLD      |
| HAROLD      |
| HAROLD      |
| HAROLD      |
| HAROLD      |
| HAROLD      |
| HAROLD      |
| HAROLD      |
| HAROLD      |
| HAROLD      |
| HAROLD      |
| HAROLD      |
| HAROLD      |
| HAROLD      |
| HAROLD      |
| HAROLD      |
| DOUGLAS     |
| DOUGLAS     |
| DOUGLAS     |
| DOUGLAS     |
| DOUGLAS     |
| DOUGLAS     |
| DOUGLAS     |
| DOUGLAS     |
| DOUGLAS     |
| DOUGLAS     |
| DOUGLAS     |
| DOUGLAS     |
| DOUGLAS     |
| DOUGLAS     |
| DOUGLAS     |
| DOUGLAS     |
| DOUGLAS     |
| DOUGLAS     |
| DOUGLAS     |
| DOUGLAS     |
| DOUGLAS     |
| DOUGLAS     |
| DOUGLAS     |
| DOUGLAS     |
| DOUGLAS     |
| HENRY       |
| HENRY       |
| HENRY       |
| HENRY       |
| HENRY       |
| HENRY       |
| HENRY       |
| HENRY       |
| HENRY       |
| HENRY       |
| HENRY       |
| HENRY       |
| HENRY       |
| HENRY       |
| HENRY       |
| HENRY       |
| HENRY       |
| HENRY       |
| CARL        |
| CARL        |
| CARL        |
| CARL        |
| CARL        |
| CARL        |
| CARL        |
| CARL        |
| CARL        |
| CARL        |
| CARL        |
| CARL        |
| CARL        |
| CARL        |
| CARL        |
| CARL        |
| CARL        |
| CARL        |
| CARL        |
| CARL        |
| CARL        |
| CARL        |
| CARL        |
| ARTHUR      |
| ARTHUR      |
| ARTHUR      |
| ARTHUR      |
| ARTHUR      |
| ARTHUR      |
| ARTHUR      |
| ARTHUR      |
| ARTHUR      |
| ARTHUR      |
| ARTHUR      |
| ARTHUR      |
| ARTHUR      |
| ARTHUR      |
| ARTHUR      |
| ARTHUR      |
| ARTHUR      |
| ARTHUR      |
| ARTHUR      |
| ARTHUR      |
| ARTHUR      |
| ARTHUR      |
| ARTHUR      |
| ARTHUR      |
| ARTHUR      |
| ARTHUR      |
| ARTHUR      |
| ARTHUR      |
| ARTHUR      |
| ARTHUR      |
| ARTHUR      |
| ARTHUR      |
| RYAN        |
| RYAN        |
| RYAN        |
| RYAN        |
| RYAN        |
| RYAN        |
| RYAN        |
| RYAN        |
| RYAN        |
| RYAN        |
| RYAN        |
| RYAN        |
| RYAN        |
| RYAN        |
| RYAN        |
| RYAN        |
| RYAN        |
| RYAN        |
| RYAN        |
| RYAN        |
| RYAN        |
| RYAN        |
| RYAN        |
| RYAN        |
| RYAN        |
| RYAN        |
| RYAN        |
| RYAN        |
| RYAN        |
| RYAN        |
| ROGER       |
| ROGER       |
| ROGER       |
| ROGER       |
| ROGER       |
| ROGER       |
| ROGER       |
| ROGER       |
| ROGER       |
| ROGER       |
| ROGER       |
| ROGER       |
| ROGER       |
| ROGER       |
| ROGER       |
| ROGER       |
| ROGER       |
| ROGER       |
| ROGER       |
| ROGER       |
| ROGER       |
| ROGER       |
| ROGER       |
| ROGER       |
| ROGER       |
| ROGER       |
| ROGER       |
| ROGER       |
| ROGER       |
| ROGER       |
| ROGER       |
| ROGER       |
| ROGER       |
| ROGER       |
| ROGER       |
| ROGER       |
| JOE         |
| JOE         |
| JOE         |
| JOE         |
| JOE         |
| JOE         |
| JOE         |
| JOE         |
| JOE         |
| JOE         |
| JOE         |
| JOE         |
| JOE         |
| JOE         |
| JOE         |
| JOE         |
| JOE         |
| JOE         |
| JOE         |
| JOE         |
| JOE         |
| JOE         |
| JOE         |
| JOE         |
| JOE         |
| JOE         |
| JOE         |
| JOE         |
| JOE         |
| JUAN        |
| JUAN        |
| JUAN        |
| JUAN        |
| JUAN        |
| JUAN        |
| JUAN        |
| JUAN        |
| JUAN        |
| JUAN        |
| JUAN        |
| JUAN        |
| JUAN        |
| JUAN        |
| JUAN        |
| JUAN        |
| JUAN        |
| JUAN        |
| JUAN        |
| JUAN        |
| JUAN        |
| JUAN        |
| JUAN        |
| JACK        |
| JACK        |
| JACK        |
| JACK        |
| JACK        |
| JACK        |
| JACK        |
| JACK        |
| JACK        |
| JACK        |
| JACK        |
| JACK        |
| JACK        |
| JACK        |
| JACK        |
| JACK        |
| JACK        |
| JACK        |
| JACK        |
| JACK        |
| JACK        |
| JACK        |
| JACK        |
| JACK        |
| ALBERT      |
| ALBERT      |
| ALBERT      |
| ALBERT      |
| ALBERT      |
| ALBERT      |
| ALBERT      |
| ALBERT      |
| ALBERT      |
| ALBERT      |
| ALBERT      |
| ALBERT      |
| ALBERT      |
| ALBERT      |
| ALBERT      |
| ALBERT      |
| ALBERT      |
| ALBERT      |
| ALBERT      |
| ALBERT      |
| ALBERT      |
| ALBERT      |
| ALBERT      |
| JONATHAN    |
| JONATHAN    |
| JONATHAN    |
| JONATHAN    |
| JONATHAN    |
| JONATHAN    |
| JONATHAN    |
| JONATHAN    |
| JONATHAN    |
| JONATHAN    |
| JONATHAN    |
| JONATHAN    |
| JONATHAN    |
| JONATHAN    |
| JONATHAN    |
| JONATHAN    |
| JONATHAN    |
| JONATHAN    |
| JUSTIN      |
| JUSTIN      |
| JUSTIN      |
| JUSTIN      |
| JUSTIN      |
| JUSTIN      |
| JUSTIN      |
| JUSTIN      |
| JUSTIN      |
| JUSTIN      |
| JUSTIN      |
| JUSTIN      |
| JUSTIN      |
| JUSTIN      |
| JUSTIN      |
| JUSTIN      |
| JUSTIN      |
| JUSTIN      |
| JUSTIN      |
| JUSTIN      |
| JUSTIN      |
| JUSTIN      |
| JUSTIN      |
| JUSTIN      |
| JUSTIN      |
| JUSTIN      |
| JUSTIN      |
| JUSTIN      |
| JUSTIN      |
| JUSTIN      |
| JUSTIN      |
| JUSTIN      |
| JUSTIN      |
| JUSTIN      |
| JUSTIN      |
| JUSTIN      |
| TERRY       |
| TERRY       |
| TERRY       |
| TERRY       |
| TERRY       |
| TERRY       |
| TERRY       |
| TERRY       |
| TERRY       |
| TERRY       |
| TERRY       |
| TERRY       |
| TERRY       |
| TERRY       |
| TERRY       |
| TERRY       |
| TERRY       |
| TERRY       |
| TERRY       |
| TERRY       |
| GERALD      |
| GERALD      |
| GERALD      |
| GERALD      |
| GERALD      |
| GERALD      |
| GERALD      |
| GERALD      |
| GERALD      |
| GERALD      |
| GERALD      |
| GERALD      |
| GERALD      |
| GERALD      |
| GERALD      |
| GERALD      |
| GERALD      |
| GERALD      |
| GERALD      |
| GERALD      |
| GERALD      |
| GERALD      |
| GERALD      |
| GERALD      |
| GERALD      |
| GERALD      |
| GERALD      |
| GERALD      |
| GERALD      |
| GERALD      |
| KEITH       |
| KEITH       |
| KEITH       |
| KEITH       |
| KEITH       |
| KEITH       |
| KEITH       |
| KEITH       |
| KEITH       |
| KEITH       |
| KEITH       |
| KEITH       |
| KEITH       |
| KEITH       |
| KEITH       |
| KEITH       |
| KEITH       |
| KEITH       |
| KEITH       |
| KEITH       |
| KEITH       |
| KEITH       |
| KEITH       |
| KEITH       |
| KEITH       |
| KEITH       |
| SAMUEL      |
| SAMUEL      |
| SAMUEL      |
| SAMUEL      |
| SAMUEL      |
| SAMUEL      |
| SAMUEL      |
| SAMUEL      |
| SAMUEL      |
| SAMUEL      |
| SAMUEL      |
| SAMUEL      |
| SAMUEL      |
| SAMUEL      |
| SAMUEL      |
| SAMUEL      |
| SAMUEL      |
| SAMUEL      |
| SAMUEL      |
| SAMUEL      |
| SAMUEL      |
| WILLIE      |
| WILLIE      |
| WILLIE      |
| WILLIE      |
| WILLIE      |
| WILLIE      |
| WILLIE      |
| WILLIE      |
| WILLIE      |
| WILLIE      |
| WILLIE      |
| WILLIE      |
| WILLIE      |
| WILLIE      |
| WILLIE      |
| WILLIE      |
| WILLIE      |
| WILLIE      |
| WILLIE      |
| WILLIE      |
| WILLIE      |
| WILLIE      |
| WILLIE      |
| WILLIE      |
| WILLIE      |
| RALPH       |
| RALPH       |
| RALPH       |
| RALPH       |
| RALPH       |
| RALPH       |
| RALPH       |
| RALPH       |
| RALPH       |
| RALPH       |
| RALPH       |
| RALPH       |
| RALPH       |
| RALPH       |
| RALPH       |
| RALPH       |
| RALPH       |
| RALPH       |
| RALPH       |
| RALPH       |
| RALPH       |
| RALPH       |
| RALPH       |
| RALPH       |
| RALPH       |
| RALPH       |
| RALPH       |
| RALPH       |
| RALPH       |
| RALPH       |
| RALPH       |
| RALPH       |
| RALPH       |
| RALPH       |
| LAWRENCE    |
| LAWRENCE    |
| LAWRENCE    |
| LAWRENCE    |
| LAWRENCE    |
| LAWRENCE    |
| LAWRENCE    |
| LAWRENCE    |
| LAWRENCE    |
| LAWRENCE    |
| LAWRENCE    |
| LAWRENCE    |
| LAWRENCE    |
| LAWRENCE    |
| LAWRENCE    |
| LAWRENCE    |
| LAWRENCE    |
| LAWRENCE    |
| LAWRENCE    |
| LAWRENCE    |
| LAWRENCE    |
| LAWRENCE    |
| LAWRENCE    |
| LAWRENCE    |
| LAWRENCE    |
| LAWRENCE    |
| LAWRENCE    |
| LAWRENCE    |
| LAWRENCE    |
| LAWRENCE    |
| LAWRENCE    |
| NICHOLAS    |
| NICHOLAS    |
| NICHOLAS    |
| NICHOLAS    |
| NICHOLAS    |
| NICHOLAS    |
| NICHOLAS    |
| NICHOLAS    |
| NICHOLAS    |
| NICHOLAS    |
| NICHOLAS    |
| NICHOLAS    |
| NICHOLAS    |
| NICHOLAS    |
| NICHOLAS    |
| NICHOLAS    |
| NICHOLAS    |
| NICHOLAS    |
| NICHOLAS    |
| NICHOLAS    |
| NICHOLAS    |
| NICHOLAS    |
| NICHOLAS    |
| NICHOLAS    |
| NICHOLAS    |
| NICHOLAS    |
| NICHOLAS    |
| NICHOLAS    |
| NICHOLAS    |
| NICHOLAS    |
| NICHOLAS    |
| NICHOLAS    |
| ROY         |
| ROY         |
| ROY         |
| ROY         |
| ROY         |
| ROY         |
| ROY         |
| ROY         |
| ROY         |
| ROY         |
| ROY         |
| ROY         |
| ROY         |
| ROY         |
| ROY         |
| ROY         |
| ROY         |
| ROY         |
| ROY         |
| ROY         |
| ROY         |
| ROY         |
| ROY         |
| ROY         |
| ROY         |
| ROY         |
| ROY         |
| ROY         |
| ROY         |
| BENJAMIN    |
| BENJAMIN    |
| BENJAMIN    |
| BENJAMIN    |
| BENJAMIN    |
| BENJAMIN    |
| BENJAMIN    |
| BENJAMIN    |
| BENJAMIN    |
| BENJAMIN    |
| BENJAMIN    |
| BENJAMIN    |
| BENJAMIN    |
| BENJAMIN    |
| BENJAMIN    |
| BENJAMIN    |
| BENJAMIN    |
| BENJAMIN    |
| BENJAMIN    |
| BENJAMIN    |
| BENJAMIN    |
| BENJAMIN    |
| BENJAMIN    |
| BRUCE       |
| BRUCE       |
| BRUCE       |
| BRUCE       |
| BRUCE       |
| BRUCE       |
| BRUCE       |
| BRUCE       |
| BRUCE       |
| BRUCE       |
| BRUCE       |
| BRUCE       |
| BRUCE       |
| BRUCE       |
| BRUCE       |
| BRUCE       |
| BRUCE       |
| BRUCE       |
| BRUCE       |
| BRUCE       |
| BRUCE       |
| BRUCE       |
| BRUCE       |
| BRANDON     |
| BRANDON     |
| BRANDON     |
| BRANDON     |
| BRANDON     |
| BRANDON     |
| BRANDON     |
| BRANDON     |
| BRANDON     |
| BRANDON     |
| BRANDON     |
| BRANDON     |
| BRANDON     |
| BRANDON     |
| BRANDON     |
| BRANDON     |
| BRANDON     |
| BRANDON     |
| BRANDON     |
| BRANDON     |
| BRANDON     |
| BRANDON     |
| BRANDON     |
| BRANDON     |
| BRANDON     |
| BRANDON     |
| BRANDON     |
| BRANDON     |
| BRANDON     |
| BRANDON     |
| BRANDON     |
| BRANDON     |
| BRANDON     |
| BRANDON     |
| BRANDON     |
| BRANDON     |
| BRANDON     |
| ADAM        |
| ADAM        |
| ADAM        |
| ADAM        |
| ADAM        |
| ADAM        |
| ADAM        |
| ADAM        |
| ADAM        |
| ADAM        |
| ADAM        |
| ADAM        |
| ADAM        |
| ADAM        |
| ADAM        |
| ADAM        |
| ADAM        |
| ADAM        |
| ADAM        |
| ADAM        |
| ADAM        |
| ADAM        |
| HARRY       |
| HARRY       |
| HARRY       |
| HARRY       |
| HARRY       |
| HARRY       |
| HARRY       |
| HARRY       |
| HARRY       |
| HARRY       |
| HARRY       |
| HARRY       |
| HARRY       |
| HARRY       |
| HARRY       |
| HARRY       |
| HARRY       |
| HARRY       |
| HARRY       |
| HARRY       |
| HARRY       |
| HARRY       |
| HARRY       |
| HARRY       |
| HARRY       |
| HARRY       |
| HARRY       |
| HARRY       |
| HARRY       |
| HARRY       |
| HARRY       |
| HARRY       |
| HARRY       |
| HARRY       |
| HARRY       |
| FRED        |
| FRED        |
| FRED        |
| FRED        |
| FRED        |
| FRED        |
| FRED        |
| FRED        |
| FRED        |
| FRED        |
| FRED        |
| FRED        |
| FRED        |
| FRED        |
| FRED        |
| FRED        |
| FRED        |
| FRED        |
| FRED        |
| FRED        |
| FRED        |
| FRED        |
| FRED        |
| FRED        |
| FRED        |
| WAYNE       |
| WAYNE       |
| WAYNE       |
| WAYNE       |
| WAYNE       |
| WAYNE       |
| WAYNE       |
| WAYNE       |
| WAYNE       |
| WAYNE       |
| WAYNE       |
| WAYNE       |
| WAYNE       |
| WAYNE       |
| WAYNE       |
| WAYNE       |
| WAYNE       |
| WAYNE       |
| WAYNE       |
| BILLY       |
| BILLY       |
| BILLY       |
| BILLY       |
| BILLY       |
| BILLY       |
| BILLY       |
| BILLY       |
| BILLY       |
| BILLY       |
| BILLY       |
| BILLY       |
| BILLY       |
| BILLY       |
| BILLY       |
| BILLY       |
| BILLY       |
| BILLY       |
| BILLY       |
| BILLY       |
| BILLY       |
| BILLY       |
| BILLY       |
| BILLY       |
| BILLY       |
| BILLY       |
| BILLY       |
| BILLY       |
| BILLY       |
| BILLY       |
| BILLY       |
| BILLY       |
| BILLY       |
| BILLY       |
| BILLY       |
| STEVE       |
| STEVE       |
| STEVE       |
| STEVE       |
| STEVE       |
| STEVE       |
| STEVE       |
| STEVE       |
| STEVE       |
| STEVE       |
| STEVE       |
| STEVE       |
| STEVE       |
| STEVE       |
| STEVE       |
| STEVE       |
| STEVE       |
| STEVE       |
| STEVE       |
| STEVE       |
| STEVE       |
| STEVE       |
| STEVE       |
| STEVE       |
| STEVE       |
| STEVE       |
| STEVE       |
| STEVE       |
| STEVE       |
| STEVE       |
| STEVE       |
| STEVE       |
| STEVE       |
| STEVE       |
| LOUIS       |
| LOUIS       |
| LOUIS       |
| LOUIS       |
| LOUIS       |
| LOUIS       |
| LOUIS       |
| LOUIS       |
| LOUIS       |
| LOUIS       |
| LOUIS       |
| LOUIS       |
| LOUIS       |
| LOUIS       |
| LOUIS       |
| LOUIS       |
| LOUIS       |
| LOUIS       |
| LOUIS       |
| LOUIS       |
| LOUIS       |
| LOUIS       |
| LOUIS       |
| LOUIS       |
| LOUIS       |
| LOUIS       |
| LOUIS       |
| LOUIS       |
| LOUIS       |
| LOUIS       |
| LOUIS       |
| LOUIS       |
| LOUIS       |
| LOUIS       |
| LOUIS       |
| JEREMY      |
| JEREMY      |
| JEREMY      |
| JEREMY      |
| JEREMY      |
| JEREMY      |
| JEREMY      |
| JEREMY      |
| JEREMY      |
| JEREMY      |
| JEREMY      |
| JEREMY      |
| JEREMY      |
| JEREMY      |
| JEREMY      |
| JEREMY      |
| JEREMY      |
| JEREMY      |
| JEREMY      |
| JEREMY      |
| JEREMY      |
| JEREMY      |
| JEREMY      |
| JEREMY      |
| JEREMY      |
| JEREMY      |
| JEREMY      |
| JEREMY      |
| AARON       |
| AARON       |
| AARON       |
| AARON       |
| AARON       |
| AARON       |
| AARON       |
| AARON       |
| AARON       |
| AARON       |
| AARON       |
| AARON       |
| AARON       |
| AARON       |
| AARON       |
| AARON       |
| AARON       |
| AARON       |
| AARON       |
| AARON       |
| AARON       |
| AARON       |
| AARON       |
| AARON       |
| RANDY       |
| RANDY       |
| RANDY       |
| RANDY       |
| RANDY       |
| RANDY       |
| RANDY       |
| RANDY       |
| RANDY       |
| RANDY       |
| RANDY       |
| RANDY       |
| RANDY       |
| RANDY       |
| RANDY       |
| RANDY       |
| RANDY       |
| RANDY       |
| RANDY       |
| RANDY       |
| RANDY       |
| RANDY       |
| RANDY       |
| RANDY       |
| RANDY       |
| RANDY       |
| RANDY       |
| RANDY       |
| HOWARD      |
| HOWARD      |
| HOWARD      |
| HOWARD      |
| HOWARD      |
| HOWARD      |
| HOWARD      |
| HOWARD      |
| HOWARD      |
| HOWARD      |
| HOWARD      |
| HOWARD      |
| HOWARD      |
| HOWARD      |
| HOWARD      |
| HOWARD      |
| HOWARD      |
| HOWARD      |
| HOWARD      |
| HOWARD      |
| HOWARD      |
| HOWARD      |
| HOWARD      |
| HOWARD      |
| HOWARD      |
| HOWARD      |
| EUGENE      |
| EUGENE      |
| EUGENE      |
| EUGENE      |
| EUGENE      |
| EUGENE      |
| EUGENE      |
| EUGENE      |
| EUGENE      |
| EUGENE      |
| EUGENE      |
| EUGENE      |
| EUGENE      |
| EUGENE      |
| EUGENE      |
| EUGENE      |
| EUGENE      |
| EUGENE      |
| EUGENE      |
| CARLOS      |
| CARLOS      |
| CARLOS      |
| CARLOS      |
| CARLOS      |
| CARLOS      |
| CARLOS      |
| CARLOS      |
| CARLOS      |
| CARLOS      |
| CARLOS      |
| CARLOS      |
| CARLOS      |
| CARLOS      |
| CARLOS      |
| CARLOS      |
| CARLOS      |
| CARLOS      |
| CARLOS      |
| CARLOS      |
| CARLOS      |
| CARLOS      |
| CARLOS      |
| RUSSELL     |
| RUSSELL     |
| RUSSELL     |
| RUSSELL     |
| RUSSELL     |
| RUSSELL     |
| RUSSELL     |
| RUSSELL     |
| RUSSELL     |
| RUSSELL     |
| RUSSELL     |
| RUSSELL     |
| RUSSELL     |
| RUSSELL     |
| RUSSELL     |
| RUSSELL     |
| RUSSELL     |
| RUSSELL     |
| RUSSELL     |
| RUSSELL     |
| RUSSELL     |
| RUSSELL     |
| RUSSELL     |
| RUSSELL     |
| RUSSELL     |
| RUSSELL     |
| RUSSELL     |
| RUSSELL     |
| RUSSELL     |
| RUSSELL     |
| RUSSELL     |
| RUSSELL     |
| RUSSELL     |
| RUSSELL     |
| RUSSELL     |
| RUSSELL     |
| BOBBY       |
| BOBBY       |
| BOBBY       |
| BOBBY       |
| BOBBY       |
| BOBBY       |
| BOBBY       |
| BOBBY       |
| BOBBY       |
| BOBBY       |
| BOBBY       |
| BOBBY       |
| BOBBY       |
| BOBBY       |
| BOBBY       |
| BOBBY       |
| BOBBY       |
| BOBBY       |
| BOBBY       |
| BOBBY       |
| BOBBY       |
| BOBBY       |
| BOBBY       |
| BOBBY       |
| BOBBY       |
| BOBBY       |
| BOBBY       |
| BOBBY       |
| BOBBY       |
| BOBBY       |
| BOBBY       |
| BOBBY       |
| BOBBY       |
| BOBBY       |
| BOBBY       |
| VICTOR      |
| VICTOR      |
| VICTOR      |
| VICTOR      |
| VICTOR      |
| VICTOR      |
| VICTOR      |
| VICTOR      |
| VICTOR      |
| VICTOR      |
| VICTOR      |
| VICTOR      |
| VICTOR      |
| VICTOR      |
| VICTOR      |
| VICTOR      |
| VICTOR      |
| VICTOR      |
| VICTOR      |
| VICTOR      |
| VICTOR      |
| VICTOR      |
| VICTOR      |
| VICTOR      |
| MARTIN      |
| MARTIN      |
| MARTIN      |
| MARTIN      |
| MARTIN      |
| MARTIN      |
| MARTIN      |
| MARTIN      |
| MARTIN      |
| MARTIN      |
| MARTIN      |
| MARTIN      |
| MARTIN      |
| MARTIN      |
| MARTIN      |
| MARTIN      |
| MARTIN      |
| MARTIN      |
| MARTIN      |
| MARTIN      |
| MARTIN      |
| MARTIN      |
| MARTIN      |
| MARTIN      |
| MARTIN      |
| MARTIN      |
| MARTIN      |
| ERNEST      |
| ERNEST      |
| ERNEST      |
| ERNEST      |
| ERNEST      |
| ERNEST      |
| ERNEST      |
| ERNEST      |
| ERNEST      |
| ERNEST      |
| ERNEST      |
| ERNEST      |
| ERNEST      |
| ERNEST      |
| ERNEST      |
| ERNEST      |
| ERNEST      |
| ERNEST      |
| ERNEST      |
| ERNEST      |
| ERNEST      |
| ERNEST      |
| ERNEST      |
| ERNEST      |
| ERNEST      |
| PHILLIP     |
| PHILLIP     |
| PHILLIP     |
| PHILLIP     |
| PHILLIP     |
| PHILLIP     |
| PHILLIP     |
| PHILLIP     |
| PHILLIP     |
| PHILLIP     |
| PHILLIP     |
| PHILLIP     |
| PHILLIP     |
| PHILLIP     |
| PHILLIP     |
| PHILLIP     |
| PHILLIP     |
| PHILLIP     |
| PHILLIP     |
| PHILLIP     |
| PHILLIP     |
| PHILLIP     |
| PHILLIP     |
| PHILLIP     |
| PHILLIP     |
| PHILLIP     |
| TODD        |
| TODD        |
| TODD        |
| TODD        |
| TODD        |
| TODD        |
| TODD        |
| TODD        |
| TODD        |
| TODD        |
| TODD        |
| TODD        |
| TODD        |
| TODD        |
| TODD        |
| TODD        |
| TODD        |
| TODD        |
| TODD        |
| TODD        |
| TODD        |
| TODD        |
| TODD        |
| TODD        |
| TODD        |
| TODD        |
| TODD        |
| TODD        |
| TODD        |
| JESSE       |
| JESSE       |
| JESSE       |
| JESSE       |
| JESSE       |
| JESSE       |
| JESSE       |
| JESSE       |
| JESSE       |
| JESSE       |
| JESSE       |
| JESSE       |
| JESSE       |
| JESSE       |
| JESSE       |
| JESSE       |
| JESSE       |
| JESSE       |
| JESSE       |
| JESSE       |
| JESSE       |
| JESSE       |
| JESSE       |
| JESSE       |
| JESSE       |
| JESSE       |
| CRAIG       |
| CRAIG       |
| CRAIG       |
| CRAIG       |
| CRAIG       |
| CRAIG       |
| CRAIG       |
| CRAIG       |
| CRAIG       |
| CRAIG       |
| CRAIG       |
| CRAIG       |
| CRAIG       |
| CRAIG       |
| CRAIG       |
| CRAIG       |
| CRAIG       |
| CRAIG       |
| CRAIG       |
| CRAIG       |
| CRAIG       |
| CRAIG       |
| CRAIG       |
| CRAIG       |
| CRAIG       |
| CRAIG       |
| CRAIG       |
| CRAIG       |
| CRAIG       |
| CRAIG       |
| ALAN        |
| ALAN        |
| ALAN        |
| ALAN        |
| ALAN        |
| ALAN        |
| ALAN        |
| ALAN        |
| ALAN        |
| ALAN        |
| ALAN        |
| ALAN        |
| ALAN        |
| ALAN        |
| ALAN        |
| ALAN        |
| ALAN        |
| ALAN        |
| ALAN        |
| ALAN        |
| ALAN        |
| ALAN        |
| ALAN        |
| ALAN        |
| ALAN        |
| ALAN        |
| SHAWN       |
| SHAWN       |
| SHAWN       |
| SHAWN       |
| SHAWN       |
| SHAWN       |
| SHAWN       |
| SHAWN       |
| SHAWN       |
| SHAWN       |
| SHAWN       |
| SHAWN       |
| SHAWN       |
| SHAWN       |
| SHAWN       |
| SHAWN       |
| SHAWN       |
| SHAWN       |
| SHAWN       |
| SHAWN       |
| SHAWN       |
| SHAWN       |
| SHAWN       |
| SHAWN       |
| SHAWN       |
| SHAWN       |
| SHAWN       |
| SHAWN       |
| SHAWN       |
| SHAWN       |
| SHAWN       |
| SHAWN       |
| SHAWN       |
| CLARENCE    |
| CLARENCE    |
| CLARENCE    |
| CLARENCE    |
| CLARENCE    |
| CLARENCE    |
| CLARENCE    |
| CLARENCE    |
| CLARENCE    |
| CLARENCE    |
| CLARENCE    |
| CLARENCE    |
| CLARENCE    |
| CLARENCE    |
| CLARENCE    |
| CLARENCE    |
| CLARENCE    |
| CLARENCE    |
| CLARENCE    |
| CLARENCE    |
| CLARENCE    |
| CLARENCE    |
| CLARENCE    |
| CLARENCE    |
| CLARENCE    |
| CLARENCE    |
| CLARENCE    |
| CLARENCE    |
| CLARENCE    |
| CLARENCE    |
| SEAN        |
| SEAN        |
| SEAN        |
| SEAN        |
| SEAN        |
| SEAN        |
| SEAN        |
| SEAN        |
| SEAN        |
| SEAN        |
| SEAN        |
| SEAN        |
| SEAN        |
| SEAN        |
| SEAN        |
| SEAN        |
| SEAN        |
| SEAN        |
| SEAN        |
| SEAN        |
| SEAN        |
| SEAN        |
| SEAN        |
| PHILIP      |
| PHILIP      |
| PHILIP      |
| PHILIP      |
| PHILIP      |
| PHILIP      |
| PHILIP      |
| PHILIP      |
| PHILIP      |
| PHILIP      |
| PHILIP      |
| PHILIP      |
| PHILIP      |
| PHILIP      |
| PHILIP      |
| PHILIP      |
| PHILIP      |
| PHILIP      |
| PHILIP      |
| PHILIP      |
| PHILIP      |
| PHILIP      |
| PHILIP      |
| PHILIP      |
| PHILIP      |
| PHILIP      |
| PHILIP      |
| PHILIP      |
| PHILIP      |
| PHILIP      |
| PHILIP      |
| CHRIS       |
| CHRIS       |
| CHRIS       |
| CHRIS       |
| CHRIS       |
| CHRIS       |
| CHRIS       |
| CHRIS       |
| CHRIS       |
| CHRIS       |
| CHRIS       |
| CHRIS       |
| CHRIS       |
| CHRIS       |
| CHRIS       |
| CHRIS       |
| CHRIS       |
| CHRIS       |
| CHRIS       |
| CHRIS       |
| CHRIS       |
| CHRIS       |
| JOHNNY      |
| JOHNNY      |
| JOHNNY      |
| JOHNNY      |
| JOHNNY      |
| JOHNNY      |
| JOHNNY      |
| JOHNNY      |
| JOHNNY      |
| JOHNNY      |
| JOHNNY      |
| JOHNNY      |
| JOHNNY      |
| JOHNNY      |
| JOHNNY      |
| JOHNNY      |
| JOHNNY      |
| JOHNNY      |
| JOHNNY      |
| EARL        |
| EARL        |
| EARL        |
| EARL        |
| EARL        |
| EARL        |
| EARL        |
| EARL        |
| EARL        |
| EARL        |
| EARL        |
| EARL        |
| EARL        |
| EARL        |
| EARL        |
| EARL        |
| EARL        |
| EARL        |
| EARL        |
| EARL        |
| EARL        |
| EARL        |
| EARL        |
| EARL        |
| EARL        |
| EARL        |
| EARL        |
| JIMMY       |
| JIMMY       |
| JIMMY       |
| JIMMY       |
| JIMMY       |
| JIMMY       |
| JIMMY       |
| JIMMY       |
| JIMMY       |
| JIMMY       |
| JIMMY       |
| JIMMY       |
| JIMMY       |
| JIMMY       |
| JIMMY       |
| JIMMY       |
| JIMMY       |
| JIMMY       |
| JIMMY       |
| JIMMY       |
| JIMMY       |
| JIMMY       |
| JIMMY       |
| JIMMY       |
| JIMMY       |
| JIMMY       |
| JIMMY       |
| JIMMY       |
| JIMMY       |
| ANTONIO     |
| ANTONIO     |
| ANTONIO     |
| ANTONIO     |
| ANTONIO     |
| ANTONIO     |
| ANTONIO     |
| ANTONIO     |
| ANTONIO     |
| ANTONIO     |
| ANTONIO     |
| ANTONIO     |
| ANTONIO     |
| ANTONIO     |
| ANTONIO     |
| ANTONIO     |
| DANNY       |
| DANNY       |
| DANNY       |
| DANNY       |
| DANNY       |
| DANNY       |
| DANNY       |
| DANNY       |
| DANNY       |
| DANNY       |
| DANNY       |
| DANNY       |
| DANNY       |
| DANNY       |
| DANNY       |
| DANNY       |
| DANNY       |
| DANNY       |
| DANNY       |
| DANNY       |
| DANNY       |
| BRYAN       |
| BRYAN       |
| BRYAN       |
| BRYAN       |
| BRYAN       |
| BRYAN       |
| BRYAN       |
| BRYAN       |
| BRYAN       |
| BRYAN       |
| BRYAN       |
| BRYAN       |
| BRYAN       |
| BRYAN       |
| BRYAN       |
| BRYAN       |
| BRYAN       |
| BRYAN       |
| BRYAN       |
| BRYAN       |
| BRYAN       |
| BRYAN       |
| BRYAN       |
| BRYAN       |
| BRYAN       |
| BRYAN       |
| BRYAN       |
| BRYAN       |
| TONY        |
| TONY        |
| TONY        |
| TONY        |
| TONY        |
| TONY        |
| TONY        |
| TONY        |
| TONY        |
| TONY        |
| TONY        |
| TONY        |
| TONY        |
| TONY        |
| TONY        |
| TONY        |
| TONY        |
| TONY        |
| TONY        |
| TONY        |
| TONY        |
| LUIS        |
| LUIS        |
| LUIS        |
| LUIS        |
| LUIS        |
| LUIS        |
| LUIS        |
| LUIS        |
| LUIS        |
| LUIS        |
| LUIS        |
| LUIS        |
| LUIS        |
| LUIS        |
| LUIS        |
| LUIS        |
| LUIS        |
| LUIS        |
| LUIS        |
| LUIS        |
| MIKE        |
| MIKE        |
| MIKE        |
| MIKE        |
| MIKE        |
| MIKE        |
| MIKE        |
| MIKE        |
| MIKE        |
| MIKE        |
| MIKE        |
| MIKE        |
| MIKE        |
| MIKE        |
| MIKE        |
| MIKE        |
| MIKE        |
| MIKE        |
| MIKE        |
| MIKE        |
| MIKE        |
| MIKE        |
| MIKE        |
| MIKE        |
| MIKE        |
| MIKE        |
| MIKE        |
| MIKE        |
| MIKE        |
| MIKE        |
| MIKE        |
| MIKE        |
| MIKE        |
| MIKE        |
| MIKE        |
| STANLEY     |
| STANLEY     |
| STANLEY     |
| STANLEY     |
| STANLEY     |
| STANLEY     |
| STANLEY     |
| STANLEY     |
| STANLEY     |
| STANLEY     |
| STANLEY     |
| STANLEY     |
| STANLEY     |
| STANLEY     |
| STANLEY     |
| STANLEY     |
| STANLEY     |
| STANLEY     |
| STANLEY     |
| STANLEY     |
| STANLEY     |
| STANLEY     |
| STANLEY     |
| STANLEY     |
| STANLEY     |
| STANLEY     |
| STANLEY     |
| STANLEY     |
| STANLEY     |
| STANLEY     |
| LEONARD     |
| LEONARD     |
| LEONARD     |
| LEONARD     |
| LEONARD     |
| LEONARD     |
| LEONARD     |
| LEONARD     |
| LEONARD     |
| LEONARD     |
| LEONARD     |
| LEONARD     |
| LEONARD     |
| LEONARD     |
| LEONARD     |
| LEONARD     |
| LEONARD     |
| LEONARD     |
| LEONARD     |
| LEONARD     |
| LEONARD     |
| LEONARD     |
| LEONARD     |
| LEONARD     |
| LEONARD     |
| LEONARD     |
| LEONARD     |
| LEONARD     |
| LEONARD     |
| LEONARD     |
| LEONARD     |
| LEONARD     |
| NATHAN      |
| NATHAN      |
| NATHAN      |
| NATHAN      |
| NATHAN      |
| NATHAN      |
| NATHAN      |
| NATHAN      |
| NATHAN      |
| NATHAN      |
| NATHAN      |
| NATHAN      |
| NATHAN      |
| NATHAN      |
| NATHAN      |
| NATHAN      |
| NATHAN      |
| NATHAN      |
| NATHAN      |
| NATHAN      |
| NATHAN      |
| NATHAN      |
| NATHAN      |
| NATHAN      |
| NATHAN      |
| NATHAN      |
| NATHAN      |
| NATHAN      |
| NATHAN      |
| NATHAN      |
| NATHAN      |
| NATHAN      |
| DALE        |
| DALE        |
| DALE        |
| DALE        |
| DALE        |
| DALE        |
| DALE        |
| DALE        |
| DALE        |
| DALE        |
| DALE        |
| DALE        |
| DALE        |
| DALE        |
| DALE        |
| DALE        |
| DALE        |
| DALE        |
| DALE        |
| DALE        |
| DALE        |
| DALE        |
| DALE        |
| DALE        |
| DALE        |
| DALE        |
| DALE        |
| MANUEL      |
| MANUEL      |
| MANUEL      |
| MANUEL      |
| MANUEL      |
| MANUEL      |
| MANUEL      |
| MANUEL      |
| MANUEL      |
| MANUEL      |
| MANUEL      |
| MANUEL      |
| MANUEL      |
| MANUEL      |
| MANUEL      |
| MANUEL      |
| MANUEL      |
| MANUEL      |
| MANUEL      |
| MANUEL      |
| MANUEL      |
| MANUEL      |
| MANUEL      |
| MANUEL      |
| MANUEL      |
| MANUEL      |
| MANUEL      |
| MANUEL      |
| MANUEL      |
| MANUEL      |
| RODNEY      |
| RODNEY      |
| RODNEY      |
| RODNEY      |
| RODNEY      |
| RODNEY      |
| RODNEY      |
| RODNEY      |
| RODNEY      |
| RODNEY      |
| RODNEY      |
| RODNEY      |
| RODNEY      |
| RODNEY      |
| RODNEY      |
| RODNEY      |
| RODNEY      |
| RODNEY      |
| RODNEY      |
| RODNEY      |
| RODNEY      |
| RODNEY      |
| RODNEY      |
| CURTIS      |
| CURTIS      |
| CURTIS      |
| CURTIS      |
| CURTIS      |
| CURTIS      |
| CURTIS      |
| CURTIS      |
| CURTIS      |
| CURTIS      |
| CURTIS      |
| CURTIS      |
| CURTIS      |
| CURTIS      |
| CURTIS      |
| CURTIS      |
| CURTIS      |
| CURTIS      |
| CURTIS      |
| CURTIS      |
| CURTIS      |
| CURTIS      |
| CURTIS      |
| CURTIS      |
| CURTIS      |
| CURTIS      |
| CURTIS      |
| CURTIS      |
| CURTIS      |
| CURTIS      |
| CURTIS      |
| CURTIS      |
| CURTIS      |
| CURTIS      |
| CURTIS      |
| CURTIS      |
| CURTIS      |
| CURTIS      |
| NORMAN      |
| NORMAN      |
| NORMAN      |
| NORMAN      |
| NORMAN      |
| NORMAN      |
| NORMAN      |
| NORMAN      |
| NORMAN      |
| NORMAN      |
| NORMAN      |
| NORMAN      |
| NORMAN      |
| NORMAN      |
| NORMAN      |
| NORMAN      |
| NORMAN      |
| NORMAN      |
| NORMAN      |
| NORMAN      |
| NORMAN      |
| NORMAN      |
| NORMAN      |
| NORMAN      |
| NORMAN      |
| NORMAN      |
| ALLEN       |
| ALLEN       |
| ALLEN       |
| ALLEN       |
| ALLEN       |
| ALLEN       |
| ALLEN       |
| ALLEN       |
| ALLEN       |
| ALLEN       |
| ALLEN       |
| ALLEN       |
| ALLEN       |
| ALLEN       |
| ALLEN       |
| ALLEN       |
| ALLEN       |
| ALLEN       |
| ALLEN       |
| ALLEN       |
| ALLEN       |
| MARVIN      |
| MARVIN      |
| MARVIN      |
| MARVIN      |
| MARVIN      |
| MARVIN      |
| MARVIN      |
| MARVIN      |
| MARVIN      |
| MARVIN      |
| MARVIN      |
| MARVIN      |
| MARVIN      |
| MARVIN      |
| MARVIN      |
| MARVIN      |
| MARVIN      |
| MARVIN      |
| MARVIN      |
| MARVIN      |
| MARVIN      |
| VINCENT     |
| VINCENT     |
| VINCENT     |
| VINCENT     |
| VINCENT     |
| VINCENT     |
| VINCENT     |
| VINCENT     |
| VINCENT     |
| VINCENT     |
| VINCENT     |
| VINCENT     |
| VINCENT     |
| VINCENT     |
| VINCENT     |
| VINCENT     |
| VINCENT     |
| VINCENT     |
| VINCENT     |
| VINCENT     |
| VINCENT     |
| VINCENT     |
| VINCENT     |
| VINCENT     |
| VINCENT     |
| GLENN       |
| GLENN       |
| GLENN       |
| GLENN       |
| GLENN       |
| GLENN       |
| GLENN       |
| GLENN       |
| GLENN       |
| GLENN       |
| GLENN       |
| GLENN       |
| GLENN       |
| GLENN       |
| GLENN       |
| GLENN       |
| GLENN       |
| GLENN       |
| GLENN       |
| GLENN       |
| GLENN       |
| GLENN       |
| GLENN       |
| JEFFERY     |
| JEFFERY     |
| JEFFERY     |
| JEFFERY     |
| JEFFERY     |
| JEFFERY     |
| JEFFERY     |
| JEFFERY     |
| JEFFERY     |
| JEFFERY     |
| JEFFERY     |
| JEFFERY     |
| JEFFERY     |
| JEFFERY     |
| JEFFERY     |
| JEFFERY     |
| JEFFERY     |
| JEFFERY     |
| JEFFERY     |
| JEFFERY     |
| JEFFERY     |
| JEFFERY     |
| JEFFERY     |
| JEFFERY     |
| JEFFERY     |
| JEFFERY     |
| JEFFERY     |
| JEFFERY     |
| JEFFERY     |
| JEFFERY     |
| JEFFERY     |
| TRAVIS      |
| TRAVIS      |
| TRAVIS      |
| TRAVIS      |
| TRAVIS      |
| TRAVIS      |
| TRAVIS      |
| TRAVIS      |
| TRAVIS      |
| TRAVIS      |
| TRAVIS      |
| TRAVIS      |
| TRAVIS      |
| TRAVIS      |
| TRAVIS      |
| TRAVIS      |
| TRAVIS      |
| TRAVIS      |
| TRAVIS      |
| TRAVIS      |
| TRAVIS      |
| TRAVIS      |
| TRAVIS      |
| TRAVIS      |
| TRAVIS      |
| JEFF        |
| JEFF        |
| JEFF        |
| JEFF        |
| JEFF        |
| JEFF        |
| JEFF        |
| JEFF        |
| JEFF        |
| JEFF        |
| JEFF        |
| JEFF        |
| JEFF        |
| JEFF        |
| JEFF        |
| JEFF        |
| JEFF        |
| JEFF        |
| JEFF        |
| JEFF        |
| JEFF        |
| JEFF        |
| JEFF        |
| JEFF        |
| JEFF        |
| JEFF        |
| JEFF        |
| JEFF        |
| JEFF        |
| JEFF        |
| CHAD        |
| CHAD        |
| CHAD        |
| CHAD        |
| CHAD        |
| CHAD        |
| CHAD        |
| CHAD        |
| CHAD        |
| CHAD        |
| CHAD        |
| CHAD        |
| CHAD        |
| CHAD        |
| CHAD        |
| CHAD        |
| CHAD        |
| CHAD        |
| CHAD        |
| CHAD        |
| CHAD        |
| CHAD        |
| CHAD        |
| CHAD        |
| CHAD        |
| JACOB       |
| JACOB       |
| JACOB       |
| JACOB       |
| JACOB       |
| JACOB       |
| JACOB       |
| JACOB       |
| JACOB       |
| JACOB       |
| JACOB       |
| JACOB       |
| JACOB       |
| JACOB       |
| JACOB       |
| JACOB       |
| JACOB       |
| JACOB       |
| JACOB       |
| JACOB       |
| JACOB       |
| LEE         |
| LEE         |
| LEE         |
| LEE         |
| LEE         |
| LEE         |
| LEE         |
| LEE         |
| LEE         |
| LEE         |
| LEE         |
| LEE         |
| LEE         |
| LEE         |
| LEE         |
| LEE         |
| LEE         |
| LEE         |
| LEE         |
| LEE         |
| LEE         |
| LEE         |
| LEE         |
| LEE         |
| LEE         |
| LEE         |
| LEE         |
| MELVIN      |
| MELVIN      |
| MELVIN      |
| MELVIN      |
| MELVIN      |
| MELVIN      |
| MELVIN      |
| MELVIN      |
| MELVIN      |
| MELVIN      |
| MELVIN      |
| MELVIN      |
| MELVIN      |
| MELVIN      |
| MELVIN      |
| MELVIN      |
| MELVIN      |
| MELVIN      |
| MELVIN      |
| MELVIN      |
| MELVIN      |
| MELVIN      |
| MELVIN      |
| MELVIN      |
| MELVIN      |
| MELVIN      |
| ALFRED      |
| ALFRED      |
| ALFRED      |
| ALFRED      |
| ALFRED      |
| ALFRED      |
| ALFRED      |
| ALFRED      |
| ALFRED      |
| ALFRED      |
| ALFRED      |
| ALFRED      |
| ALFRED      |
| ALFRED      |
| ALFRED      |
| ALFRED      |
| ALFRED      |
| ALFRED      |
| ALFRED      |
| ALFRED      |
| ALFRED      |
| ALFRED      |
| ALFRED      |
| ALFRED      |
| ALFRED      |
| ALFRED      |
| KYLE        |
| KYLE        |
| KYLE        |
| KYLE        |
| KYLE        |
| KYLE        |
| KYLE        |
| KYLE        |
| KYLE        |
| KYLE        |
| KYLE        |
| KYLE        |
| KYLE        |
| KYLE        |
| KYLE        |
| KYLE        |
| KYLE        |
| KYLE        |
| KYLE        |
| KYLE        |
| KYLE        |
| KYLE        |
| KYLE        |
| KYLE        |
| KYLE        |
| KYLE        |
| KYLE        |
| KYLE        |
| KYLE        |
| KYLE        |
| FRANCIS     |
| FRANCIS     |
| FRANCIS     |
| FRANCIS     |
| FRANCIS     |
| FRANCIS     |
| FRANCIS     |
| FRANCIS     |
| FRANCIS     |
| FRANCIS     |
| FRANCIS     |
| FRANCIS     |
| FRANCIS     |
| FRANCIS     |
| FRANCIS     |
| FRANCIS     |
| FRANCIS     |
| FRANCIS     |
| FRANCIS     |
| FRANCIS     |
| FRANCIS     |
| FRANCIS     |
| FRANCIS     |
| FRANCIS     |
| FRANCIS     |
| FRANCIS     |
| BRADLEY     |
| BRADLEY     |
| BRADLEY     |
| BRADLEY     |
| BRADLEY     |
| BRADLEY     |
| BRADLEY     |
| BRADLEY     |
| BRADLEY     |
| BRADLEY     |
| BRADLEY     |
| BRADLEY     |
| BRADLEY     |
| BRADLEY     |
| BRADLEY     |
| BRADLEY     |
| BRADLEY     |
| BRADLEY     |
| BRADLEY     |
| BRADLEY     |
| BRADLEY     |
| BRADLEY     |
| BRADLEY     |
| BRADLEY     |
| BRADLEY     |
| BRADLEY     |
| BRADLEY     |
| JESUS       |
| JESUS       |
| JESUS       |
| JESUS       |
| JESUS       |
| JESUS       |
| JESUS       |
| JESUS       |
| JESUS       |
| JESUS       |
| JESUS       |
| JESUS       |
| JESUS       |
| JESUS       |
| JESUS       |
| JESUS       |
| JESUS       |
| JESUS       |
| JESUS       |
| JESUS       |
| JESUS       |
| JESUS       |
| JESUS       |
| JESUS       |
| HERBERT     |
| HERBERT     |
| HERBERT     |
| HERBERT     |
| HERBERT     |
| HERBERT     |
| HERBERT     |
| HERBERT     |
| HERBERT     |
| HERBERT     |
| HERBERT     |
| HERBERT     |
| HERBERT     |
| HERBERT     |
| HERBERT     |
| HERBERT     |
| HERBERT     |
| HERBERT     |
| HERBERT     |
| HERBERT     |
| FREDERICK   |
| FREDERICK   |
| FREDERICK   |
| FREDERICK   |
| FREDERICK   |
| FREDERICK   |
| FREDERICK   |
| FREDERICK   |
| FREDERICK   |
| FREDERICK   |
| FREDERICK   |
| FREDERICK   |
| FREDERICK   |
| FREDERICK   |
| FREDERICK   |
| FREDERICK   |
| FREDERICK   |
| FREDERICK   |
| FREDERICK   |
| FREDERICK   |
| FREDERICK   |
| RAY         |
| RAY         |
| RAY         |
| RAY         |
| RAY         |
| RAY         |
| RAY         |
| RAY         |
| RAY         |
| RAY         |
| RAY         |
| RAY         |
| RAY         |
| RAY         |
| RAY         |
| RAY         |
| RAY         |
| RAY         |
| RAY         |
| RAY         |
| RAY         |
| RAY         |
| JOEL        |
| JOEL        |
| JOEL        |
| JOEL        |
| JOEL        |
| JOEL        |
| JOEL        |
| JOEL        |
| JOEL        |
| JOEL        |
| JOEL        |
| JOEL        |
| JOEL        |
| JOEL        |
| JOEL        |
| JOEL        |
| JOEL        |
| JOEL        |
| JOEL        |
| JOEL        |
| JOEL        |
| JOEL        |
| JOEL        |
| EDWIN       |
| EDWIN       |
| EDWIN       |
| EDWIN       |
| EDWIN       |
| EDWIN       |
| EDWIN       |
| EDWIN       |
| EDWIN       |
| EDWIN       |
| EDWIN       |
| EDWIN       |
| EDWIN       |
| EDWIN       |
| EDWIN       |
| EDWIN       |
| EDWIN       |
| EDWIN       |
| EDWIN       |
| EDWIN       |
| EDWIN       |
| EDWIN       |
| EDWIN       |
| DON         |
| DON         |
| DON         |
| DON         |
| DON         |
| DON         |
| DON         |
| DON         |
| DON         |
| DON         |
| DON         |
| DON         |
| DON         |
| DON         |
| DON         |
| DON         |
| DON         |
| DON         |
| DON         |
| DON         |
| DON         |
| DON         |
| DON         |
| DON         |
| DON         |
| EDDIE       |
| EDDIE       |
| EDDIE       |
| EDDIE       |
| EDDIE       |
| EDDIE       |
| EDDIE       |
| EDDIE       |
| EDDIE       |
| EDDIE       |
| EDDIE       |
| EDDIE       |
| EDDIE       |
| EDDIE       |
| EDDIE       |
| EDDIE       |
| EDDIE       |
| EDDIE       |
| EDDIE       |
| EDDIE       |
| EDDIE       |
| EDDIE       |
| EDDIE       |
| EDDIE       |
| EDDIE       |
| EDDIE       |
| EDDIE       |
| RICKY       |
| RICKY       |
| RICKY       |
| RICKY       |
| RICKY       |
| RICKY       |
| RICKY       |
| RICKY       |
| RICKY       |
| RICKY       |
| RICKY       |
| RICKY       |
| RICKY       |
| RICKY       |
| RICKY       |
| RICKY       |
| RICKY       |
| RICKY       |
| RICKY       |
| RICKY       |
| RICKY       |
| RICKY       |
| RICKY       |
| RICKY       |
| RICKY       |
| TROY        |
| TROY        |
| TROY        |
| TROY        |
| TROY        |
| TROY        |
| TROY        |
| TROY        |
| TROY        |
| TROY        |
| TROY        |
| TROY        |
| TROY        |
| TROY        |
| TROY        |
| TROY        |
| TROY        |
| TROY        |
| TROY        |
| TROY        |
| TROY        |
| TROY        |
| TROY        |
| TROY        |
| TROY        |
| TROY        |
| TROY        |
| TROY        |
| TROY        |
| TROY        |
| RANDALL     |
| RANDALL     |
| RANDALL     |
| RANDALL     |
| RANDALL     |
| RANDALL     |
| RANDALL     |
| RANDALL     |
| RANDALL     |
| RANDALL     |
| RANDALL     |
| RANDALL     |
| RANDALL     |
| RANDALL     |
| RANDALL     |
| RANDALL     |
| RANDALL     |
| RANDALL     |
| RANDALL     |
| RANDALL     |
| RANDALL     |
| RANDALL     |
| RANDALL     |
| BARRY       |
| BARRY       |
| BARRY       |
| BARRY       |
| BARRY       |
| BARRY       |
| BARRY       |
| BARRY       |
| BARRY       |
| BARRY       |
| BARRY       |
| BARRY       |
| BARRY       |
| BARRY       |
| BARRY       |
| BARRY       |
| BARRY       |
| BARRY       |
| BARRY       |
| BARRY       |
| BARRY       |
| BARRY       |
| BARRY       |
| BARRY       |
| BARRY       |
| BARRY       |
| BARRY       |
| BARRY       |
| BARRY       |
| BARRY       |
| BARRY       |
| BARRY       |
| BARRY       |
| ALEXANDER   |
| ALEXANDER   |
| ALEXANDER   |
| ALEXANDER   |
| ALEXANDER   |
| ALEXANDER   |
| ALEXANDER   |
| ALEXANDER   |
| ALEXANDER   |
| ALEXANDER   |
| ALEXANDER   |
| ALEXANDER   |
| ALEXANDER   |
| ALEXANDER   |
| ALEXANDER   |
| ALEXANDER   |
| ALEXANDER   |
| ALEXANDER   |
| ALEXANDER   |
| ALEXANDER   |
| ALEXANDER   |
| ALEXANDER   |
| ALEXANDER   |
| ALEXANDER   |
| ALEXANDER   |
| ALEXANDER   |
| ALEXANDER   |
| ALEXANDER   |
| ALEXANDER   |
| ALEXANDER   |
| ALEXANDER   |
| ALEXANDER   |
| ALEXANDER   |
| ALEXANDER   |
| ALEXANDER   |
| ALEXANDER   |
| BERNARD     |
| BERNARD     |
| BERNARD     |
| BERNARD     |
| BERNARD     |
| BERNARD     |
| BERNARD     |
| BERNARD     |
| BERNARD     |
| BERNARD     |
| BERNARD     |
| BERNARD     |
| BERNARD     |
| BERNARD     |
| BERNARD     |
| BERNARD     |
| BERNARD     |
| BERNARD     |
| BERNARD     |
| BERNARD     |
| BERNARD     |
| BERNARD     |
| MARIO       |
| MARIO       |
| MARIO       |
| MARIO       |
| MARIO       |
| MARIO       |
| MARIO       |
| MARIO       |
| MARIO       |
| MARIO       |
| MARIO       |
| MARIO       |
| MARIO       |
| MARIO       |
| MARIO       |
| MARIO       |
| MARIO       |
| MARIO       |
| MARIO       |
| MARIO       |
| MARIO       |
| MARIO       |
| MARIO       |
| MARIO       |
| MARIO       |
| MARIO       |
| MARIO       |
| MARIO       |
| LEROY       |
| LEROY       |
| LEROY       |
| LEROY       |
| LEROY       |
| LEROY       |
| LEROY       |
| LEROY       |
| LEROY       |
| LEROY       |
| LEROY       |
| LEROY       |
| LEROY       |
| LEROY       |
| LEROY       |
| LEROY       |
| LEROY       |
| LEROY       |
| LEROY       |
| LEROY       |
| LEROY       |
| LEROY       |
| LEROY       |
| LEROY       |
| LEROY       |
| LEROY       |
| LEROY       |
| LEROY       |
| LEROY       |
| LEROY       |
| LEROY       |
| LEROY       |
| FRANCISCO   |
| FRANCISCO   |
| FRANCISCO   |
| FRANCISCO   |
| FRANCISCO   |
| FRANCISCO   |
| FRANCISCO   |
| FRANCISCO   |
| FRANCISCO   |
| FRANCISCO   |
| FRANCISCO   |
| FRANCISCO   |
| FRANCISCO   |
| FRANCISCO   |
| FRANCISCO   |
| FRANCISCO   |
| FRANCISCO   |
| FRANCISCO   |
| FRANCISCO   |
| FRANCISCO   |
| FRANCISCO   |
| FRANCISCO   |
| MARCUS      |
| MARCUS      |
| MARCUS      |
| MARCUS      |
| MARCUS      |
| MARCUS      |
| MARCUS      |
| MARCUS      |
| MARCUS      |
| MARCUS      |
| MARCUS      |
| MARCUS      |
| MARCUS      |
| MARCUS      |
| MARCUS      |
| MARCUS      |
| MARCUS      |
| MARCUS      |
| MARCUS      |
| MARCUS      |
| MARCUS      |
| MARCUS      |
| MARCUS      |
| MARCUS      |
| MARCUS      |
| MARCUS      |
| MARCUS      |
| MARCUS      |
| MARCUS      |
| MARCUS      |
| MICHEAL     |
| MICHEAL     |
| MICHEAL     |
| MICHEAL     |
| MICHEAL     |
| MICHEAL     |
| MICHEAL     |
| MICHEAL     |
| MICHEAL     |
| MICHEAL     |
| MICHEAL     |
| MICHEAL     |
| MICHEAL     |
| MICHEAL     |
| MICHEAL     |
| MICHEAL     |
| MICHEAL     |
| MICHEAL     |
| MICHEAL     |
| MICHEAL     |
| MICHEAL     |
| MICHEAL     |
| MICHEAL     |
| MICHEAL     |
| MICHEAL     |
| MICHEAL     |
| THEODORE    |
| THEODORE    |
| THEODORE    |
| THEODORE    |
| THEODORE    |
| THEODORE    |
| THEODORE    |
| THEODORE    |
| THEODORE    |
| THEODORE    |
| THEODORE    |
| THEODORE    |
| THEODORE    |
| THEODORE    |
| THEODORE    |
| THEODORE    |
| THEODORE    |
| THEODORE    |
| THEODORE    |
| THEODORE    |
| THEODORE    |
| THEODORE    |
| THEODORE    |
| THEODORE    |
| THEODORE    |
| THEODORE    |
| THEODORE    |
| THEODORE    |
| THEODORE    |
| THEODORE    |
| THEODORE    |
| CLIFFORD    |
| CLIFFORD    |
| CLIFFORD    |
| CLIFFORD    |
| CLIFFORD    |
| CLIFFORD    |
| CLIFFORD    |
| CLIFFORD    |
| CLIFFORD    |
| CLIFFORD    |
| CLIFFORD    |
| CLIFFORD    |
| CLIFFORD    |
| CLIFFORD    |
| CLIFFORD    |
| CLIFFORD    |
| CLIFFORD    |
| CLIFFORD    |
| CLIFFORD    |
| CLIFFORD    |
| CLIFFORD    |
| CLIFFORD    |
| CLIFFORD    |
| CLIFFORD    |
| CLIFFORD    |
| CLIFFORD    |
| CLIFFORD    |
| CLIFFORD    |
| CLIFFORD    |
| MIGUEL      |
| MIGUEL      |
| MIGUEL      |
| MIGUEL      |
| MIGUEL      |
| MIGUEL      |
| MIGUEL      |
| MIGUEL      |
| MIGUEL      |
| MIGUEL      |
| MIGUEL      |
| MIGUEL      |
| MIGUEL      |
| MIGUEL      |
| MIGUEL      |
| MIGUEL      |
| MIGUEL      |
| MIGUEL      |
| MIGUEL      |
| MIGUEL      |
| MIGUEL      |
| MIGUEL      |
| MIGUEL      |
| MIGUEL      |
| MIGUEL      |
| MIGUEL      |
| MIGUEL      |
| MIGUEL      |
| MIGUEL      |
| OSCAR       |
| OSCAR       |
| OSCAR       |
| OSCAR       |
| OSCAR       |
| OSCAR       |
| OSCAR       |
| OSCAR       |
| OSCAR       |
| OSCAR       |
| OSCAR       |
| OSCAR       |
| OSCAR       |
| OSCAR       |
| OSCAR       |
| OSCAR       |
| OSCAR       |
| OSCAR       |
| OSCAR       |
| OSCAR       |
| JAY         |
| JAY         |
| JAY         |
| JAY         |
| JAY         |
| JAY         |
| JAY         |
| JAY         |
| JAY         |
| JAY         |
| JAY         |
| JAY         |
| JAY         |
| JAY         |
| JAY         |
| JAY         |
| JAY         |
| JAY         |
| JAY         |
| JAY         |
| JAY         |
| JAY         |
| JAY         |
| JAY         |
| JAY         |
| JAY         |
| JIM         |
| JIM         |
| JIM         |
| JIM         |
| JIM         |
| JIM         |
| JIM         |
| JIM         |
| JIM         |
| JIM         |
| JIM         |
| JIM         |
| JIM         |
| JIM         |
| JIM         |
| JIM         |
| JIM         |
| JIM         |
| JIM         |
| JIM         |
| JIM         |
| JIM         |
| JIM         |
| JIM         |
| JIM         |
| JIM         |
| JIM         |
| JIM         |
| JIM         |
| JIM         |
| JIM         |
| JIM         |
| JIM         |
| TOM         |
| TOM         |
| TOM         |
| TOM         |
| TOM         |
| TOM         |
| TOM         |
| TOM         |
| TOM         |
| TOM         |
| TOM         |
| TOM         |
| TOM         |
| TOM         |
| TOM         |
| TOM         |
| TOM         |
| TOM         |
| TOM         |
| TOM         |
| TOM         |
| TOM         |
| TOM         |
| TOM         |
| TOM         |
| TOM         |
| TOM         |
| TOM         |
| TOM         |
| TOM         |
| TOM         |
| TOM         |
| CALVIN      |
| CALVIN      |
| CALVIN      |
| CALVIN      |
| CALVIN      |
| CALVIN      |
| CALVIN      |
| CALVIN      |
| CALVIN      |
| CALVIN      |
| CALVIN      |
| CALVIN      |
| CALVIN      |
| CALVIN      |
| CALVIN      |
| CALVIN      |
| CALVIN      |
| CALVIN      |
| CALVIN      |
| CALVIN      |
| CALVIN      |
| CALVIN      |
| CALVIN      |
| ALEX        |
| ALEX        |
| ALEX        |
| ALEX        |
| ALEX        |
| ALEX        |
| ALEX        |
| ALEX        |
| ALEX        |
| ALEX        |
| ALEX        |
| ALEX        |
| ALEX        |
| ALEX        |
| ALEX        |
| ALEX        |
| ALEX        |
| ALEX        |
| ALEX        |
| ALEX        |
| ALEX        |
| ALEX        |
| ALEX        |
| ALEX        |
| ALEX        |
| ALEX        |
| ALEX        |
| ALEX        |
| ALEX        |
| ALEX        |
| ALEX        |
| ALEX        |
| ALEX        |
| JON         |
| JON         |
| JON         |
| JON         |
| JON         |
| JON         |
| JON         |
| JON         |
| JON         |
| JON         |
| JON         |
| JON         |
| JON         |
| JON         |
| JON         |
| JON         |
| JON         |
| JON         |
| JON         |
| JON         |
| JON         |
| JON         |
| JON         |
| JON         |
| RONNIE      |
| RONNIE      |
| RONNIE      |
| RONNIE      |
| RONNIE      |
| RONNIE      |
| RONNIE      |
| RONNIE      |
| RONNIE      |
| RONNIE      |
| RONNIE      |
| RONNIE      |
| RONNIE      |
| RONNIE      |
| RONNIE      |
| RONNIE      |
| RONNIE      |
| RONNIE      |
| RONNIE      |
| RONNIE      |
| RONNIE      |
| RONNIE      |
| RONNIE      |
| RONNIE      |
| RONNIE      |
| BILL        |
| BILL        |
| BILL        |
| BILL        |
| BILL        |
| BILL        |
| BILL        |
| BILL        |
| BILL        |
| BILL        |
| BILL        |
| BILL        |
| BILL        |
| BILL        |
| BILL        |
| BILL        |
| BILL        |
| BILL        |
| BILL        |
| BILL        |
| BILL        |
| BILL        |
| BILL        |
| BILL        |
| BILL        |
| BILL        |
| BILL        |
| BILL        |
| LLOYD       |
| LLOYD       |
| LLOYD       |
| LLOYD       |
| LLOYD       |
| LLOYD       |
| LLOYD       |
| LLOYD       |
| LLOYD       |
| LLOYD       |
| LLOYD       |
| LLOYD       |
| LLOYD       |
| LLOYD       |
| LLOYD       |
| LLOYD       |
| LLOYD       |
| LLOYD       |
| LLOYD       |
| TOMMY       |
| TOMMY       |
| TOMMY       |
| TOMMY       |
| TOMMY       |
| TOMMY       |
| TOMMY       |
| TOMMY       |
| TOMMY       |
| TOMMY       |
| TOMMY       |
| TOMMY       |
| TOMMY       |
| TOMMY       |
| TOMMY       |
| TOMMY       |
| TOMMY       |
| TOMMY       |
| TOMMY       |
| TOMMY       |
| TOMMY       |
| TOMMY       |
| TOMMY       |
| TOMMY       |
| TOMMY       |
| TOMMY       |
| TOMMY       |
| TOMMY       |
| TOMMY       |
| TOMMY       |
| TOMMY       |
| TOMMY       |
| TOMMY       |
| TOMMY       |
| TOMMY       |
| TOMMY       |
| TOMMY       |
| TOMMY       |
| LEON        |
| LEON        |
| LEON        |
| LEON        |
| LEON        |
| LEON        |
| LEON        |
| LEON        |
| LEON        |
| LEON        |
| LEON        |
| LEON        |
| LEON        |
| LEON        |
| LEON        |
| LEON        |
| LEON        |
| LEON        |
| LEON        |
| LEON        |
| LEON        |
| LEON        |
| LEON        |
| LEON        |
| LEON        |
| DEREK       |
| DEREK       |
| DEREK       |
| DEREK       |
| DEREK       |
| DEREK       |
| DEREK       |
| DEREK       |
| DEREK       |
| DEREK       |
| DEREK       |
| DEREK       |
| DEREK       |
| DEREK       |
| DEREK       |
| DEREK       |
| DEREK       |
| DEREK       |
| DEREK       |
| DEREK       |
| DEREK       |
| DEREK       |
| DEREK       |
| DEREK       |
| DEREK       |
| DEREK       |
| DEREK       |
| DEREK       |
| WARREN      |
| WARREN      |
| WARREN      |
| WARREN      |
| WARREN      |
| WARREN      |
| WARREN      |
| WARREN      |
| WARREN      |
| WARREN      |
| WARREN      |
| WARREN      |
| WARREN      |
| WARREN      |
| WARREN      |
| WARREN      |
| WARREN      |
| WARREN      |
| WARREN      |
| WARREN      |
| WARREN      |
| WARREN      |
| WARREN      |
| WARREN      |
| WARREN      |
| WARREN      |
| WARREN      |
| WARREN      |
| WARREN      |
| WARREN      |
| WARREN      |
| WARREN      |
| WARREN      |
| DARRELL     |
| DARRELL     |
| DARRELL     |
| DARRELL     |
| DARRELL     |
| DARRELL     |
| DARRELL     |
| DARRELL     |
| DARRELL     |
| DARRELL     |
| DARRELL     |
| DARRELL     |
| DARRELL     |
| DARRELL     |
| DARRELL     |
| DARRELL     |
| DARRELL     |
| DARRELL     |
| DARRELL     |
| DARRELL     |
| DARRELL     |
| DARRELL     |
| DARRELL     |
| DARRELL     |
| DARRELL     |
| JEROME      |
| JEROME      |
| JEROME      |
| JEROME      |
| JEROME      |
| JEROME      |
| JEROME      |
| JEROME      |
| JEROME      |
| JEROME      |
| JEROME      |
| JEROME      |
| JEROME      |
| JEROME      |
| JEROME      |
| JEROME      |
| FLOYD       |
| FLOYD       |
| FLOYD       |
| FLOYD       |
| FLOYD       |
| FLOYD       |
| FLOYD       |
| FLOYD       |
| FLOYD       |
| FLOYD       |
| FLOYD       |
| FLOYD       |
| FLOYD       |
| FLOYD       |
| FLOYD       |
| FLOYD       |
| FLOYD       |
| LEO         |
| LEO         |
| LEO         |
| LEO         |
| LEO         |
| LEO         |
| LEO         |
| LEO         |
| LEO         |
| LEO         |
| LEO         |
| LEO         |
| LEO         |
| LEO         |
| LEO         |
| LEO         |
| LEO         |
| LEO         |
| LEO         |
| LEO         |
| LEO         |
| LEO         |
| LEO         |
| ALVIN       |
| ALVIN       |
| ALVIN       |
| ALVIN       |
| ALVIN       |
| ALVIN       |
| ALVIN       |
| ALVIN       |
| ALVIN       |
| ALVIN       |
| ALVIN       |
| ALVIN       |
| ALVIN       |
| ALVIN       |
| ALVIN       |
| ALVIN       |
| ALVIN       |
| ALVIN       |
| ALVIN       |
| ALVIN       |
| ALVIN       |
| ALVIN       |
| ALVIN       |
| ALVIN       |
| ALVIN       |
| ALVIN       |
| ALVIN       |
| ALVIN       |
| ALVIN       |
| TIM         |
| TIM         |
| TIM         |
| TIM         |
| TIM         |
| TIM         |
| TIM         |
| TIM         |
| TIM         |
| TIM         |
| TIM         |
| TIM         |
| TIM         |
| TIM         |
| TIM         |
| TIM         |
| TIM         |
| TIM         |
| TIM         |
| TIM         |
| TIM         |
| TIM         |
| TIM         |
| TIM         |
| TIM         |
| TIM         |
| TIM         |
| TIM         |
| TIM         |
| TIM         |
| TIM         |
| TIM         |
| TIM         |
| TIM         |
| TIM         |
| TIM         |
| TIM         |
| TIM         |
| TIM         |
| WESLEY      |
| WESLEY      |
| WESLEY      |
| WESLEY      |
| WESLEY      |
| WESLEY      |
| WESLEY      |
| WESLEY      |
| WESLEY      |
| WESLEY      |
| WESLEY      |
| WESLEY      |
| WESLEY      |
| WESLEY      |
| WESLEY      |
| WESLEY      |
| WESLEY      |
| WESLEY      |
| WESLEY      |
| WESLEY      |
| WESLEY      |
| WESLEY      |
| WESLEY      |
| WESLEY      |
| WESLEY      |
| WESLEY      |
| WESLEY      |
| WESLEY      |
| WESLEY      |
| WESLEY      |
| WESLEY      |
| WESLEY      |
| WESLEY      |
| WESLEY      |
| WESLEY      |
| WESLEY      |
| WESLEY      |
| WESLEY      |
| WESLEY      |
| WESLEY      |
| GORDON      |
| GORDON      |
| GORDON      |
| GORDON      |
| GORDON      |
| GORDON      |
| GORDON      |
| GORDON      |
| GORDON      |
| GORDON      |
| GORDON      |
| GORDON      |
| GORDON      |
| GORDON      |
| GORDON      |
| GORDON      |
| GORDON      |
| GORDON      |
| GORDON      |
| GORDON      |
| GORDON      |
| GORDON      |
| GORDON      |
| GORDON      |
| GORDON      |
| GORDON      |
| GORDON      |
| GORDON      |
| GORDON      |
| GORDON      |
| GORDON      |
| GORDON      |
| DEAN        |
| DEAN        |
| DEAN        |
| DEAN        |
| DEAN        |
| DEAN        |
| DEAN        |
| DEAN        |
| DEAN        |
| DEAN        |
| DEAN        |
| DEAN        |
| DEAN        |
| DEAN        |
| DEAN        |
| DEAN        |
| DEAN        |
| DEAN        |
| DEAN        |
| DEAN        |
| DEAN        |
| DEAN        |
| DEAN        |
| DEAN        |
| DEAN        |
| DEAN        |
| DEAN        |
| GREG        |
| GREG        |
| GREG        |
| GREG        |
| GREG        |
| GREG        |
| GREG        |
| GREG        |
| GREG        |
| GREG        |
| GREG        |
| GREG        |
| GREG        |
| GREG        |
| GREG        |
| GREG        |
| GREG        |
| GREG        |
| GREG        |
| GREG        |
| GREG        |
| GREG        |
| GREG        |
| GREG        |
| GREG        |
| GREG        |
| GREG        |
| GREG        |
| GREG        |
| GREG        |
| JORGE       |
| JORGE       |
| JORGE       |
| JORGE       |
| JORGE       |
| JORGE       |
| JORGE       |
| JORGE       |
| JORGE       |
| JORGE       |
| JORGE       |
| JORGE       |
| JORGE       |
| JORGE       |
| JORGE       |
| JORGE       |
| JORGE       |
| JORGE       |
| JORGE       |
| JORGE       |
| JORGE       |
| JORGE       |
| JORGE       |
| JORGE       |
| JORGE       |
| JORGE       |
| JORGE       |
| JORGE       |
| JORGE       |
| JORGE       |
| JORGE       |
| JORGE       |
| JORGE       |
| JORGE       |
| DUSTIN      |
| DUSTIN      |
| DUSTIN      |
| DUSTIN      |
| DUSTIN      |
| DUSTIN      |
| DUSTIN      |
| DUSTIN      |
| DUSTIN      |
| DUSTIN      |
| DUSTIN      |
| DUSTIN      |
| DUSTIN      |
| DUSTIN      |
| DUSTIN      |
| DUSTIN      |
| DUSTIN      |
| DUSTIN      |
| DUSTIN      |
| DUSTIN      |
| DUSTIN      |
| DUSTIN      |
| DUSTIN      |
| DUSTIN      |
| DUSTIN      |
| DUSTIN      |
| PEDRO       |
| PEDRO       |
| PEDRO       |
| PEDRO       |
| PEDRO       |
| PEDRO       |
| PEDRO       |
| PEDRO       |
| PEDRO       |
| PEDRO       |
| PEDRO       |
| PEDRO       |
| PEDRO       |
| PEDRO       |
| PEDRO       |
| PEDRO       |
| PEDRO       |
| PEDRO       |
| PEDRO       |
| PEDRO       |
| PEDRO       |
| PEDRO       |
| PEDRO       |
| PEDRO       |
| DERRICK     |
| DERRICK     |
| DERRICK     |
| DERRICK     |
| DERRICK     |
| DERRICK     |
| DERRICK     |
| DERRICK     |
| DERRICK     |
| DERRICK     |
| DERRICK     |
| DERRICK     |
| DERRICK     |
| DERRICK     |
| DERRICK     |
| DERRICK     |
| DERRICK     |
| DERRICK     |
| DERRICK     |
| DERRICK     |
| DERRICK     |
| DERRICK     |
| DAN         |
| DAN         |
| DAN         |
| DAN         |
| DAN         |
| DAN         |
| DAN         |
| DAN         |
| DAN         |
| DAN         |
| DAN         |
| DAN         |
| DAN         |
| DAN         |
| DAN         |
| DAN         |
| DAN         |
| DAN         |
| DAN         |
| DAN         |
| DAN         |
| DAN         |
| LEWIS       |
| LEWIS       |
| LEWIS       |
| LEWIS       |
| LEWIS       |
| LEWIS       |
| LEWIS       |
| LEWIS       |
| LEWIS       |
| LEWIS       |
| LEWIS       |
| LEWIS       |
| LEWIS       |
| LEWIS       |
| LEWIS       |
| LEWIS       |
| LEWIS       |
| LEWIS       |
| LEWIS       |
| ZACHARY     |
| ZACHARY     |
| ZACHARY     |
| ZACHARY     |
| ZACHARY     |
| ZACHARY     |
| ZACHARY     |
| ZACHARY     |
| ZACHARY     |
| ZACHARY     |
| ZACHARY     |
| ZACHARY     |
| ZACHARY     |
| ZACHARY     |
| ZACHARY     |
| ZACHARY     |
| ZACHARY     |
| ZACHARY     |
| ZACHARY     |
| ZACHARY     |
| ZACHARY     |
| ZACHARY     |
| ZACHARY     |
| ZACHARY     |
| ZACHARY     |
| ZACHARY     |
| ZACHARY     |
| ZACHARY     |
| ZACHARY     |
| ZACHARY     |
| ZACHARY     |
| COREY       |
| COREY       |
| COREY       |
| COREY       |
| COREY       |
| COREY       |
| COREY       |
| COREY       |
| COREY       |
| COREY       |
| COREY       |
| COREY       |
| COREY       |
| COREY       |
| COREY       |
| COREY       |
| COREY       |
| COREY       |
| COREY       |
| COREY       |
| COREY       |
| COREY       |
| HERMAN      |
| HERMAN      |
| HERMAN      |
| HERMAN      |
| HERMAN      |
| HERMAN      |
| HERMAN      |
| HERMAN      |
| HERMAN      |
| HERMAN      |
| HERMAN      |
| HERMAN      |
| HERMAN      |
| HERMAN      |
| HERMAN      |
| HERMAN      |
| HERMAN      |
| HERMAN      |
| HERMAN      |
| HERMAN      |
| HERMAN      |
| HERMAN      |
| HERMAN      |
| HERMAN      |
| HERMAN      |
| HERMAN      |
| HERMAN      |
| HERMAN      |
| HERMAN      |
| MAURICE     |
| MAURICE     |
| MAURICE     |
| MAURICE     |
| MAURICE     |
| MAURICE     |
| MAURICE     |
| MAURICE     |
| MAURICE     |
| MAURICE     |
| MAURICE     |
| MAURICE     |
| MAURICE     |
| MAURICE     |
| MAURICE     |
| MAURICE     |
| MAURICE     |
| MAURICE     |
| MAURICE     |
| MAURICE     |
| MAURICE     |
| MAURICE     |
| MAURICE     |
| MAURICE     |
| MAURICE     |
| MAURICE     |
| MAURICE     |
| MAURICE     |
| MAURICE     |
| VERNON      |
| VERNON      |
| VERNON      |
| VERNON      |
| VERNON      |
| VERNON      |
| VERNON      |
| VERNON      |
| VERNON      |
| VERNON      |
| VERNON      |
| VERNON      |
| VERNON      |
| VERNON      |
| VERNON      |
| VERNON      |
| VERNON      |
| VERNON      |
| ROBERTO     |
| ROBERTO     |
| ROBERTO     |
| ROBERTO     |
| ROBERTO     |
| ROBERTO     |
| ROBERTO     |
| ROBERTO     |
| ROBERTO     |
| ROBERTO     |
| ROBERTO     |
| ROBERTO     |
| ROBERTO     |
| ROBERTO     |
| ROBERTO     |
| ROBERTO     |
| ROBERTO     |
| ROBERTO     |
| ROBERTO     |
| ROBERTO     |
| ROBERTO     |
| ROBERTO     |
| ROBERTO     |
| ROBERTO     |
| ROBERTO     |
| ROBERTO     |
| ROBERTO     |
| ROBERTO     |
| ROBERTO     |
| ROBERTO     |
| CLYDE       |
| CLYDE       |
| CLYDE       |
| CLYDE       |
| CLYDE       |
| CLYDE       |
| CLYDE       |
| CLYDE       |
| CLYDE       |
| CLYDE       |
| CLYDE       |
| CLYDE       |
| CLYDE       |
| CLYDE       |
| CLYDE       |
| CLYDE       |
| CLYDE       |
| CLYDE       |
| CLYDE       |
| CLYDE       |
| CLYDE       |
| CLYDE       |
| CLYDE       |
| CLYDE       |
| CLYDE       |
| CLYDE       |
| CLYDE       |
| CLYDE       |
| CLYDE       |
| GLEN        |
| GLEN        |
| GLEN        |
| GLEN        |
| GLEN        |
| GLEN        |
| GLEN        |
| GLEN        |
| GLEN        |
| GLEN        |
| GLEN        |
| GLEN        |
| GLEN        |
| GLEN        |
| GLEN        |
| GLEN        |
| GLEN        |
| GLEN        |
| GLEN        |
| GLEN        |
| GLEN        |
| GLEN        |
| GLEN        |
| GLEN        |
| GLEN        |
| GLEN        |
| HECTOR      |
| HECTOR      |
| HECTOR      |
| HECTOR      |
| HECTOR      |
| HECTOR      |
| HECTOR      |
| HECTOR      |
| HECTOR      |
| HECTOR      |
| HECTOR      |
| HECTOR      |
| HECTOR      |
| HECTOR      |
| HECTOR      |
| HECTOR      |
| HECTOR      |
| HECTOR      |
| HECTOR      |
| HECTOR      |
| HECTOR      |
| HECTOR      |
| HECTOR      |
| HECTOR      |
| HECTOR      |
| HECTOR      |
| SHANE       |
| SHANE       |
| SHANE       |
| SHANE       |
| SHANE       |
| SHANE       |
| SHANE       |
| SHANE       |
| SHANE       |
| SHANE       |
| SHANE       |
| SHANE       |
| SHANE       |
| SHANE       |
| SHANE       |
| SHANE       |
| SHANE       |
| SHANE       |
| SHANE       |
| SHANE       |
| SHANE       |
| SHANE       |
| RICARDO     |
| RICARDO     |
| RICARDO     |
| RICARDO     |
| RICARDO     |
| RICARDO     |
| RICARDO     |
| RICARDO     |
| RICARDO     |
| RICARDO     |
| RICARDO     |
| RICARDO     |
| RICARDO     |
| RICARDO     |
| RICARDO     |
| RICARDO     |
| RICARDO     |
| RICARDO     |
| RICARDO     |
| RICARDO     |
| RICARDO     |
| SAM         |
| SAM         |
| SAM         |
| SAM         |
| SAM         |
| SAM         |
| SAM         |
| SAM         |
| SAM         |
| SAM         |
| SAM         |
| SAM         |
| SAM         |
| SAM         |
| SAM         |
| SAM         |
| SAM         |
| SAM         |
| SAM         |
| SAM         |
| SAM         |
| SAM         |
| SAM         |
| SAM         |
| RICK        |
| RICK        |
| RICK        |
| RICK        |
| RICK        |
| RICK        |
| RICK        |
| RICK        |
| RICK        |
| RICK        |
| RICK        |
| RICK        |
| RICK        |
| RICK        |
| RICK        |
| RICK        |
| RICK        |
| RICK        |
| RICK        |
| RICK        |
| RICK        |
| RICK        |
| RICK        |
| RICK        |
| RICK        |
| RICK        |
| RICK        |
| LESTER      |
| LESTER      |
| LESTER      |
| LESTER      |
| LESTER      |
| LESTER      |
| LESTER      |
| LESTER      |
| LESTER      |
| LESTER      |
| LESTER      |
| LESTER      |
| LESTER      |
| LESTER      |
| LESTER      |
| LESTER      |
| BRENT       |
| BRENT       |
| BRENT       |
| BRENT       |
| BRENT       |
| BRENT       |
| BRENT       |
| BRENT       |
| BRENT       |
| BRENT       |
| BRENT       |
| BRENT       |
| BRENT       |
| BRENT       |
| BRENT       |
| BRENT       |
| BRENT       |
| BRENT       |
| BRENT       |
| BRENT       |
| BRENT       |
| BRENT       |
| BRENT       |
| RAMON       |
| RAMON       |
| RAMON       |
| RAMON       |
| RAMON       |
| RAMON       |
| RAMON       |
| RAMON       |
| RAMON       |
| RAMON       |
| RAMON       |
| RAMON       |
| RAMON       |
| RAMON       |
| RAMON       |
| RAMON       |
| RAMON       |
| RAMON       |
| RAMON       |
| RAMON       |
| RAMON       |
| RAMON       |
| RAMON       |
| RAMON       |
| RAMON       |
| RAMON       |
| RAMON       |
| RAMON       |
| RAMON       |
| RAMON       |
| RAMON       |
| CHARLIE     |
| CHARLIE     |
| CHARLIE     |
| CHARLIE     |
| CHARLIE     |
| CHARLIE     |
| CHARLIE     |
| CHARLIE     |
| CHARLIE     |
| CHARLIE     |
| CHARLIE     |
| CHARLIE     |
| CHARLIE     |
| CHARLIE     |
| CHARLIE     |
| CHARLIE     |
| CHARLIE     |
| CHARLIE     |
| CHARLIE     |
| CHARLIE     |
| CHARLIE     |
| CHARLIE     |
| CHARLIE     |
| CHARLIE     |
| CHARLIE     |
| CHARLIE     |
| TYLER       |
| TYLER       |
| TYLER       |
| TYLER       |
| TYLER       |
| TYLER       |
| TYLER       |
| TYLER       |
| TYLER       |
| TYLER       |
| TYLER       |
| TYLER       |
| TYLER       |
| TYLER       |
| TYLER       |
| TYLER       |
| TYLER       |
| TYLER       |
| TYLER       |
| TYLER       |
| TYLER       |
| GILBERT     |
| GILBERT     |
| GILBERT     |
| GILBERT     |
| GILBERT     |
| GILBERT     |
| GILBERT     |
| GILBERT     |
| GILBERT     |
| GILBERT     |
| GILBERT     |
| GILBERT     |
| GILBERT     |
| GILBERT     |
| GILBERT     |
| GILBERT     |
| GILBERT     |
| GILBERT     |
| GILBERT     |
| GILBERT     |
| GILBERT     |
| GILBERT     |
| GILBERT     |
| GILBERT     |
| GILBERT     |
| GILBERT     |
| GILBERT     |
| GILBERT     |
| GENE        |
| GENE        |
| GENE        |
| GENE        |
| GENE        |
| GENE        |
| GENE        |
| GENE        |
| GENE        |
| GENE        |
| GENE        |
| GENE        |
| GENE        |
| GENE        |
| GENE        |
| GENE        |
| GENE        |
| GENE        |
| GENE        |
| GENE        |
| GENE        |
| GENE        |
| GENE        |
| GENE        |
| GENE        |
| GENE        |
| GENE        |
| MARC        |
| MARC        |
| MARC        |
| MARC        |
| MARC        |
| MARC        |
| MARC        |
| MARC        |
| MARC        |
| MARC        |
| MARC        |
| MARC        |
| MARC        |
| MARC        |
| MARC        |
| MARC        |
| MARC        |
| MARC        |
| MARC        |
| MARC        |
| MARC        |
| MARC        |
| MARC        |
| MARC        |
| MARC        |
| MARC        |
| MARC        |
| MARC        |
| MARC        |
| MARC        |
| REGINALD    |
| REGINALD    |
| REGINALD    |
| REGINALD    |
| REGINALD    |
| REGINALD    |
| REGINALD    |
| REGINALD    |
| REGINALD    |
| REGINALD    |
| REGINALD    |
| REGINALD    |
| REGINALD    |
| REGINALD    |
| REGINALD    |
| REGINALD    |
| REGINALD    |
| REGINALD    |
| REGINALD    |
| REGINALD    |
| REGINALD    |
| REGINALD    |
| REGINALD    |
| REGINALD    |
| REGINALD    |
| REGINALD    |
| REGINALD    |
| REGINALD    |
| RUBEN       |
| RUBEN       |
| RUBEN       |
| RUBEN       |
| RUBEN       |
| RUBEN       |
| RUBEN       |
| RUBEN       |
| RUBEN       |
| RUBEN       |
| RUBEN       |
| RUBEN       |
| RUBEN       |
| RUBEN       |
| RUBEN       |
| RUBEN       |
| RUBEN       |
| RUBEN       |
| RUBEN       |
| RUBEN       |
| RUBEN       |
| BRETT       |
| BRETT       |
| BRETT       |
| BRETT       |
| BRETT       |
| BRETT       |
| BRETT       |
| BRETT       |
| BRETT       |
| BRETT       |
| BRETT       |
| BRETT       |
| BRETT       |
| BRETT       |
| BRETT       |
| BRETT       |
| BRETT       |
| BRETT       |
| BRETT       |
| BRETT       |
| BRETT       |
| BRETT       |
| BRETT       |
| BRETT       |
| BRETT       |
| BRETT       |
| BRETT       |
| BRETT       |
| BRETT       |
| BRETT       |
| BRETT       |
| BRETT       |
| BRETT       |
| BRETT       |
| ANGEL       |
| ANGEL       |
| ANGEL       |
| ANGEL       |
| ANGEL       |
| ANGEL       |
| ANGEL       |
| ANGEL       |
| ANGEL       |
| ANGEL       |
| ANGEL       |
| ANGEL       |
| ANGEL       |
| ANGEL       |
| ANGEL       |
| ANGEL       |
| ANGEL       |
| ANGEL       |
| ANGEL       |
| ANGEL       |
| ANGEL       |
| ANGEL       |
| ANGEL       |
| ANGEL       |
| ANGEL       |
| ANGEL       |
| ANGEL       |
| ANGEL       |
| ANGEL       |
| ANGEL       |
| ANGEL       |
| ANGEL       |
| NATHANIEL   |
| NATHANIEL   |
| NATHANIEL   |
| NATHANIEL   |
| NATHANIEL   |
| NATHANIEL   |
| NATHANIEL   |
| NATHANIEL   |
| NATHANIEL   |
| NATHANIEL   |
| NATHANIEL   |
| NATHANIEL   |
| NATHANIEL   |
| NATHANIEL   |
| NATHANIEL   |
| NATHANIEL   |
| NATHANIEL   |
| NATHANIEL   |
| NATHANIEL   |
| NATHANIEL   |
| NATHANIEL   |
| NATHANIEL   |
| NATHANIEL   |
| NATHANIEL   |
| NATHANIEL   |
| NATHANIEL   |
| NATHANIEL   |
| NATHANIEL   |
| RAFAEL      |
| RAFAEL      |
| RAFAEL      |
| RAFAEL      |
| RAFAEL      |
| RAFAEL      |
| RAFAEL      |
| RAFAEL      |
| RAFAEL      |
| RAFAEL      |
| RAFAEL      |
| RAFAEL      |
| RAFAEL      |
| RAFAEL      |
| RAFAEL      |
| RAFAEL      |
| RAFAEL      |
| RAFAEL      |
| RAFAEL      |
| RAFAEL      |
| RAFAEL      |
| LESLIE      |
| LESLIE      |
| LESLIE      |
| LESLIE      |
| LESLIE      |
| LESLIE      |
| LESLIE      |
| LESLIE      |
| LESLIE      |
| LESLIE      |
| LESLIE      |
| LESLIE      |
| LESLIE      |
| LESLIE      |
| LESLIE      |
| LESLIE      |
| LESLIE      |
| LESLIE      |
| LESLIE      |
| LESLIE      |
| LESLIE      |
| LESLIE      |
| LESLIE      |
| LESLIE      |
| LESLIE      |
| LESLIE      |
| LESLIE      |
| LESLIE      |
| LESLIE      |
| LESLIE      |
| LESLIE      |
| LESLIE      |
| LESLIE      |
| LESLIE      |
| LESLIE      |
| EDGAR       |
| EDGAR       |
| EDGAR       |
| EDGAR       |
| EDGAR       |
| EDGAR       |
| EDGAR       |
| EDGAR       |
| EDGAR       |
| EDGAR       |
| EDGAR       |
| EDGAR       |
| EDGAR       |
| EDGAR       |
| EDGAR       |
| EDGAR       |
| EDGAR       |
| EDGAR       |
| EDGAR       |
| EDGAR       |
| EDGAR       |
| EDGAR       |
| EDGAR       |
| EDGAR       |
| EDGAR       |
| MILTON      |
| MILTON      |
| MILTON      |
| MILTON      |
| MILTON      |
| MILTON      |
| MILTON      |
| MILTON      |
| MILTON      |
| MILTON      |
| MILTON      |
| MILTON      |
| MILTON      |
| MILTON      |
| MILTON      |
| MILTON      |
| MILTON      |
| MILTON      |
| MILTON      |
| MILTON      |
| MILTON      |
| MILTON      |
| MILTON      |
| MILTON      |
| MILTON      |
| RAUL        |
| RAUL        |
| RAUL        |
| RAUL        |
| RAUL        |
| RAUL        |
| RAUL        |
| RAUL        |
| RAUL        |
| RAUL        |
| RAUL        |
| RAUL        |
| RAUL        |
| RAUL        |
| RAUL        |
| RAUL        |
| RAUL        |
| RAUL        |
| RAUL        |
| RAUL        |
| BEN         |
| BEN         |
| BEN         |
| BEN         |
| BEN         |
| BEN         |
| BEN         |
| BEN         |
| BEN         |
| BEN         |
| BEN         |
| BEN         |
| BEN         |
| BEN         |
| BEN         |
| BEN         |
| BEN         |
| BEN         |
| BEN         |
| BEN         |
| BEN         |
| BEN         |
| BEN         |
| BEN         |
| BEN         |
| BEN         |
| CHESTER     |
| CHESTER     |
| CHESTER     |
| CHESTER     |
| CHESTER     |
| CHESTER     |
| CHESTER     |
| CHESTER     |
| CHESTER     |
| CHESTER     |
| CHESTER     |
| CHESTER     |
| CHESTER     |
| CHESTER     |
| CHESTER     |
| CHESTER     |
| CHESTER     |
| CHESTER     |
| CHESTER     |
| CHESTER     |
| CHESTER     |
| CHESTER     |
| CHESTER     |
| CHESTER     |
| CECIL       |
| CECIL       |
| CECIL       |
| CECIL       |
| CECIL       |
| CECIL       |
| CECIL       |
| CECIL       |
| CECIL       |
| CECIL       |
| CECIL       |
| CECIL       |
| CECIL       |
| CECIL       |
| CECIL       |
| CECIL       |
| CECIL       |
| CECIL       |
| CECIL       |
| CECIL       |
| CECIL       |
| CECIL       |
| CECIL       |
| CECIL       |
| CECIL       |
| CECIL       |
| DUANE       |
| DUANE       |
| DUANE       |
| DUANE       |
| DUANE       |
| DUANE       |
| DUANE       |
| DUANE       |
| DUANE       |
| DUANE       |
| DUANE       |
| DUANE       |
| DUANE       |
| DUANE       |
| DUANE       |
| DUANE       |
| DUANE       |
| DUANE       |
| DUANE       |
| DUANE       |
| DUANE       |
| DUANE       |
| DUANE       |
| DUANE       |
| DUANE       |
| DUANE       |
| DUANE       |
| DUANE       |
| DUANE       |
| DUANE       |
| DUANE       |
| FRANKLIN    |
| FRANKLIN    |
| FRANKLIN    |
| FRANKLIN    |
| FRANKLIN    |
| FRANKLIN    |
| FRANKLIN    |
| FRANKLIN    |
| FRANKLIN    |
| FRANKLIN    |
| FRANKLIN    |
| FRANKLIN    |
| FRANKLIN    |
| FRANKLIN    |
| FRANKLIN    |
| FRANKLIN    |
| FRANKLIN    |
| FRANKLIN    |
| FRANKLIN    |
| FRANKLIN    |
| FRANKLIN    |
| FRANKLIN    |
| ANDRE       |
| ANDRE       |
| ANDRE       |
| ANDRE       |
| ANDRE       |
| ANDRE       |
| ANDRE       |
| ANDRE       |
| ANDRE       |
| ANDRE       |
| ANDRE       |
| ANDRE       |
| ANDRE       |
| ANDRE       |
| ANDRE       |
| ANDRE       |
| ANDRE       |
| ANDRE       |
| ANDRE       |
| ANDRE       |
| ANDRE       |
| ANDRE       |
| ANDRE       |
| ANDRE       |
| ANDRE       |
| ANDRE       |
| ANDRE       |
| ANDRE       |
| ELMER       |
| ELMER       |
| ELMER       |
| ELMER       |
| ELMER       |
| ELMER       |
| ELMER       |
| ELMER       |
| ELMER       |
| ELMER       |
| ELMER       |
| ELMER       |
| ELMER       |
| ELMER       |
| ELMER       |
| ELMER       |
| ELMER       |
| ELMER       |
| ELMER       |
| ELMER       |
| ELMER       |
| ELMER       |
| ELMER       |
| ELMER       |
| ELMER       |
| ELMER       |
| BRAD        |
| BRAD        |
| BRAD        |
| BRAD        |
| BRAD        |
| BRAD        |
| BRAD        |
| BRAD        |
| BRAD        |
| BRAD        |
| BRAD        |
| BRAD        |
| BRAD        |
| BRAD        |
| BRAD        |
| BRAD        |
| BRAD        |
| BRAD        |
| BRAD        |
| BRAD        |
| BRAD        |
| BRAD        |
| BRAD        |
| BRAD        |
| BRAD        |
| GABRIEL     |
| GABRIEL     |
| GABRIEL     |
| GABRIEL     |
| GABRIEL     |
| GABRIEL     |
| GABRIEL     |
| GABRIEL     |
| GABRIEL     |
| GABRIEL     |
| GABRIEL     |
| GABRIEL     |
| GABRIEL     |
| GABRIEL     |
| GABRIEL     |
| GABRIEL     |
| GABRIEL     |
| GABRIEL     |
| GABRIEL     |
| GABRIEL     |
| GABRIEL     |
| GABRIEL     |
| GABRIEL     |
| GABRIEL     |
| GABRIEL     |
| GABRIEL     |
| RON         |
| RON         |
| RON         |
| RON         |
| RON         |
| RON         |
| RON         |
| RON         |
| RON         |
| RON         |
| RON         |
| RON         |
| RON         |
| RON         |
| RON         |
| RON         |
| RON         |
| RON         |
| RON         |
| RON         |
| RON         |
| RON         |
| RON         |
| MITCHELL    |
| MITCHELL    |
| MITCHELL    |
| MITCHELL    |
| MITCHELL    |
| MITCHELL    |
| MITCHELL    |
| MITCHELL    |
| MITCHELL    |
| MITCHELL    |
| MITCHELL    |
| MITCHELL    |
| MITCHELL    |
| MITCHELL    |
| MITCHELL    |
| MITCHELL    |
| MITCHELL    |
| MITCHELL    |
| MITCHELL    |
| MITCHELL    |
| MITCHELL    |
| MITCHELL    |
| MITCHELL    |
| MITCHELL    |
| MITCHELL    |
| MITCHELL    |
| MITCHELL    |
| MITCHELL    |
| MITCHELL    |
| MITCHELL    |
| MITCHELL    |
| MITCHELL    |
| ROLAND      |
| ROLAND      |
| ROLAND      |
| ROLAND      |
| ROLAND      |
| ROLAND      |
| ROLAND      |
| ROLAND      |
| ROLAND      |
| ROLAND      |
| ROLAND      |
| ROLAND      |
| ROLAND      |
| ROLAND      |
| ROLAND      |
| ROLAND      |
| ROLAND      |
| ROLAND      |
| ROLAND      |
| ROLAND      |
| ROLAND      |
| ROLAND      |
| ROLAND      |
| ARNOLD      |
| ARNOLD      |
| ARNOLD      |
| ARNOLD      |
| ARNOLD      |
| ARNOLD      |
| ARNOLD      |
| ARNOLD      |
| ARNOLD      |
| ARNOLD      |
| ARNOLD      |
| ARNOLD      |
| ARNOLD      |
| ARNOLD      |
| ARNOLD      |
| ARNOLD      |
| ARNOLD      |
| ARNOLD      |
| ARNOLD      |
| ARNOLD      |
| ARNOLD      |
| ARNOLD      |
| ARNOLD      |
| ARNOLD      |
| ARNOLD      |
| ARNOLD      |
| ARNOLD      |
| ARNOLD      |
| ARNOLD      |
| ARNOLD      |
| ARNOLD      |
| ARNOLD      |
| ARNOLD      |
| HARVEY      |
| HARVEY      |
| HARVEY      |
| HARVEY      |
| HARVEY      |
| HARVEY      |
| HARVEY      |
| HARVEY      |
| HARVEY      |
| HARVEY      |
| HARVEY      |
| HARVEY      |
| HARVEY      |
| HARVEY      |
| HARVEY      |
| HARVEY      |
| HARVEY      |
| HARVEY      |
| HARVEY      |
| HARVEY      |
| HARVEY      |
| HARVEY      |
| JARED       |
| JARED       |
| JARED       |
| JARED       |
| JARED       |
| JARED       |
| JARED       |
| JARED       |
| JARED       |
| JARED       |
| JARED       |
| JARED       |
| JARED       |
| JARED       |
| JARED       |
| JARED       |
| JARED       |
| JARED       |
| JARED       |
| ADRIAN      |
| ADRIAN      |
| ADRIAN      |
| ADRIAN      |
| ADRIAN      |
| ADRIAN      |
| ADRIAN      |
| ADRIAN      |
| ADRIAN      |
| ADRIAN      |
| ADRIAN      |
| ADRIAN      |
| ADRIAN      |
| ADRIAN      |
| ADRIAN      |
| ADRIAN      |
| ADRIAN      |
| ADRIAN      |
| ADRIAN      |
| KARL        |
| KARL        |
| KARL        |
| KARL        |
| KARL        |
| KARL        |
| KARL        |
| KARL        |
| KARL        |
| KARL        |
| KARL        |
| KARL        |
| KARL        |
| KARL        |
| KARL        |
| KARL        |
| KARL        |
| KARL        |
| KARL        |
| KARL        |
| KARL        |
| KARL        |
| KARL        |
| KARL        |
| KARL        |
| KARL        |
| KARL        |
| KARL        |
| KARL        |
| KARL        |
| KARL        |
| KARL        |
| KARL        |
| KARL        |
| KARL        |
| KARL        |
| KARL        |
| KARL        |
| KARL        |
| KARL        |
| KARL        |
| KARL        |
| KARL        |
| KARL        |
| KARL        |
| CORY        |
| CORY        |
| CORY        |
| CORY        |
| CORY        |
| CORY        |
| CORY        |
| CORY        |
| CORY        |
| CORY        |
| CORY        |
| CORY        |
| CORY        |
| CORY        |
| CORY        |
| CORY        |
| CORY        |
| CORY        |
| CORY        |
| CORY        |
| CORY        |
| CORY        |
| CORY        |
| CORY        |
| CLAUDE      |
| CLAUDE      |
| CLAUDE      |
| CLAUDE      |
| CLAUDE      |
| CLAUDE      |
| CLAUDE      |
| CLAUDE      |
| CLAUDE      |
| CLAUDE      |
| CLAUDE      |
| CLAUDE      |
| CLAUDE      |
| CLAUDE      |
| CLAUDE      |
| CLAUDE      |
| CLAUDE      |
| CLAUDE      |
| CLAUDE      |
| CLAUDE      |
| CLAUDE      |
| CLAUDE      |
| CLAUDE      |
| CLAUDE      |
| CLAUDE      |
| ERIK        |
| ERIK        |
| ERIK        |
| ERIK        |
| ERIK        |
| ERIK        |
| ERIK        |
| ERIK        |
| ERIK        |
| ERIK        |
| ERIK        |
| ERIK        |
| ERIK        |
| ERIK        |
| ERIK        |
| ERIK        |
| ERIK        |
| ERIK        |
| ERIK        |
| ERIK        |
| ERIK        |
| ERIK        |
| ERIK        |
| ERIK        |
| ERIK        |
| ERIK        |
| ERIK        |
| ERIK        |
| ERIK        |
| DARRYL      |
| DARRYL      |
| DARRYL      |
| DARRYL      |
| DARRYL      |
| DARRYL      |
| DARRYL      |
| DARRYL      |
| DARRYL      |
| DARRYL      |
| DARRYL      |
| DARRYL      |
| DARRYL      |
| DARRYL      |
| DARRYL      |
| DARRYL      |
| DARRYL      |
| DARRYL      |
| DARRYL      |
| DARRYL      |
| DARRYL      |
| DARRYL      |
| DARRYL      |
| JAMIE       |
| JAMIE       |
| JAMIE       |
| JAMIE       |
| JAMIE       |
| JAMIE       |
| JAMIE       |
| JAMIE       |
| JAMIE       |
| JAMIE       |
| JAMIE       |
| JAMIE       |
| JAMIE       |
| JAMIE       |
| JAMIE       |
| JAMIE       |
| JAMIE       |
| JAMIE       |
| JAMIE       |
| JAMIE       |
| JAMIE       |
| JAMIE       |
| JAMIE       |
| JAMIE       |
| JAMIE       |
| NEIL        |
| NEIL        |
| NEIL        |
| NEIL        |
| NEIL        |
| NEIL        |
| NEIL        |
| NEIL        |
| NEIL        |
| NEIL        |
| NEIL        |
| NEIL        |
| NEIL        |
| NEIL        |
| NEIL        |
| NEIL        |
| NEIL        |
| NEIL        |
| NEIL        |
| NEIL        |
| NEIL        |
| NEIL        |
| NEIL        |
| NEIL        |
| NEIL        |
| NEIL        |
| NEIL        |
| NEIL        |
| NEIL        |
| NEIL        |
| NEIL        |
| NEIL        |
| JESSIE      |
| JESSIE      |
| JESSIE      |
| JESSIE      |
| JESSIE      |
| JESSIE      |
| JESSIE      |
| JESSIE      |
| JESSIE      |
| JESSIE      |
| JESSIE      |
| JESSIE      |
| JESSIE      |
| JESSIE      |
| JESSIE      |
| JESSIE      |
| JESSIE      |
| JESSIE      |
| JESSIE      |
| JESSIE      |
| JESSIE      |
| JESSIE      |
| JESSIE      |
| JESSIE      |
| JESSIE      |
| JESSIE      |
| JESSIE      |
| JESSIE      |
| JESSIE      |
| JESSIE      |
| JESSIE      |
| JESSIE      |
| JESSIE      |
| CHRISTIAN   |
| CHRISTIAN   |
| CHRISTIAN   |
| CHRISTIAN   |
| CHRISTIAN   |
| CHRISTIAN   |
| CHRISTIAN   |
| CHRISTIAN   |
| CHRISTIAN   |
| CHRISTIAN   |
| CHRISTIAN   |
| CHRISTIAN   |
| CHRISTIAN   |
| CHRISTIAN   |
| CHRISTIAN   |
| CHRISTIAN   |
| CHRISTIAN   |
| CHRISTIAN   |
| CHRISTIAN   |
| CHRISTIAN   |
| CHRISTIAN   |
| CHRISTIAN   |
| CHRISTIAN   |
| CHRISTIAN   |
| JAVIER      |
| JAVIER      |
| JAVIER      |
| JAVIER      |
| JAVIER      |
| JAVIER      |
| JAVIER      |
| JAVIER      |
| JAVIER      |
| JAVIER      |
| JAVIER      |
| JAVIER      |
| JAVIER      |
| JAVIER      |
| JAVIER      |
| JAVIER      |
| JAVIER      |
| JAVIER      |
| JAVIER      |
| JAVIER      |
| JAVIER      |
| JAVIER      |
| JAVIER      |
| JAVIER      |
| JAVIER      |
| JAVIER      |
| JAVIER      |
| JAVIER      |
| JAVIER      |
| JAVIER      |
| JAVIER      |
| JAVIER      |
| FERNANDO    |
| FERNANDO    |
| FERNANDO    |
| FERNANDO    |
| FERNANDO    |
| FERNANDO    |
| FERNANDO    |
| FERNANDO    |
| FERNANDO    |
| FERNANDO    |
| FERNANDO    |
| FERNANDO    |
| FERNANDO    |
| FERNANDO    |
| FERNANDO    |
| FERNANDO    |
| FERNANDO    |
| FERNANDO    |
| FERNANDO    |
| FERNANDO    |
| FERNANDO    |
| FERNANDO    |
| FERNANDO    |
| FERNANDO    |
| FERNANDO    |
| CLINTON     |
| CLINTON     |
| CLINTON     |
| CLINTON     |
| CLINTON     |
| CLINTON     |
| CLINTON     |
| CLINTON     |
| CLINTON     |
| CLINTON     |
| CLINTON     |
| CLINTON     |
| CLINTON     |
| CLINTON     |
| CLINTON     |
| CLINTON     |
| CLINTON     |
| CLINTON     |
| CLINTON     |
| CLINTON     |
| CLINTON     |
| CLINTON     |
| CLINTON     |
| CLINTON     |
| CLINTON     |
| TED         |
| TED         |
| TED         |
| TED         |
| TED         |
| TED         |
| TED         |
| TED         |
| TED         |
| TED         |
| TED         |
| TED         |
| TED         |
| TED         |
| TED         |
| TED         |
| TED         |
| TED         |
| TED         |
| TED         |
| TED         |
| TED         |
| TED         |
| TED         |
| TED         |
| TED         |
| TED         |
| TED         |
| TED         |
| MATHEW      |
| MATHEW      |
| MATHEW      |
| MATHEW      |
| MATHEW      |
| MATHEW      |
| MATHEW      |
| MATHEW      |
| MATHEW      |
| MATHEW      |
| MATHEW      |
| MATHEW      |
| MATHEW      |
| MATHEW      |
| MATHEW      |
| MATHEW      |
| MATHEW      |
| MATHEW      |
| MATHEW      |
| MATHEW      |
| MATHEW      |
| MATHEW      |
| TYRONE      |
| TYRONE      |
| TYRONE      |
| TYRONE      |
| TYRONE      |
| TYRONE      |
| TYRONE      |
| TYRONE      |
| TYRONE      |
| TYRONE      |
| TYRONE      |
| TYRONE      |
| TYRONE      |
| TYRONE      |
| TYRONE      |
| TYRONE      |
| TYRONE      |
| TYRONE      |
| TYRONE      |
| TYRONE      |
| TYRONE      |
| TYRONE      |
| TYRONE      |
| TYRONE      |
| DARREN      |
| DARREN      |
| DARREN      |
| DARREN      |
| DARREN      |
| DARREN      |
| DARREN      |
| DARREN      |
| DARREN      |
| DARREN      |
| DARREN      |
| DARREN      |
| DARREN      |
| DARREN      |
| DARREN      |
| DARREN      |
| DARREN      |
| DARREN      |
| DARREN      |
| DARREN      |
| DARREN      |
| DARREN      |
| DARREN      |
| DARREN      |
| LONNIE      |
| LONNIE      |
| LONNIE      |
| LONNIE      |
| LONNIE      |
| LONNIE      |
| LONNIE      |
| LONNIE      |
| LONNIE      |
| LONNIE      |
| LONNIE      |
| LONNIE      |
| LONNIE      |
| LONNIE      |
| LONNIE      |
| LONNIE      |
| LONNIE      |
| LONNIE      |
| LANCE       |
| LANCE       |
| LANCE       |
| LANCE       |
| LANCE       |
| LANCE       |
| LANCE       |
| LANCE       |
| LANCE       |
| LANCE       |
| LANCE       |
| LANCE       |
| LANCE       |
| LANCE       |
| LANCE       |
| LANCE       |
| LANCE       |
| LANCE       |
| LANCE       |
| LANCE       |
| LANCE       |
| LANCE       |
| CODY        |
| CODY        |
| CODY        |
| CODY        |
| CODY        |
| CODY        |
| CODY        |
| CODY        |
| CODY        |
| CODY        |
| CODY        |
| CODY        |
| CODY        |
| CODY        |
| CODY        |
| CODY        |
| CODY        |
| CODY        |
| CODY        |
| CODY        |
| CODY        |
| CODY        |
| JULIO       |
| JULIO       |
| JULIO       |
| JULIO       |
| JULIO       |
| JULIO       |
| JULIO       |
| JULIO       |
| JULIO       |
| JULIO       |
| JULIO       |
| JULIO       |
| JULIO       |
| JULIO       |
| JULIO       |
| JULIO       |
| JULIO       |
| JULIO       |
| JULIO       |
| JULIO       |
| JULIO       |
| KELLY       |
| KELLY       |
| KELLY       |
| KELLY       |
| KELLY       |
| KELLY       |
| KELLY       |
| KELLY       |
| KELLY       |
| KELLY       |
| KELLY       |
| KELLY       |
| KELLY       |
| KELLY       |
| KELLY       |
| KELLY       |
| KELLY       |
| KELLY       |
| KELLY       |
| KELLY       |
| KELLY       |
| KELLY       |
| KELLY       |
| KELLY       |
| KELLY       |
| KURT        |
| KURT        |
| KURT        |
| KURT        |
| KURT        |
| KURT        |
| KURT        |
| KURT        |
| KURT        |
| KURT        |
| KURT        |
| KURT        |
| KURT        |
| KURT        |
| KURT        |
| KURT        |
| KURT        |
| KURT        |
| KURT        |
| KURT        |
| KURT        |
| KURT        |
| KURT        |
| ALLAN       |
| ALLAN       |
| ALLAN       |
| ALLAN       |
| ALLAN       |
| ALLAN       |
| ALLAN       |
| ALLAN       |
| ALLAN       |
| ALLAN       |
| ALLAN       |
| ALLAN       |
| ALLAN       |
| ALLAN       |
| ALLAN       |
| ALLAN       |
| ALLAN       |
| ALLAN       |
| ALLAN       |
| NELSON      |
| NELSON      |
| NELSON      |
| NELSON      |
| NELSON      |
| NELSON      |
| NELSON      |
| NELSON      |
| NELSON      |
| NELSON      |
| NELSON      |
| NELSON      |
| NELSON      |
| NELSON      |
| NELSON      |
| NELSON      |
| NELSON      |
| NELSON      |
| NELSON      |
| NELSON      |
| GUY         |
| GUY         |
| GUY         |
| GUY         |
| GUY         |
| GUY         |
| GUY         |
| GUY         |
| GUY         |
| GUY         |
| GUY         |
| GUY         |
| GUY         |
| GUY         |
| GUY         |
| GUY         |
| GUY         |
| GUY         |
| GUY         |
| GUY         |
| GUY         |
| GUY         |
| GUY         |
| GUY         |
| GUY         |
| GUY         |
| GUY         |
| GUY         |
| GUY         |
| GUY         |
| GUY         |
| GUY         |
| CLAYTON     |
| CLAYTON     |
| CLAYTON     |
| CLAYTON     |
| CLAYTON     |
| CLAYTON     |
| CLAYTON     |
| CLAYTON     |
| CLAYTON     |
| CLAYTON     |
| CLAYTON     |
| CLAYTON     |
| CLAYTON     |
| CLAYTON     |
| CLAYTON     |
| CLAYTON     |
| CLAYTON     |
| CLAYTON     |
| CLAYTON     |
| CLAYTON     |
| CLAYTON     |
| CLAYTON     |
| CLAYTON     |
| CLAYTON     |
| CLAYTON     |
| CLAYTON     |
| HUGH        |
| HUGH        |
| HUGH        |
| HUGH        |
| HUGH        |
| HUGH        |
| HUGH        |
| HUGH        |
| HUGH        |
| HUGH        |
| HUGH        |
| HUGH        |
| HUGH        |
| HUGH        |
| HUGH        |
| HUGH        |
| HUGH        |
| HUGH        |
| HUGH        |
| HUGH        |
| HUGH        |
| MAX         |
| MAX         |
| MAX         |
| MAX         |
| MAX         |
| MAX         |
| MAX         |
| MAX         |
| MAX         |
| MAX         |
| MAX         |
| MAX         |
| MAX         |
| MAX         |
| MAX         |
| MAX         |
| MAX         |
| MAX         |
| MAX         |
| MAX         |
| MAX         |
| MAX         |
| MAX         |
| MAX         |
| DWAYNE      |
| DWAYNE      |
| DWAYNE      |
| DWAYNE      |
| DWAYNE      |
| DWAYNE      |
| DWAYNE      |
| DWAYNE      |
| DWAYNE      |
| DWAYNE      |
| DWAYNE      |
| DWAYNE      |
| DWAYNE      |
| DWAYNE      |
| DWAYNE      |
| DWAYNE      |
| DWAYNE      |
| DWAYNE      |
| DWAYNE      |
| DWAYNE      |
| DWAYNE      |
| DWAYNE      |
| DWIGHT      |
| DWIGHT      |
| DWIGHT      |
| DWIGHT      |
| DWIGHT      |
| DWIGHT      |
| DWIGHT      |
| DWIGHT      |
| DWIGHT      |
| DWIGHT      |
| DWIGHT      |
| DWIGHT      |
| DWIGHT      |
| DWIGHT      |
| DWIGHT      |
| DWIGHT      |
| DWIGHT      |
| ARMANDO     |
| ARMANDO     |
| ARMANDO     |
| ARMANDO     |
| ARMANDO     |
| ARMANDO     |
| ARMANDO     |
| ARMANDO     |
| ARMANDO     |
| ARMANDO     |
| ARMANDO     |
| ARMANDO     |
| ARMANDO     |
| ARMANDO     |
| ARMANDO     |
| ARMANDO     |
| ARMANDO     |
| ARMANDO     |
| ARMANDO     |
| ARMANDO     |
| ARMANDO     |
| FELIX       |
| FELIX       |
| FELIX       |
| FELIX       |
| FELIX       |
| FELIX       |
| FELIX       |
| FELIX       |
| FELIX       |
| FELIX       |
| FELIX       |
| FELIX       |
| FELIX       |
| FELIX       |
| FELIX       |
| FELIX       |
| FELIX       |
| FELIX       |
| FELIX       |
| FELIX       |
| FELIX       |
| FELIX       |
| FELIX       |
| FELIX       |
| JIMMIE      |
| JIMMIE      |
| JIMMIE      |
| JIMMIE      |
| JIMMIE      |
| JIMMIE      |
| JIMMIE      |
| JIMMIE      |
| JIMMIE      |
| JIMMIE      |
| JIMMIE      |
| JIMMIE      |
| JIMMIE      |
| JIMMIE      |
| JIMMIE      |
| JIMMIE      |
| JIMMIE      |
| JIMMIE      |
| JIMMIE      |
| JIMMIE      |
| JIMMIE      |
| JIMMIE      |
| JIMMIE      |
| JIMMIE      |
| JIMMIE      |
| JIMMIE      |
| JIMMIE      |
| JIMMIE      |
| EVERETT     |
| EVERETT     |
| EVERETT     |
| EVERETT     |
| EVERETT     |
| EVERETT     |
| EVERETT     |
| EVERETT     |
| EVERETT     |
| EVERETT     |
| EVERETT     |
| EVERETT     |
| EVERETT     |
| EVERETT     |
| EVERETT     |
| EVERETT     |
| EVERETT     |
| EVERETT     |
| EVERETT     |
| EVERETT     |
| EVERETT     |
| EVERETT     |
| EVERETT     |
| EVERETT     |
| EVERETT     |
| EVERETT     |
| EVERETT     |
| EVERETT     |
| JORDAN      |
| JORDAN      |
| JORDAN      |
| JORDAN      |
| JORDAN      |
| JORDAN      |
| JORDAN      |
| JORDAN      |
| JORDAN      |
| JORDAN      |
| JORDAN      |
| JORDAN      |
| JORDAN      |
| JORDAN      |
| JORDAN      |
| JORDAN      |
| JORDAN      |
| JORDAN      |
| JORDAN      |
| JORDAN      |
| JORDAN      |
| JORDAN      |
| JORDAN      |
| JORDAN      |
| JORDAN      |
| JORDAN      |
| JORDAN      |
| JORDAN      |
| JORDAN      |
| JORDAN      |
| IAN         |
| IAN         |
| IAN         |
| IAN         |
| IAN         |
| IAN         |
| IAN         |
| IAN         |
| IAN         |
| IAN         |
| IAN         |
| IAN         |
| IAN         |
| IAN         |
| IAN         |
| IAN         |
| IAN         |
| IAN         |
| IAN         |
| IAN         |
| IAN         |
| IAN         |
| IAN         |
| IAN         |
| IAN         |
| IAN         |
| IAN         |
| WALLACE     |
| WALLACE     |
| WALLACE     |
| WALLACE     |
| WALLACE     |
| WALLACE     |
| WALLACE     |
| WALLACE     |
| WALLACE     |
| WALLACE     |
| WALLACE     |
| WALLACE     |
| WALLACE     |
| WALLACE     |
| WALLACE     |
| WALLACE     |
| WALLACE     |
| WALLACE     |
| WALLACE     |
| WALLACE     |
| WALLACE     |
| WALLACE     |
| WALLACE     |
| WALLACE     |
| WALLACE     |
| KEN         |
| KEN         |
| KEN         |
| KEN         |
| KEN         |
| KEN         |
| KEN         |
| KEN         |
| KEN         |
| KEN         |
| KEN         |
| KEN         |
| KEN         |
| KEN         |
| KEN         |
| KEN         |
| KEN         |
| KEN         |
| KEN         |
| KEN         |
| KEN         |
| KEN         |
| KEN         |
| KEN         |
| KEN         |
| KEN         |
| KEN         |
| KEN         |
| KEN         |
| BOB         |
| BOB         |
| BOB         |
| BOB         |
| BOB         |
| BOB         |
| BOB         |
| BOB         |
| BOB         |
| BOB         |
| BOB         |
| BOB         |
| BOB         |
| BOB         |
| BOB         |
| BOB         |
| BOB         |
| BOB         |
| BOB         |
| BOB         |
| BOB         |
| BOB         |
| BOB         |
| BOB         |
| JAIME       |
| JAIME       |
| JAIME       |
| JAIME       |
| JAIME       |
| JAIME       |
| JAIME       |
| JAIME       |
| JAIME       |
| JAIME       |
| JAIME       |
| JAIME       |
| JAIME       |
| JAIME       |
| JAIME       |
| JAIME       |
| JAIME       |
| JAIME       |
| JAIME       |
| JAIME       |
| JAIME       |
| JAIME       |
| JAIME       |
| JAIME       |
| JAIME       |
| JAIME       |
| JAIME       |
| JAIME       |
| JAIME       |
| CASEY       |
| CASEY       |
| CASEY       |
| CASEY       |
| CASEY       |
| CASEY       |
| CASEY       |
| CASEY       |
| CASEY       |
| CASEY       |
| CASEY       |
| CASEY       |
| CASEY       |
| CASEY       |
| CASEY       |
| CASEY       |
| CASEY       |
| CASEY       |
| CASEY       |
| CASEY       |
| CASEY       |
| CASEY       |
| CASEY       |
| CASEY       |
| CASEY       |
| CASEY       |
| CASEY       |
| CASEY       |
| CASEY       |
| CASEY       |
| CASEY       |
| CASEY       |
| CASEY       |
| CASEY       |
| ALFREDO     |
| ALFREDO     |
| ALFREDO     |
| ALFREDO     |
| ALFREDO     |
| ALFREDO     |
| ALFREDO     |
| ALFREDO     |
| ALFREDO     |
| ALFREDO     |
| ALFREDO     |
| ALFREDO     |
| ALFREDO     |
| ALFREDO     |
| ALFREDO     |
| ALFREDO     |
| ALFREDO     |
| ALFREDO     |
| ALFREDO     |
| ALFREDO     |
| ALBERTO     |
| ALBERTO     |
| ALBERTO     |
| ALBERTO     |
| ALBERTO     |
| ALBERTO     |
| ALBERTO     |
| ALBERTO     |
| ALBERTO     |
| ALBERTO     |
| ALBERTO     |
| ALBERTO     |
| ALBERTO     |
| ALBERTO     |
| ALBERTO     |
| ALBERTO     |
| ALBERTO     |
| ALBERTO     |
| ALBERTO     |
| ALBERTO     |
| ALBERTO     |
| DAVE        |
| DAVE        |
| DAVE        |
| DAVE        |
| DAVE        |
| DAVE        |
| DAVE        |
| DAVE        |
| DAVE        |
| DAVE        |
| DAVE        |
| DAVE        |
| DAVE        |
| DAVE        |
| DAVE        |
| DAVE        |
| DAVE        |
| DAVE        |
| DAVE        |
| DAVE        |
| DAVE        |
| DAVE        |
| DAVE        |
| DAVE        |
| DAVE        |
| DAVE        |
| DAVE        |
| DAVE        |
| DAVE        |
| DAVE        |
| DAVE        |
| DAVE        |
| IVAN        |
| IVAN        |
| IVAN        |
| IVAN        |
| IVAN        |
| IVAN        |
| IVAN        |
| IVAN        |
| IVAN        |
| IVAN        |
| IVAN        |
| IVAN        |
| IVAN        |
| IVAN        |
| IVAN        |
| IVAN        |
| IVAN        |
| IVAN        |
| IVAN        |
| IVAN        |
| IVAN        |
| IVAN        |
| IVAN        |
| IVAN        |
| IVAN        |
| IVAN        |
| JOHNNIE     |
| JOHNNIE     |
| JOHNNIE     |
| JOHNNIE     |
| JOHNNIE     |
| JOHNNIE     |
| JOHNNIE     |
| JOHNNIE     |
| JOHNNIE     |
| JOHNNIE     |
| JOHNNIE     |
| JOHNNIE     |
| JOHNNIE     |
| JOHNNIE     |
| JOHNNIE     |
| JOHNNIE     |
| JOHNNIE     |
| JOHNNIE     |
| JOHNNIE     |
| JOHNNIE     |
| JOHNNIE     |
| JOHNNIE     |
| JOHNNIE     |
| JOHNNIE     |
| SIDNEY      |
| SIDNEY      |
| SIDNEY      |
| SIDNEY      |
| SIDNEY      |
| SIDNEY      |
| SIDNEY      |
| SIDNEY      |
| SIDNEY      |
| SIDNEY      |
| SIDNEY      |
| SIDNEY      |
| SIDNEY      |
| SIDNEY      |
| SIDNEY      |
| SIDNEY      |
| SIDNEY      |
| SIDNEY      |
| SIDNEY      |
| SIDNEY      |
| SIDNEY      |
| SIDNEY      |
| SIDNEY      |
| SIDNEY      |
| SIDNEY      |
| BYRON       |
| BYRON       |
| BYRON       |
| BYRON       |
| BYRON       |
| BYRON       |
| BYRON       |
| BYRON       |
| BYRON       |
| BYRON       |
| BYRON       |
| BYRON       |
| BYRON       |
| BYRON       |
| BYRON       |
| BYRON       |
| BYRON       |
| BYRON       |
| BYRON       |
| BYRON       |
| BYRON       |
| BYRON       |
| BYRON       |
| BYRON       |
| BYRON       |
| BYRON       |
| BYRON       |
| BYRON       |
| BYRON       |
| JULIAN      |
| JULIAN      |
| JULIAN      |
| JULIAN      |
| JULIAN      |
| JULIAN      |
| JULIAN      |
| JULIAN      |
| JULIAN      |
| JULIAN      |
| JULIAN      |
| JULIAN      |
| JULIAN      |
| JULIAN      |
| JULIAN      |
| JULIAN      |
| JULIAN      |
| JULIAN      |
| JULIAN      |
| JULIAN      |
| JULIAN      |
| JULIAN      |
| JULIAN      |
| JULIAN      |
| JULIAN      |
| JULIAN      |
| JULIAN      |
| JULIAN      |
| ISAAC       |
| ISAAC       |
| ISAAC       |
| ISAAC       |
| ISAAC       |
| ISAAC       |
| ISAAC       |
| ISAAC       |
| ISAAC       |
| ISAAC       |
| ISAAC       |
| ISAAC       |
| ISAAC       |
| ISAAC       |
| ISAAC       |
| ISAAC       |
| ISAAC       |
| ISAAC       |
| ISAAC       |
| ISAAC       |
| ISAAC       |
| ISAAC       |
| ISAAC       |
| ISAAC       |
| ISAAC       |
| ISAAC       |
| ISAAC       |
| ISAAC       |
| ISAAC       |
| MORRIS      |
| MORRIS      |
| MORRIS      |
| MORRIS      |
| MORRIS      |
| MORRIS      |
| MORRIS      |
| MORRIS      |
| MORRIS      |
| MORRIS      |
| MORRIS      |
| MORRIS      |
| MORRIS      |
| MORRIS      |
| MORRIS      |
| MORRIS      |
| MORRIS      |
| MORRIS      |
| MORRIS      |
| MORRIS      |
| MORRIS      |
| MORRIS      |
| MORRIS      |
| MORRIS      |
| MORRIS      |
| MORRIS      |
| MORRIS      |
| MORRIS      |
| MORRIS      |
| MORRIS      |
| MORRIS      |
| MORRIS      |
| MORRIS      |
| MORRIS      |
| CLIFTON     |
| CLIFTON     |
| CLIFTON     |
| CLIFTON     |
| CLIFTON     |
| CLIFTON     |
| CLIFTON     |
| CLIFTON     |
| CLIFTON     |
| CLIFTON     |
| CLIFTON     |
| CLIFTON     |
| CLIFTON     |
| CLIFTON     |
| CLIFTON     |
| CLIFTON     |
| CLIFTON     |
| CLIFTON     |
| CLIFTON     |
| CLIFTON     |
| CLIFTON     |
| CLIFTON     |
| CLIFTON     |
| CLIFTON     |
| CLIFTON     |
| CLIFTON     |
| CLIFTON     |
| WILLARD     |
| WILLARD     |
| WILLARD     |
| WILLARD     |
| WILLARD     |
| WILLARD     |
| WILLARD     |
| WILLARD     |
| WILLARD     |
| WILLARD     |
| WILLARD     |
| WILLARD     |
| WILLARD     |
| WILLARD     |
| WILLARD     |
| WILLARD     |
| WILLARD     |
| WILLARD     |
| WILLARD     |
| WILLARD     |
| WILLARD     |
| WILLARD     |
| DARYL       |
| DARYL       |
| DARYL       |
| DARYL       |
| DARYL       |
| DARYL       |
| DARYL       |
| DARYL       |
| DARYL       |
| DARYL       |
| DARYL       |
| DARYL       |
| DARYL       |
| DARYL       |
| DARYL       |
| DARYL       |
| DARYL       |
| DARYL       |
| DARYL       |
| DARYL       |
| DARYL       |
| DARYL       |
| DARYL       |
| DARYL       |
| DARYL       |
| DARYL       |
| DARYL       |
| ROSS        |
| ROSS        |
| ROSS        |
| ROSS        |
| ROSS        |
| ROSS        |
| ROSS        |
| ROSS        |
| ROSS        |
| ROSS        |
| ROSS        |
| ROSS        |
| ROSS        |
| ROSS        |
| ROSS        |
| ROSS        |
| ROSS        |
| ROSS        |
| ROSS        |
| ROSS        |
| ROSS        |
| ROSS        |
| ROSS        |
| ROSS        |
| ROSS        |
| ROSS        |
| ROSS        |
| VIRGIL      |
| VIRGIL      |
| VIRGIL      |
| VIRGIL      |
| VIRGIL      |
| VIRGIL      |
| VIRGIL      |
| VIRGIL      |
| VIRGIL      |
| VIRGIL      |
| VIRGIL      |
| VIRGIL      |
| VIRGIL      |
| VIRGIL      |
| VIRGIL      |
| VIRGIL      |
| VIRGIL      |
| VIRGIL      |
| VIRGIL      |
| VIRGIL      |
| VIRGIL      |
| VIRGIL      |
| VIRGIL      |
| VIRGIL      |
| VIRGIL      |
| VIRGIL      |
| VIRGIL      |
| ANDY        |
| ANDY        |
| ANDY        |
| ANDY        |
| ANDY        |
| ANDY        |
| ANDY        |
| ANDY        |
| ANDY        |
| ANDY        |
| ANDY        |
| ANDY        |
| ANDY        |
| ANDY        |
| ANDY        |
| ANDY        |
| ANDY        |
| ANDY        |
| ANDY        |
| ANDY        |
| ANDY        |
| ANDY        |
| ANDY        |
| ANDY        |
| ANDY        |
| MARSHALL    |
| MARSHALL    |
| MARSHALL    |
| MARSHALL    |
| MARSHALL    |
| MARSHALL    |
| MARSHALL    |
| MARSHALL    |
| MARSHALL    |
| MARSHALL    |
| MARSHALL    |
| MARSHALL    |
| MARSHALL    |
| MARSHALL    |
| MARSHALL    |
| MARSHALL    |
| MARSHALL    |
| MARSHALL    |
| MARSHALL    |
| MARSHALL    |
| MARSHALL    |
| MARSHALL    |
| MARSHALL    |
| SALVADOR    |
| SALVADOR    |
| SALVADOR    |
| SALVADOR    |
| SALVADOR    |
| SALVADOR    |
| SALVADOR    |
| SALVADOR    |
| SALVADOR    |
| SALVADOR    |
| SALVADOR    |
| SALVADOR    |
| SALVADOR    |
| SALVADOR    |
| SALVADOR    |
| SALVADOR    |
| SALVADOR    |
| SALVADOR    |
| SALVADOR    |
| SALVADOR    |
| SALVADOR    |
| SALVADOR    |
| SALVADOR    |
| SALVADOR    |
| SALVADOR    |
| SALVADOR    |
| SALVADOR    |
| SALVADOR    |
| SALVADOR    |
| SALVADOR    |
| PERRY       |
| PERRY       |
| PERRY       |
| PERRY       |
| PERRY       |
| PERRY       |
| PERRY       |
| PERRY       |
| PERRY       |
| PERRY       |
| PERRY       |
| PERRY       |
| PERRY       |
| PERRY       |
| PERRY       |
| PERRY       |
| PERRY       |
| PERRY       |
| PERRY       |
| PERRY       |
| PERRY       |
| PERRY       |
| PERRY       |
| PERRY       |
| KIRK        |
| KIRK        |
| KIRK        |
| KIRK        |
| KIRK        |
| KIRK        |
| KIRK        |
| KIRK        |
| KIRK        |
| KIRK        |
| KIRK        |
| KIRK        |
| KIRK        |
| KIRK        |
| KIRK        |
| KIRK        |
| KIRK        |
| KIRK        |
| KIRK        |
| SERGIO      |
| SERGIO      |
| SERGIO      |
| SERGIO      |
| SERGIO      |
| SERGIO      |
| SERGIO      |
| SERGIO      |
| SERGIO      |
| SERGIO      |
| SERGIO      |
| SERGIO      |
| SERGIO      |
| SERGIO      |
| SERGIO      |
| SERGIO      |
| SERGIO      |
| SERGIO      |
| SERGIO      |
| SERGIO      |
| SERGIO      |
| SERGIO      |
| SERGIO      |
| SERGIO      |
| SERGIO      |
| SERGIO      |
| MARION      |
| MARION      |
| MARION      |
| MARION      |
| MARION      |
| MARION      |
| MARION      |
| MARION      |
| MARION      |
| MARION      |
| MARION      |
| MARION      |
| MARION      |
| MARION      |
| MARION      |
| MARION      |
| MARION      |
| MARION      |
| MARION      |
| MARION      |
| MARION      |
| MARION      |
| MARION      |
| MARION      |
| MARION      |
| MARION      |
| MARION      |
| MARION      |
| MARION      |
| TRACY       |
| TRACY       |
| TRACY       |
| TRACY       |
| TRACY       |
| TRACY       |
| TRACY       |
| TRACY       |
| TRACY       |
| TRACY       |
| TRACY       |
| TRACY       |
| TRACY       |
| TRACY       |
| TRACY       |
| TRACY       |
| TRACY       |
| TRACY       |
| TRACY       |
| TRACY       |
| TRACY       |
| TRACY       |
| TRACY       |
| TRACY       |
| TRACY       |
| TRACY       |
| TRACY       |
| TRACY       |
| SETH        |
| SETH        |
| SETH        |
| SETH        |
| SETH        |
| SETH        |
| SETH        |
| SETH        |
| SETH        |
| SETH        |
| SETH        |
| SETH        |
| SETH        |
| SETH        |
| SETH        |
| SETH        |
| SETH        |
| SETH        |
| SETH        |
| SETH        |
| SETH        |
| SETH        |
| SETH        |
| SETH        |
| SETH        |
| KENT        |
| KENT        |
| KENT        |
| KENT        |
| KENT        |
| KENT        |
| KENT        |
| KENT        |
| KENT        |
| KENT        |
| KENT        |
| KENT        |
| KENT        |
| KENT        |
| KENT        |
| KENT        |
| KENT        |
| KENT        |
| KENT        |
| KENT        |
| KENT        |
| KENT        |
| KENT        |
| KENT        |
| KENT        |
| KENT        |
| KENT        |
| TERRANCE    |
| TERRANCE    |
| TERRANCE    |
| TERRANCE    |
| TERRANCE    |
| TERRANCE    |
| TERRANCE    |
| TERRANCE    |
| TERRANCE    |
| TERRANCE    |
| TERRANCE    |
| TERRANCE    |
| TERRANCE    |
| TERRANCE    |
| TERRANCE    |
| TERRANCE    |
| TERRANCE    |
| TERRANCE    |
| TERRANCE    |
| TERRANCE    |
| TERRANCE    |
| TERRANCE    |
| TERRANCE    |
| TERRANCE    |
| TERRANCE    |
| TERRANCE    |
| TERRANCE    |
| TERRANCE    |
| TERRANCE    |
| RENE        |
| RENE        |
| RENE        |
| RENE        |
| RENE        |
| RENE        |
| RENE        |
| RENE        |
| RENE        |
| RENE        |
| RENE        |
| RENE        |
| RENE        |
| RENE        |
| RENE        |
| RENE        |
| RENE        |
| RENE        |
| RENE        |
| RENE        |
| RENE        |
| RENE        |
| RENE        |
| RENE        |
| RENE        |
| RENE        |
| EDUARDO     |
| EDUARDO     |
| EDUARDO     |
| EDUARDO     |
| EDUARDO     |
| EDUARDO     |
| EDUARDO     |
| EDUARDO     |
| EDUARDO     |
| EDUARDO     |
| EDUARDO     |
| EDUARDO     |
| EDUARDO     |
| EDUARDO     |
| EDUARDO     |
| EDUARDO     |
| EDUARDO     |
| EDUARDO     |
| EDUARDO     |
| EDUARDO     |
| EDUARDO     |
| EDUARDO     |
| EDUARDO     |
| EDUARDO     |
| EDUARDO     |
| EDUARDO     |
| EDUARDO     |
| TERRENCE    |
| TERRENCE    |
| TERRENCE    |
| TERRENCE    |
| TERRENCE    |
| TERRENCE    |
| TERRENCE    |
| TERRENCE    |
| TERRENCE    |
| TERRENCE    |
| TERRENCE    |
| TERRENCE    |
| TERRENCE    |
| TERRENCE    |
| TERRENCE    |
| TERRENCE    |
| TERRENCE    |
| TERRENCE    |
| TERRENCE    |
| TERRENCE    |
| TERRENCE    |
| TERRENCE    |
| TERRENCE    |
| TERRENCE    |
| TERRENCE    |
| TERRENCE    |
| TERRENCE    |
| TERRENCE    |
| TERRENCE    |
| TERRENCE    |
| ENRIQUE     |
| ENRIQUE     |
| ENRIQUE     |
| ENRIQUE     |
| ENRIQUE     |
| ENRIQUE     |
| ENRIQUE     |
| ENRIQUE     |
| ENRIQUE     |
| ENRIQUE     |
| ENRIQUE     |
| ENRIQUE     |
| ENRIQUE     |
| ENRIQUE     |
| ENRIQUE     |
| ENRIQUE     |
| ENRIQUE     |
| ENRIQUE     |
| ENRIQUE     |
| ENRIQUE     |
| ENRIQUE     |
| ENRIQUE     |
| ENRIQUE     |
| ENRIQUE     |
| ENRIQUE     |
| ENRIQUE     |
| ENRIQUE     |
| ENRIQUE     |
| FREDDIE     |
| FREDDIE     |
| FREDDIE     |
| FREDDIE     |
| FREDDIE     |
| FREDDIE     |
| FREDDIE     |
| FREDDIE     |
| FREDDIE     |
| FREDDIE     |
| FREDDIE     |
| FREDDIE     |
| FREDDIE     |
| FREDDIE     |
| FREDDIE     |
| FREDDIE     |
| FREDDIE     |
| FREDDIE     |
| FREDDIE     |
| FREDDIE     |
| FREDDIE     |
| FREDDIE     |
| FREDDIE     |
| FREDDIE     |
| FREDDIE     |
| WADE        |
| WADE        |
| WADE        |
| WADE        |
| WADE        |
| WADE        |
| WADE        |
| WADE        |
| WADE        |
| WADE        |
| WADE        |
| WADE        |
| WADE        |
| WADE        |
| WADE        |
| WADE        |
| WADE        |
| WADE        |
| WADE        |
| WADE        |
| WADE        |
| WADE        |
| AUSTIN      |
| AUSTIN      |
| AUSTIN      |
| AUSTIN      |
| AUSTIN      |
| AUSTIN      |
| AUSTIN      |
| AUSTIN      |
| AUSTIN      |
| AUSTIN      |
| AUSTIN      |
| AUSTIN      |
| AUSTIN      |
| AUSTIN      |
| AUSTIN      |
| AUSTIN      |
| AUSTIN      |
| AUSTIN      |
| AUSTIN      |
+-------------+
16044 rows in set (0.0186 sec)

 MySQL  localhost:3306 ssl  sakila  SQL > desc rental;
+--------------+-----------------------+------+-----+-------------------+-----------------------------+
| Field        | Type                  | Null | Key | Default           | Extra                       |
+--------------+-----------------------+------+-----+-------------------+-----------------------------+
| rental_id    | int(11)               | NO   | PRI | NULL              | auto_increment              |
| rental_date  | datetime              | NO   | MUL | NULL              |                             |
| inventory_id | mediumint(8) unsigned | NO   | MUL | NULL              |                             |
| customer_id  | smallint(5) unsigned  | NO   | MUL | NULL              |                             |
| return_date  | datetime              | YES  |     | NULL              |                             |
| staff_id     | tinyint(3) unsigned   | NO   | MUL | NULL              |                             |
| last_update  | timestamp             | NO   |     | CURRENT_TIMESTAMP | on update CURRENT_TIMESTAMP |
+--------------+-----------------------+------+-----+-------------------+-----------------------------+
7 rows in set (0.0020 sec)

 MySQL  localhost:3306 ssl  sakila  SQL > select customer_id from rental limit 10;
+-------------+
| customer_id |
+-------------+
|           1 |
|           1 |
|           1 |
|           1 |
|           1 |
|           1 |
|           1 |
|           1 |
|           1 |
|           1 |
+-------------+
10 rows in set (0.0005 sec)

 MySQL  localhost:3306 ssl  sakila  SQL > select distinct(customer_id) from rental;
+-------------+
| customer_id |
+-------------+
|           1 |
|           2 |
|           3 |
|           4 |
|           5 |
|           6 |
|           7 |
|           8 |
|           9 |
|          10 |
|          11 |
|          12 |
|          13 |
|          14 |
|          15 |
|          16 |
|          17 |
|          18 |
|          19 |
|          20 |
|          21 |
|          22 |
|          23 |
|          24 |
|          25 |
|          26 |
|          27 |
|          28 |
|          29 |
|          30 |
|          31 |
|          32 |
|          33 |
|          34 |
|          35 |
|          36 |
|          37 |
|          38 |
|          39 |
|          40 |
|          41 |
|          42 |
|          43 |
|          44 |
|          45 |
|          46 |
|          47 |
|          48 |
|          49 |
|          50 |
|          51 |
|          52 |
|          53 |
|          54 |
|          55 |
|          56 |
|          57 |
|          58 |
|          59 |
|          60 |
|          61 |
|          62 |
|          63 |
|          64 |
|          65 |
|          66 |
|          67 |
|          68 |
|          69 |
|          70 |
|          71 |
|          72 |
|          73 |
|          74 |
|          75 |
|          76 |
|          77 |
|          78 |
|          79 |
|          80 |
|          81 |
|          82 |
|          83 |
|          84 |
|          85 |
|          86 |
|          87 |
|          88 |
|          89 |
|          90 |
|          91 |
|          92 |
|          93 |
|          94 |
|          95 |
|          96 |
|          97 |
|          98 |
|          99 |
|         100 |
|         101 |
|         102 |
|         103 |
|         104 |
|         105 |
|         106 |
|         107 |
|         108 |
|         109 |
|         110 |
|         111 |
|         112 |
|         113 |
|         114 |
|         115 |
|         116 |
|         117 |
|         118 |
|         119 |
|         120 |
|         121 |
|         122 |
|         123 |
|         124 |
|         125 |
|         126 |
|         127 |
|         128 |
|         129 |
|         130 |
|         131 |
|         132 |
|         133 |
|         134 |
|         135 |
|         136 |
|         137 |
|         138 |
|         139 |
|         140 |
|         141 |
|         142 |
|         143 |
|         144 |
|         145 |
|         146 |
|         147 |
|         148 |
|         149 |
|         150 |
|         151 |
|         152 |
|         153 |
|         154 |
|         155 |
|         156 |
|         157 |
|         158 |
|         159 |
|         160 |
|         161 |
|         162 |
|         163 |
|         164 |
|         165 |
|         166 |
|         167 |
|         168 |
|         169 |
|         170 |
|         171 |
|         172 |
|         173 |
|         174 |
|         175 |
|         176 |
|         177 |
|         178 |
|         179 |
|         180 |
|         181 |
|         182 |
|         183 |
|         184 |
|         185 |
|         186 |
|         187 |
|         188 |
|         189 |
|         190 |
|         191 |
|         192 |
|         193 |
|         194 |
|         195 |
|         196 |
|         197 |
|         198 |
|         199 |
|         200 |
|         201 |
|         202 |
|         203 |
|         204 |
|         205 |
|         206 |
|         207 |
|         208 |
|         209 |
|         210 |
|         211 |
|         212 |
|         213 |
|         214 |
|         215 |
|         216 |
|         217 |
|         218 |
|         219 |
|         220 |
|         221 |
|         222 |
|         223 |
|         224 |
|         225 |
|         226 |
|         227 |
|         228 |
|         229 |
|         230 |
|         231 |
|         232 |
|         233 |
|         234 |
|         235 |
|         236 |
|         237 |
|         238 |
|         239 |
|         240 |
|         241 |
|         242 |
|         243 |
|         244 |
|         245 |
|         246 |
|         247 |
|         248 |
|         249 |
|         250 |
|         251 |
|         252 |
|         253 |
|         254 |
|         255 |
|         256 |
|         257 |
|         258 |
|         259 |
|         260 |
|         261 |
|         262 |
|         263 |
|         264 |
|         265 |
|         266 |
|         267 |
|         268 |
|         269 |
|         270 |
|         271 |
|         272 |
|         273 |
|         274 |
|         275 |
|         276 |
|         277 |
|         278 |
|         279 |
|         280 |
|         281 |
|         282 |
|         283 |
|         284 |
|         285 |
|         286 |
|         287 |
|         288 |
|         289 |
|         290 |
|         291 |
|         292 |
|         293 |
|         294 |
|         295 |
|         296 |
|         297 |
|         298 |
|         299 |
|         300 |
|         301 |
|         302 |
|         303 |
|         304 |
|         305 |
|         306 |
|         307 |
|         308 |
|         309 |
|         310 |
|         311 |
|         312 |
|         313 |
|         314 |
|         315 |
|         316 |
|         317 |
|         318 |
|         319 |
|         320 |
|         321 |
|         322 |
|         323 |
|         324 |
|         325 |
|         326 |
|         327 |
|         328 |
|         329 |
|         330 |
|         331 |
|         332 |
|         333 |
|         334 |
|         335 |
|         336 |
|         337 |
|         338 |
|         339 |
|         340 |
|         341 |
|         342 |
|         343 |
|         344 |
|         345 |
|         346 |
|         347 |
|         348 |
|         349 |
|         350 |
|         351 |
|         352 |
|         353 |
|         354 |
|         355 |
|         356 |
|         357 |
|         358 |
|         359 |
|         360 |
|         361 |
|         362 |
|         363 |
|         364 |
|         365 |
|         366 |
|         367 |
|         368 |
|         369 |
|         370 |
|         371 |
|         372 |
|         373 |
|         374 |
|         375 |
|         376 |
|         377 |
|         378 |
|         379 |
|         380 |
|         381 |
|         382 |
|         383 |
|         384 |
|         385 |
|         386 |
|         387 |
|         388 |
|         389 |
|         390 |
|         391 |
|         392 |
|         393 |
|         394 |
|         395 |
|         396 |
|         397 |
|         398 |
|         399 |
|         400 |
|         401 |
|         402 |
|         403 |
|         404 |
|         405 |
|         406 |
|         407 |
|         408 |
|         409 |
|         410 |
|         411 |
|         412 |
|         413 |
|         414 |
|         415 |
|         416 |
|         417 |
|         418 |
|         419 |
|         420 |
|         421 |
|         422 |
|         423 |
|         424 |
|         425 |
|         426 |
|         427 |
|         428 |
|         429 |
|         430 |
|         431 |
|         432 |
|         433 |
|         434 |
|         435 |
|         436 |
|         437 |
|         438 |
|         439 |
|         440 |
|         441 |
|         442 |
|         443 |
|         444 |
|         445 |
|         446 |
|         447 |
|         448 |
|         449 |
|         450 |
|         451 |
|         452 |
|         453 |
|         454 |
|         455 |
|         456 |
|         457 |
|         458 |
|         459 |
|         460 |
|         461 |
|         462 |
|         463 |
|         464 |
|         465 |
|         466 |
|         467 |
|         468 |
|         469 |
|         470 |
|         471 |
|         472 |
|         473 |
|         474 |
|         475 |
|         476 |
|         477 |
|         478 |
|         479 |
|         480 |
|         481 |
|         482 |
|         483 |
|         484 |
|         485 |
|         486 |
|         487 |
|         488 |
|         489 |
|         490 |
|         491 |
|         492 |
|         493 |
|         494 |
|         495 |
|         496 |
|         497 |
|         498 |
|         499 |
|         500 |
|         501 |
|         502 |
|         503 |
|         504 |
|         505 |
|         506 |
|         507 |
|         508 |
|         509 |
|         510 |
|         511 |
|         512 |
|         513 |
|         514 |
|         515 |
|         516 |
|         517 |
|         518 |
|         519 |
|         520 |
|         521 |
|         522 |
|         523 |
|         524 |
|         525 |
|         526 |
|         527 |
|         528 |
|         529 |
|         530 |
|         531 |
|         532 |
|         533 |
|         534 |
|         535 |
|         536 |
|         537 |
|         538 |
|         539 |
|         540 |
|         541 |
|         542 |
|         543 |
|         544 |
|         545 |
|         546 |
|         547 |
|         548 |
|         549 |
|         550 |
|         551 |
|         552 |
|         553 |
|         554 |
|         555 |
|         556 |
|         557 |
|         558 |
|         559 |
|         560 |
|         561 |
|         562 |
|         563 |
|         564 |
|         565 |
|         566 |
|         567 |
|         568 |
|         569 |
|         570 |
|         571 |
|         572 |
|         573 |
|         574 |
|         575 |
|         576 |
|         577 |
|         578 |
|         579 |
|         580 |
|         581 |
|         582 |
|         583 |
|         584 |
|         585 |
|         586 |
|         587 |
|         588 |
|         589 |
|         590 |
|         591 |
|         592 |
|         593 |
|         594 |
|         595 |
|         596 |
|         597 |
|         598 |
|         599 |
+-------------+
599 rows in set (0.0022 sec)

 MySQL  localhost:3306 ssl  sakila  SQL > select first_name, last name from customer where customer_id=588;
ERROR: 1054 (42S22): Unknown column 'last' in 'field list'

 MySQL  localhost:3306 ssl  sakila  SQL > select first_name, last_name from customer where customer_id=588;
+------------+-----------+
| first_name | last_name |
+------------+-----------+
| MARION     | OCAMPO    |
+------------+-----------+
1 row in set (0.0006 sec)

 MySQL  localhost:3306 ssl  sakila  SQL > select distinct(a.customer_id), a.first_name, a.last_name from customer a
                                      ... inner join rental b
                                      ... on a.customer_id=b.customer_id;
+-------------+-------------+--------------+
| customer_id | first_name  | last_name    |
+-------------+-------------+--------------+
|           1 | MARY        | SMITH        |
|           2 | PATRICIA    | JOHNSON      |
|           3 | LINDA       | WILLIAMS     |
|           4 | BARBARA     | JONES        |
|           5 | ELIZABETH   | BROWN        |
|           6 | JENNIFER    | DAVIS        |
|           7 | MARIA       | MILLER       |
|           8 | SUSAN       | WILSON       |
|           9 | MARGARET    | MOORE        |
|          10 | DOROTHY     | TAYLOR       |
|          11 | LISA        | ANDERSON     |
|          12 | NANCY       | THOMAS       |
|          13 | KAREN       | JACKSON      |
|          14 | BETTY       | WHITE        |
|          15 | HELEN       | HARRIS       |
|          16 | SANDRA      | MARTIN       |
|          17 | DONNA       | THOMPSON     |
|          18 | CAROL       | GARCIA       |
|          19 | RUTH        | MARTINEZ     |
|          20 | SHARON      | ROBINSON     |
|          21 | MICHELLE    | CLARK        |
|          22 | LAURA       | RODRIGUEZ    |
|          23 | SARAH       | LEWIS        |
|          24 | KIMBERLY    | LEE          |
|          25 | DEBORAH     | WALKER       |
|          26 | JESSICA     | HALL         |
|          27 | SHIRLEY     | ALLEN        |
|          28 | CYNTHIA     | YOUNG        |
|          29 | ANGELA      | HERNANDEZ    |
|          30 | MELISSA     | KING         |
|          31 | BRENDA      | WRIGHT       |
|          32 | AMY         | LOPEZ        |
|          33 | ANNA        | HILL         |
|          34 | REBECCA     | SCOTT        |
|          35 | VIRGINIA    | GREEN        |
|          36 | KATHLEEN    | ADAMS        |
|          37 | PAMELA      | BAKER        |
|          38 | MARTHA      | GONZALEZ     |
|          39 | DEBRA       | NELSON       |
|          40 | AMANDA      | CARTER       |
|          41 | STEPHANIE   | MITCHELL     |
|          42 | CAROLYN     | PEREZ        |
|          43 | CHRISTINE   | ROBERTS      |
|          44 | MARIE       | TURNER       |
|          45 | JANET       | PHILLIPS     |
|          46 | CATHERINE   | CAMPBELL     |
|          47 | FRANCES     | PARKER       |
|          48 | ANN         | EVANS        |
|          49 | JOYCE       | EDWARDS      |
|          50 | DIANE       | COLLINS      |
|          51 | ALICE       | STEWART      |
|          52 | JULIE       | SANCHEZ      |
|          53 | HEATHER     | MORRIS       |
|          54 | TERESA      | ROGERS       |
|          55 | DORIS       | REED         |
|          56 | GLORIA      | COOK         |
|          57 | EVELYN      | MORGAN       |
|          58 | JEAN        | BELL         |
|          59 | CHERYL      | MURPHY       |
|          60 | MILDRED     | BAILEY       |
|          61 | KATHERINE   | RIVERA       |
|          62 | JOAN        | COOPER       |
|          63 | ASHLEY      | RICHARDSON   |
|          64 | JUDITH      | COX          |
|          65 | ROSE        | HOWARD       |
|          66 | JANICE      | WARD         |
|          67 | KELLY       | TORRES       |
|          68 | NICOLE      | PETERSON     |
|          69 | JUDY        | GRAY         |
|          70 | CHRISTINA   | RAMIREZ      |
|          71 | KATHY       | JAMES        |
|          72 | THERESA     | WATSON       |
|          73 | BEVERLY     | BROOKS       |
|          74 | DENISE      | KELLY        |
|          75 | TAMMY       | SANDERS      |
|          76 | IRENE       | PRICE        |
|          77 | JANE        | BENNETT      |
|          78 | LORI        | WOOD         |
|          79 | RACHEL      | BARNES       |
|          80 | MARILYN     | ROSS         |
|          81 | ANDREA      | HENDERSON    |
|          82 | KATHRYN     | COLEMAN      |
|          83 | LOUISE      | JENKINS      |
|          84 | SARA        | PERRY        |
|          85 | ANNE        | POWELL       |
|          86 | JACQUELINE  | LONG         |
|          87 | WANDA       | PATTERSON    |
|          88 | BONNIE      | HUGHES       |
|          89 | JULIA       | FLORES       |
|          90 | RUBY        | WASHINGTON   |
|          91 | LOIS        | BUTLER       |
|          92 | TINA        | SIMMONS      |
|          93 | PHYLLIS     | FOSTER       |
|          94 | NORMA       | GONZALES     |
|          95 | PAULA       | BRYANT       |
|          96 | DIANA       | ALEXANDER    |
|          97 | ANNIE       | RUSSELL      |
|          98 | LILLIAN     | GRIFFIN      |
|          99 | EMILY       | DIAZ         |
|         100 | ROBIN       | HAYES        |
|         101 | PEGGY       | MYERS        |
|         102 | CRYSTAL     | FORD         |
|         103 | GLADYS      | HAMILTON     |
|         104 | RITA        | GRAHAM       |
|         105 | DAWN        | SULLIVAN     |
|         106 | CONNIE      | WALLACE      |
|         107 | FLORENCE    | WOODS        |
|         108 | TRACY       | COLE         |
|         109 | EDNA        | WEST         |
|         110 | TIFFANY     | JORDAN       |
|         111 | CARMEN      | OWENS        |
|         112 | ROSA        | REYNOLDS     |
|         113 | CINDY       | FISHER       |
|         114 | GRACE       | ELLIS        |
|         115 | WENDY       | HARRISON     |
|         116 | VICTORIA    | GIBSON       |
|         117 | EDITH       | MCDONALD     |
|         118 | KIM         | CRUZ         |
|         119 | SHERRY      | MARSHALL     |
|         120 | SYLVIA      | ORTIZ        |
|         121 | JOSEPHINE   | GOMEZ        |
|         122 | THELMA      | MURRAY       |
|         123 | SHANNON     | FREEMAN      |
|         124 | SHEILA      | WELLS        |
|         125 | ETHEL       | WEBB         |
|         126 | ELLEN       | SIMPSON      |
|         127 | ELAINE      | STEVENS      |
|         128 | MARJORIE    | TUCKER       |
|         129 | CARRIE      | PORTER       |
|         130 | CHARLOTTE   | HUNTER       |
|         131 | MONICA      | HICKS        |
|         132 | ESTHER      | CRAWFORD     |
|         133 | PAULINE     | HENRY        |
|         134 | EMMA        | BOYD         |
|         135 | JUANITA     | MASON        |
|         136 | ANITA       | MORALES      |
|         137 | RHONDA      | KENNEDY      |
|         138 | HAZEL       | WARREN       |
|         139 | AMBER       | DIXON        |
|         140 | EVA         | RAMOS        |
|         141 | DEBBIE      | REYES        |
|         142 | APRIL       | BURNS        |
|         143 | LESLIE      | GORDON       |
|         144 | CLARA       | SHAW         |
|         145 | LUCILLE     | HOLMES       |
|         146 | JAMIE       | RICE         |
|         147 | JOANNE      | ROBERTSON    |
|         148 | ELEANOR     | HUNT         |
|         149 | VALERIE     | BLACK        |
|         150 | DANIELLE    | DANIELS      |
|         151 | MEGAN       | PALMER       |
|         152 | ALICIA      | MILLS        |
|         153 | SUZANNE     | NICHOLS      |
|         154 | MICHELE     | GRANT        |
|         155 | GAIL        | KNIGHT       |
|         156 | BERTHA      | FERGUSON     |
|         157 | DARLENE     | ROSE         |
|         158 | VERONICA    | STONE        |
|         159 | JILL        | HAWKINS      |
|         160 | ERIN        | DUNN         |
|         161 | GERALDINE   | PERKINS      |
|         162 | LAUREN      | HUDSON       |
|         163 | CATHY       | SPENCER      |
|         164 | JOANN       | GARDNER      |
|         165 | LORRAINE    | STEPHENS     |
|         166 | LYNN        | PAYNE        |
|         167 | SALLY       | PIERCE       |
|         168 | REGINA      | BERRY        |
|         169 | ERICA       | MATTHEWS     |
|         170 | BEATRICE    | ARNOLD       |
|         171 | DOLORES     | WAGNER       |
|         172 | BERNICE     | WILLIS       |
|         173 | AUDREY      | RAY          |
|         174 | YVONNE      | WATKINS      |
|         175 | ANNETTE     | OLSON        |
|         176 | JUNE        | CARROLL      |
|         177 | SAMANTHA    | DUNCAN       |
|         178 | MARION      | SNYDER       |
|         179 | DANA        | HART         |
|         180 | STACY       | CUNNINGHAM   |
|         181 | ANA         | BRADLEY      |
|         182 | RENEE       | LANE         |
|         183 | IDA         | ANDREWS      |
|         184 | VIVIAN      | RUIZ         |
|         185 | ROBERTA     | HARPER       |
|         186 | HOLLY       | FOX          |
|         187 | BRITTANY    | RILEY        |
|         188 | MELANIE     | ARMSTRONG    |
|         189 | LORETTA     | CARPENTER    |
|         190 | YOLANDA     | WEAVER       |
|         191 | JEANETTE    | GREENE       |
|         192 | LAURIE      | LAWRENCE     |
|         193 | KATIE       | ELLIOTT      |
|         194 | KRISTEN     | CHAVEZ       |
|         195 | VANESSA     | SIMS         |
|         196 | ALMA        | AUSTIN       |
|         197 | SUE         | PETERS       |
|         198 | ELSIE       | KELLEY       |
|         199 | BETH        | FRANKLIN     |
|         200 | JEANNE      | LAWSON       |
|         201 | VICKI       | FIELDS       |
|         202 | CARLA       | GUTIERREZ    |
|         203 | TARA        | RYAN         |
|         204 | ROSEMARY    | SCHMIDT      |
|         205 | EILEEN      | CARR         |
|         206 | TERRI       | VASQUEZ      |
|         207 | GERTRUDE    | CASTILLO     |
|         208 | LUCY        | WHEELER      |
|         209 | TONYA       | CHAPMAN      |
|         210 | ELLA        | OLIVER       |
|         211 | STACEY      | MONTGOMERY   |
|         212 | WILMA       | RICHARDS     |
|         213 | GINA        | WILLIAMSON   |
|         214 | KRISTIN     | JOHNSTON     |
|         215 | JESSIE      | BANKS        |
|         216 | NATALIE     | MEYER        |
|         217 | AGNES       | BISHOP       |
|         218 | VERA        | MCCOY        |
|         219 | WILLIE      | HOWELL       |
|         220 | CHARLENE    | ALVAREZ      |
|         221 | BESSIE      | MORRISON     |
|         222 | DELORES     | HANSEN       |
|         223 | MELINDA     | FERNANDEZ    |
|         224 | PEARL       | GARZA        |
|         225 | ARLENE      | HARVEY       |
|         226 | MAUREEN     | LITTLE       |
|         227 | COLLEEN     | BURTON       |
|         228 | ALLISON     | STANLEY      |
|         229 | TAMARA      | NGUYEN       |
|         230 | JOY         | GEORGE       |
|         231 | GEORGIA     | JACOBS       |
|         232 | CONSTANCE   | REID         |
|         233 | LILLIE      | KIM          |
|         234 | CLAUDIA     | FULLER       |
|         235 | JACKIE      | LYNCH        |
|         236 | MARCIA      | DEAN         |
|         237 | TANYA       | GILBERT      |
|         238 | NELLIE      | GARRETT      |
|         239 | MINNIE      | ROMERO       |
|         240 | MARLENE     | WELCH        |
|         241 | HEIDI       | LARSON       |
|         242 | GLENDA      | FRAZIER      |
|         243 | LYDIA       | BURKE        |
|         244 | VIOLA       | HANSON       |
|         245 | COURTNEY    | DAY          |
|         246 | MARIAN      | MENDOZA      |
|         247 | STELLA      | MORENO       |
|         248 | CAROLINE    | BOWMAN       |
|         249 | DORA        | MEDINA       |
|         250 | JO          | FOWLER       |
|         251 | VICKIE      | BREWER       |
|         252 | MATTIE      | HOFFMAN      |
|         253 | TERRY       | CARLSON      |
|         254 | MAXINE      | SILVA        |
|         255 | IRMA        | PEARSON      |
|         256 | MABEL       | HOLLAND      |
|         257 | MARSHA      | DOUGLAS      |
|         258 | MYRTLE      | FLEMING      |
|         259 | LENA        | JENSEN       |
|         260 | CHRISTY     | VARGAS       |
|         261 | DEANNA      | BYRD         |
|         262 | PATSY       | DAVIDSON     |
|         263 | HILDA       | HOPKINS      |
|         264 | GWENDOLYN   | MAY          |
|         265 | JENNIE      | TERRY        |
|         266 | NORA        | HERRERA      |
|         267 | MARGIE      | WADE         |
|         268 | NINA        | SOTO         |
|         269 | CASSANDRA   | WALTERS      |
|         270 | LEAH        | CURTIS       |
|         271 | PENNY       | NEAL         |
|         272 | KAY         | CALDWELL     |
|         273 | PRISCILLA   | LOWE         |
|         274 | NAOMI       | JENNINGS     |
|         275 | CAROLE      | BARNETT      |
|         276 | BRANDY      | GRAVES       |
|         277 | OLGA        | JIMENEZ      |
|         278 | BILLIE      | HORTON       |
|         279 | DIANNE      | SHELTON      |
|         280 | TRACEY      | BARRETT      |
|         281 | LEONA       | OBRIEN       |
|         282 | JENNY       | CASTRO       |
|         283 | FELICIA     | SUTTON       |
|         284 | SONIA       | GREGORY      |
|         285 | MIRIAM      | MCKINNEY     |
|         286 | VELMA       | LUCAS        |
|         287 | BECKY       | MILES        |
|         288 | BOBBIE      | CRAIG        |
|         289 | VIOLET      | RODRIQUEZ    |
|         290 | KRISTINA    | CHAMBERS     |
|         291 | TONI        | HOLT         |
|         292 | MISTY       | LAMBERT      |
|         293 | MAE         | FLETCHER     |
|         294 | SHELLY      | WATTS        |
|         295 | DAISY       | BATES        |
|         296 | RAMONA      | HALE         |
|         297 | SHERRI      | RHODES       |
|         298 | ERIKA       | PENA         |
|         299 | JAMES       | GANNON       |
|         300 | JOHN        | FARNSWORTH   |
|         301 | ROBERT      | BAUGHMAN     |
|         302 | MICHAEL     | SILVERMAN    |
|         303 | WILLIAM     | SATTERFIELD  |
|         304 | DAVID       | ROYAL        |
|         305 | RICHARD     | MCCRARY      |
|         306 | CHARLES     | KOWALSKI     |
|         307 | JOSEPH      | JOY          |
|         308 | THOMAS      | GRIGSBY      |
|         309 | CHRISTOPHER | GRECO        |
|         310 | DANIEL      | CABRAL       |
|         311 | PAUL        | TROUT        |
|         312 | MARK        | RINEHART     |
|         313 | DONALD      | MAHON        |
|         314 | GEORGE      | LINTON       |
|         315 | KENNETH     | GOODEN       |
|         316 | STEVEN      | CURLEY       |
|         317 | EDWARD      | BAUGH        |
|         318 | BRIAN       | WYMAN        |
|         319 | RONALD      | WEINER       |
|         320 | ANTHONY     | SCHWAB       |
|         321 | KEVIN       | SCHULER      |
|         322 | JASON       | MORRISSEY    |
|         323 | MATTHEW     | MAHAN        |
|         324 | GARY        | COY          |
|         325 | TIMOTHY     | BUNN         |
|         326 | JOSE        | ANDREW       |
|         327 | LARRY       | THRASHER     |
|         328 | JEFFREY     | SPEAR        |
|         329 | FRANK       | WAGGONER     |
|         330 | SCOTT       | SHELLEY      |
|         331 | ERIC        | ROBERT       |
|         332 | STEPHEN     | QUALLS       |
|         333 | ANDREW      | PURDY        |
|         334 | RAYMOND     | MCWHORTER    |
|         335 | GREGORY     | MAULDIN      |
|         336 | JOSHUA      | MARK         |
|         337 | JERRY       | JORDON       |
|         338 | DENNIS      | GILMAN       |
|         339 | WALTER      | PERRYMAN     |
|         340 | PATRICK     | NEWSOM       |
|         341 | PETER       | MENARD       |
|         342 | HAROLD      | MARTINO      |
|         343 | DOUGLAS     | GRAF         |
|         344 | HENRY       | BILLINGSLEY  |
|         345 | CARL        | ARTIS        |
|         346 | ARTHUR      | SIMPKINS     |
|         347 | RYAN        | SALISBURY    |
|         348 | ROGER       | QUINTANILLA  |
|         349 | JOE         | GILLILAND    |
|         350 | JUAN        | FRALEY       |
|         351 | JACK        | FOUST        |
|         352 | ALBERT      | CROUSE       |
|         353 | JONATHAN    | SCARBOROUGH  |
|         354 | JUSTIN      | NGO          |
|         355 | TERRY       | GRISSOM      |
|         356 | GERALD      | FULTZ        |
|         357 | KEITH       | RICO         |
|         358 | SAMUEL      | MARLOW       |
|         359 | WILLIE      | MARKHAM      |
|         360 | RALPH       | MADRIGAL     |
|         361 | LAWRENCE    | LAWTON       |
|         362 | NICHOLAS    | BARFIELD     |
|         363 | ROY         | WHITING      |
|         364 | BENJAMIN    | VARNEY       |
|         365 | BRUCE       | SCHWARZ      |
|         366 | BRANDON     | HUEY         |
|         367 | ADAM        | GOOCH        |
|         368 | HARRY       | ARCE         |
|         369 | FRED        | WHEAT        |
|         370 | WAYNE       | TRUONG       |
|         371 | BILLY       | POULIN       |
|         372 | STEVE       | MACKENZIE    |
|         373 | LOUIS       | LEONE        |
|         374 | JEREMY      | HURTADO      |
|         375 | AARON       | SELBY        |
|         376 | RANDY       | GAITHER      |
|         377 | HOWARD      | FORTNER      |
|         378 | EUGENE      | CULPEPPER    |
|         379 | CARLOS      | COUGHLIN     |
|         380 | RUSSELL     | BRINSON      |
|         381 | BOBBY       | BOUDREAU     |
|         382 | VICTOR      | BARKLEY      |
|         383 | MARTIN      | BALES        |
|         384 | ERNEST      | STEPP        |
|         385 | PHILLIP     | HOLM         |
|         386 | TODD        | TAN          |
|         387 | JESSE       | SCHILLING    |
|         388 | CRAIG       | MORRELL      |
|         389 | ALAN        | KAHN         |
|         390 | SHAWN       | HEATON       |
|         391 | CLARENCE    | GAMEZ        |
|         392 | SEAN        | DOUGLASS     |
|         393 | PHILIP      | CAUSEY       |
|         394 | CHRIS       | BROTHERS     |
|         395 | JOHNNY      | TURPIN       |
|         396 | EARL        | SHANKS       |
|         397 | JIMMY       | SCHRADER     |
|         398 | ANTONIO     | MEEK         |
|         399 | DANNY       | ISOM         |
|         400 | BRYAN       | HARDISON     |
|         401 | TONY        | CARRANZA     |
|         402 | LUIS        | YANEZ        |
|         403 | MIKE        | WAY          |
|         404 | STANLEY     | SCROGGINS    |
|         405 | LEONARD     | SCHOFIELD    |
|         406 | NATHAN      | RUNYON       |
|         407 | DALE        | RATCLIFF     |
|         408 | MANUEL      | MURRELL      |
|         409 | RODNEY      | MOELLER      |
|         410 | CURTIS      | IRBY         |
|         411 | NORMAN      | CURRIER      |
|         412 | ALLEN       | BUTTERFIELD  |
|         413 | MARVIN      | YEE          |
|         414 | VINCENT     | RALSTON      |
|         415 | GLENN       | PULLEN       |
|         416 | JEFFERY     | PINSON       |
|         417 | TRAVIS      | ESTEP        |
|         418 | JEFF        | EAST         |
|         419 | CHAD        | CARBONE      |
|         420 | JACOB       | LANCE        |
|         421 | LEE         | HAWKS        |
|         422 | MELVIN      | ELLINGTON    |
|         423 | ALFRED      | CASILLAS     |
|         424 | KYLE        | SPURLOCK     |
|         425 | FRANCIS     | SIKES        |
|         426 | BRADLEY     | MOTLEY       |
|         427 | JESUS       | MCCARTNEY    |
|         428 | HERBERT     | KRUGER       |
|         429 | FREDERICK   | ISBELL       |
|         430 | RAY         | HOULE        |
|         431 | JOEL        | FRANCISCO    |
|         432 | EDWIN       | BURK         |
|         433 | DON         | BONE         |
|         434 | EDDIE       | TOMLIN       |
|         435 | RICKY       | SHELBY       |
|         436 | TROY        | QUIGLEY      |
|         437 | RANDALL     | NEUMANN      |
|         438 | BARRY       | LOVELACE     |
|         439 | ALEXANDER   | FENNELL      |
|         440 | BERNARD     | COLBY        |
|         441 | MARIO       | CHEATHAM     |
|         442 | LEROY       | BUSTAMANTE   |
|         443 | FRANCISCO   | SKIDMORE     |
|         444 | MARCUS      | HIDALGO      |
|         445 | MICHEAL     | FORMAN       |
|         446 | THEODORE    | CULP         |
|         447 | CLIFFORD    | BOWENS       |
|         448 | MIGUEL      | BETANCOURT   |
|         449 | OSCAR       | AQUINO       |
|         450 | JAY         | ROBB         |
|         451 | JIM         | REA          |
|         452 | TOM         | MILNER       |
|         453 | CALVIN      | MARTEL       |
|         454 | ALEX        | GRESHAM      |
|         455 | JON         | WILES        |
|         456 | RONNIE      | RICKETTS     |
|         457 | BILL        | GAVIN        |
|         458 | LLOYD       | DOWD         |
|         459 | TOMMY       | COLLAZO      |
|         460 | LEON        | BOSTIC       |
|         461 | DEREK       | BLAKELY      |
|         462 | WARREN      | SHERROD      |
|         463 | DARRELL     | POWER        |
|         464 | JEROME      | KENYON       |
|         465 | FLOYD       | GANDY        |
|         466 | LEO         | EBERT        |
|         467 | ALVIN       | DELOACH      |
|         468 | TIM         | CARY         |
|         469 | WESLEY      | BULL         |
|         470 | GORDON      | ALLARD       |
|         471 | DEAN        | SAUER        |
|         472 | GREG        | ROBINS       |
|         473 | JORGE       | OLIVARES     |
|         474 | DUSTIN      | GILLETTE     |
|         475 | PEDRO       | CHESTNUT     |
|         476 | DERRICK     | BOURQUE      |
|         477 | DAN         | PAINE        |
|         478 | LEWIS       | LYMAN        |
|         479 | ZACHARY     | HITE         |
|         480 | COREY       | HAUSER       |
|         481 | HERMAN      | DEVORE       |
|         482 | MAURICE     | CRAWLEY      |
|         483 | VERNON      | CHAPA        |
|         484 | ROBERTO     | VU           |
|         485 | CLYDE       | TOBIAS       |
|         486 | GLEN        | TALBERT      |
|         487 | HECTOR      | POINDEXTER   |
|         488 | SHANE       | MILLARD      |
|         489 | RICARDO     | MEADOR       |
|         490 | SAM         | MCDUFFIE     |
|         491 | RICK        | MATTOX       |
|         492 | LESTER      | KRAUS        |
|         493 | BRENT       | HARKINS      |
|         494 | RAMON       | CHOATE       |
|         495 | CHARLIE     | BESS         |
|         496 | TYLER       | WREN         |
|         497 | GILBERT     | SLEDGE       |
|         498 | GENE        | SANBORN      |
|         499 | MARC        | OUTLAW       |
|         500 | REGINALD    | KINDER       |
|         501 | RUBEN       | GEARY        |
|         502 | BRETT       | CORNWELL     |
|         503 | ANGEL       | BARCLAY      |
|         504 | NATHANIEL   | ADAM         |
|         505 | RAFAEL      | ABNEY        |
|         506 | LESLIE      | SEWARD       |
|         507 | EDGAR       | RHOADS       |
|         508 | MILTON      | HOWLAND      |
|         509 | RAUL        | FORTIER      |
|         510 | BEN         | EASTER       |
|         511 | CHESTER     | BENNER       |
|         512 | CECIL       | VINES        |
|         513 | DUANE       | TUBBS        |
|         514 | FRANKLIN    | TROUTMAN     |
|         515 | ANDRE       | RAPP         |
|         516 | ELMER       | NOE          |
|         517 | BRAD        | MCCURDY      |
|         518 | GABRIEL     | HARDER       |
|         519 | RON         | DELUCA       |
|         520 | MITCHELL    | WESTMORELAND |
|         521 | ROLAND      | SOUTH        |
|         522 | ARNOLD      | HAVENS       |
|         523 | HARVEY      | GUAJARDO     |
|         524 | JARED       | ELY          |
|         525 | ADRIAN      | CLARY        |
|         526 | KARL        | SEAL         |
|         527 | CORY        | MEEHAN       |
|         528 | CLAUDE      | HERZOG       |
|         529 | ERIK        | GUILLEN      |
|         530 | DARRYL      | ASHCRAFT     |
|         531 | JAMIE       | WAUGH        |
|         532 | NEIL        | RENNER       |
|         533 | JESSIE      | MILAM        |
|         534 | CHRISTIAN   | JUNG         |
|         535 | JAVIER      | ELROD        |
|         536 | FERNANDO    | CHURCHILL    |
|         537 | CLINTON     | BUFORD       |
|         538 | TED         | BREAUX       |
|         539 | MATHEW      | BOLIN        |
|         540 | TYRONE      | ASHER        |
|         541 | DARREN      | WINDHAM      |
|         542 | LONNIE      | TIRADO       |
|         543 | LANCE       | PEMBERTON    |
|         544 | CODY        | NOLEN        |
|         545 | JULIO       | NOLAND       |
|         546 | KELLY       | KNOTT        |
|         547 | KURT        | EMMONS       |
|         548 | ALLAN       | CORNISH      |
|         549 | NELSON      | CHRISTENSON  |
|         550 | GUY         | BROWNLEE     |
|         551 | CLAYTON     | BARBEE       |
|         552 | HUGH        | WALDROP      |
|         553 | MAX         | PITT         |
|         554 | DWAYNE      | OLVERA       |
|         555 | DWIGHT      | LOMBARDI     |
|         556 | ARMANDO     | GRUBER       |
|         557 | FELIX       | GAFFNEY      |
|         558 | JIMMIE      | EGGLESTON    |
|         559 | EVERETT     | BANDA        |
|         560 | JORDAN      | ARCHULETA    |
|         561 | IAN         | STILL        |
|         562 | WALLACE     | SLONE        |
|         563 | KEN         | PREWITT      |
|         564 | BOB         | PFEIFFER     |
|         565 | JAIME       | NETTLES      |
|         566 | CASEY       | MENA         |
|         567 | ALFREDO     | MCADAMS      |
|         568 | ALBERTO     | HENNING      |
|         569 | DAVE        | GARDINER     |
|         570 | IVAN        | CROMWELL     |
|         571 | JOHNNIE     | CHISHOLM     |
|         572 | SIDNEY      | BURLESON     |
|         573 | BYRON       | BOX          |
|         574 | JULIAN      | VEST         |
|         575 | ISAAC       | OGLESBY      |
|         576 | MORRIS      | MCCARTER     |
|         577 | CLIFTON     | MALCOLM      |
|         578 | WILLARD     | LUMPKIN      |
|         579 | DARYL       | LARUE        |
|         580 | ROSS        | GREY         |
|         581 | VIRGIL      | WOFFORD      |
|         582 | ANDY        | VANHORN      |
|         583 | MARSHALL    | THORN        |
|         584 | SALVADOR    | TEEL         |
|         585 | PERRY       | SWAFFORD     |
|         586 | KIRK        | STCLAIR      |
|         587 | SERGIO      | STANFIELD    |
|         588 | MARION      | OCAMPO       |
|         589 | TRACY       | HERRMANN     |
|         590 | SETH        | HANNON       |
|         591 | KENT        | ARSENAULT    |
|         592 | TERRANCE    | ROUSH        |
|         593 | RENE        | MCALISTER    |
|         594 | EDUARDO     | HIATT        |
|         595 | TERRENCE    | GUNDERSON    |
|         596 | ENRIQUE     | FORSYTHE     |
|         597 | FREDDIE     | DUGGAN       |
|         598 | WADE        | DELVALLE     |
|         599 | AUSTIN      | CINTRON      |
+-------------+-------------+--------------+
599 rows in set (0.0051 sec)

 MySQL  localhost:3306 ssl  sakila  SQL > desc customer;
+-------------+----------------------+------+-----+-------------------+-----------------------------+
| Field       | Type                 | Null | Key | Default           | Extra                       |
+-------------+----------------------+------+-----+-------------------+-----------------------------+
| customer_id | smallint(5) unsigned | NO   | PRI | NULL              | auto_increment              |
| store_id    | tinyint(3) unsigned  | NO   | MUL | NULL              |                             |
| first_name  | varchar(45)          | NO   |     | NULL              |                             |
| last_name   | varchar(45)          | NO   | MUL | NULL              |                             |
| email       | varchar(50)          | YES  |     | NULL              |                             |
| address_id  | smallint(5) unsigned | NO   | MUL | NULL              |                             |
| active      | tinyint(1)           | NO   |     | 1                 |                             |
| create_date | datetime             | NO   |     | NULL              |                             |
| last_update | timestamp            | YES  |     | CURRENT_TIMESTAMP | on update CURRENT_TIMESTAMP |
+-------------+----------------------+------+-----+-------------------+-----------------------------+
9 rows in set (0.0029 sec)

 MySQL  localhost:3306 ssl  sakila  SQL > insert into customer(first_name, last_name) values('DANY', 'MTZ');
ERROR: 1364 (HY000): Field 'store_id' doesn't have a default value

 MySQL  localhost:3306 ssl  sakila  SQL > show tables:
                                      ... ;
ERROR: 1064 (42000): You have an error in your SQL syntax; check the manual that corresponds to your MySQL server version for the right syntax to use near ':' at line 1

 MySQL  localhost:3306 ssl  sakila  SQL > show tables;
+----------------------------+
| Tables_in_sakila           |
+----------------------------+
| actor                      |
| actor_info                 |
| address                    |
| category                   |
| city                       |
| country                    |
| customer                   |
| customer_list              |
| film                       |
| film_actor                 |
| film_category              |
| film_list                  |
| film_text                  |
| inventory                  |
| language                   |
| nicer_but_slower_film_list |
| payment                    |
| rental                     |
| sales_by_film_category     |
| sales_by_store             |
| staff                      |
| staff_list                 |
| store                      |
+----------------------------+
23 rows in set (0.0021 sec)

 MySQL  localhost:3306 ssl  sakila  SQL > desc store;
+------------------+----------------------+------+-----+-------------------+-----------------------------+
| Field            | Type                 | Null | Key | Default           | Extra                       |
+------------------+----------------------+------+-----+-------------------+-----------------------------+
| store_id         | tinyint(3) unsigned  | NO   | PRI | NULL              | auto_increment              |
| manager_staff_id | tinyint(3) unsigned  | NO   | UNI | NULL              |                             |
| address_id       | smallint(5) unsigned | NO   | MUL | NULL              |                             |
| last_update      | timestamp            | NO   |     | CURRENT_TIMESTAMP | on update CURRENT_TIMESTAMP |
+------------------+----------------------+------+-----+-------------------+-----------------------------+
4 rows in set (0.0019 sec)

 MySQL  localhost:3306 ssl  sakila  SQL > insert into customer(store_id, first_name, last_name) values(1,'DANY', 'MTZ');
ERROR: 1364 (HY000): Field 'address_id' doesn't have a default value

 MySQL  localhost:3306 ssl  sakila  SQL > select distinct(a.customer_id), a.first_name, a.last_name from customer a inner join rental b on a.customer_id=b.customer_id;
+-------------+-------------+--------------+
| customer_id | first_name  | last_name    |
+-------------+-------------+--------------+
|           1 | MARY        | SMITH        |
|           2 | PATRICIA    | JOHNSON      |
|           3 | LINDA       | WILLIAMS     |
|           4 | BARBARA     | JONES        |
|           5 | ELIZABETH   | BROWN        |
|           6 | JENNIFER    | DAVIS        |
|           7 | MARIA       | MILLER       |
|           8 | SUSAN       | WILSON       |
|           9 | MARGARET    | MOORE        |
|          10 | DOROTHY     | TAYLOR       |
|          11 | LISA        | ANDERSON     |
|          12 | NANCY       | THOMAS       |
|          13 | KAREN       | JACKSON      |
|          14 | BETTY       | WHITE        |
|          15 | HELEN       | HARRIS       |
|          16 | SANDRA      | MARTIN       |
|          17 | DONNA       | THOMPSON     |
|          18 | CAROL       | GARCIA       |
|          19 | RUTH        | MARTINEZ     |
|          20 | SHARON      | ROBINSON     |
|          21 | MICHELLE    | CLARK        |
|          22 | LAURA       | RODRIGUEZ    |
|          23 | SARAH       | LEWIS        |
|          24 | KIMBERLY    | LEE          |
|          25 | DEBORAH     | WALKER       |
|          26 | JESSICA     | HALL         |
|          27 | SHIRLEY     | ALLEN        |
|          28 | CYNTHIA     | YOUNG        |
|          29 | ANGELA      | HERNANDEZ    |
|          30 | MELISSA     | KING         |
|          31 | BRENDA      | WRIGHT       |
|          32 | AMY         | LOPEZ        |
|          33 | ANNA        | HILL         |
|          34 | REBECCA     | SCOTT        |
|          35 | VIRGINIA    | GREEN        |
|          36 | KATHLEEN    | ADAMS        |
|          37 | PAMELA      | BAKER        |
|          38 | MARTHA      | GONZALEZ     |
|          39 | DEBRA       | NELSON       |
|          40 | AMANDA      | CARTER       |
|          41 | STEPHANIE   | MITCHELL     |
|          42 | CAROLYN     | PEREZ        |
|          43 | CHRISTINE   | ROBERTS      |
|          44 | MARIE       | TURNER       |
|          45 | JANET       | PHILLIPS     |
|          46 | CATHERINE   | CAMPBELL     |
|          47 | FRANCES     | PARKER       |
|          48 | ANN         | EVANS        |
|          49 | JOYCE       | EDWARDS      |
|          50 | DIANE       | COLLINS      |
|          51 | ALICE       | STEWART      |
|          52 | JULIE       | SANCHEZ      |
|          53 | HEATHER     | MORRIS       |
|          54 | TERESA      | ROGERS       |
|          55 | DORIS       | REED         |
|          56 | GLORIA      | COOK         |
|          57 | EVELYN      | MORGAN       |
|          58 | JEAN        | BELL         |
|          59 | CHERYL      | MURPHY       |
|          60 | MILDRED     | BAILEY       |
|          61 | KATHERINE   | RIVERA       |
|          62 | JOAN        | COOPER       |
|          63 | ASHLEY      | RICHARDSON   |
|          64 | JUDITH      | COX          |
|          65 | ROSE        | HOWARD       |
|          66 | JANICE      | WARD         |
|          67 | KELLY       | TORRES       |
|          68 | NICOLE      | PETERSON     |
|          69 | JUDY        | GRAY         |
|          70 | CHRISTINA   | RAMIREZ      |
|          71 | KATHY       | JAMES        |
|          72 | THERESA     | WATSON       |
|          73 | BEVERLY     | BROOKS       |
|          74 | DENISE      | KELLY        |
|          75 | TAMMY       | SANDERS      |
|          76 | IRENE       | PRICE        |
|          77 | JANE        | BENNETT      |
|          78 | LORI        | WOOD         |
|          79 | RACHEL      | BARNES       |
|          80 | MARILYN     | ROSS         |
|          81 | ANDREA      | HENDERSON    |
|          82 | KATHRYN     | COLEMAN      |
|          83 | LOUISE      | JENKINS      |
|          84 | SARA        | PERRY        |
|          85 | ANNE        | POWELL       |
|          86 | JACQUELINE  | LONG         |
|          87 | WANDA       | PATTERSON    |
|          88 | BONNIE      | HUGHES       |
|          89 | JULIA       | FLORES       |
|          90 | RUBY        | WASHINGTON   |
|          91 | LOIS        | BUTLER       |
|          92 | TINA        | SIMMONS      |
|          93 | PHYLLIS     | FOSTER       |
|          94 | NORMA       | GONZALES     |
|          95 | PAULA       | BRYANT       |
|          96 | DIANA       | ALEXANDER    |
|          97 | ANNIE       | RUSSELL      |
|          98 | LILLIAN     | GRIFFIN      |
|          99 | EMILY       | DIAZ         |
|         100 | ROBIN       | HAYES        |
|         101 | PEGGY       | MYERS        |
|         102 | CRYSTAL     | FORD         |
|         103 | GLADYS      | HAMILTON     |
|         104 | RITA        | GRAHAM       |
|         105 | DAWN        | SULLIVAN     |
|         106 | CONNIE      | WALLACE      |
|         107 | FLORENCE    | WOODS        |
|         108 | TRACY       | COLE         |
|         109 | EDNA        | WEST         |
|         110 | TIFFANY     | JORDAN       |
|         111 | CARMEN      | OWENS        |
|         112 | ROSA        | REYNOLDS     |
|         113 | CINDY       | FISHER       |
|         114 | GRACE       | ELLIS        |
|         115 | WENDY       | HARRISON     |
|         116 | VICTORIA    | GIBSON       |
|         117 | EDITH       | MCDONALD     |
|         118 | KIM         | CRUZ         |
|         119 | SHERRY      | MARSHALL     |
|         120 | SYLVIA      | ORTIZ        |
|         121 | JOSEPHINE   | GOMEZ        |
|         122 | THELMA      | MURRAY       |
|         123 | SHANNON     | FREEMAN      |
|         124 | SHEILA      | WELLS        |
|         125 | ETHEL       | WEBB         |
|         126 | ELLEN       | SIMPSON      |
|         127 | ELAINE      | STEVENS      |
|         128 | MARJORIE    | TUCKER       |
|         129 | CARRIE      | PORTER       |
|         130 | CHARLOTTE   | HUNTER       |
|         131 | MONICA      | HICKS        |
|         132 | ESTHER      | CRAWFORD     |
|         133 | PAULINE     | HENRY        |
|         134 | EMMA        | BOYD         |
|         135 | JUANITA     | MASON        |
|         136 | ANITA       | MORALES      |
|         137 | RHONDA      | KENNEDY      |
|         138 | HAZEL       | WARREN       |
|         139 | AMBER       | DIXON        |
|         140 | EVA         | RAMOS        |
|         141 | DEBBIE      | REYES        |
|         142 | APRIL       | BURNS        |
|         143 | LESLIE      | GORDON       |
|         144 | CLARA       | SHAW         |
|         145 | LUCILLE     | HOLMES       |
|         146 | JAMIE       | RICE         |
|         147 | JOANNE      | ROBERTSON    |
|         148 | ELEANOR     | HUNT         |
|         149 | VALERIE     | BLACK        |
|         150 | DANIELLE    | DANIELS      |
|         151 | MEGAN       | PALMER       |
|         152 | ALICIA      | MILLS        |
|         153 | SUZANNE     | NICHOLS      |
|         154 | MICHELE     | GRANT        |
|         155 | GAIL        | KNIGHT       |
|         156 | BERTHA      | FERGUSON     |
|         157 | DARLENE     | ROSE         |
|         158 | VERONICA    | STONE        |
|         159 | JILL        | HAWKINS      |
|         160 | ERIN        | DUNN         |
|         161 | GERALDINE   | PERKINS      |
|         162 | LAUREN      | HUDSON       |
|         163 | CATHY       | SPENCER      |
|         164 | JOANN       | GARDNER      |
|         165 | LORRAINE    | STEPHENS     |
|         166 | LYNN        | PAYNE        |
|         167 | SALLY       | PIERCE       |
|         168 | REGINA      | BERRY        |
|         169 | ERICA       | MATTHEWS     |
|         170 | BEATRICE    | ARNOLD       |
|         171 | DOLORES     | WAGNER       |
|         172 | BERNICE     | WILLIS       |
|         173 | AUDREY      | RAY          |
|         174 | YVONNE      | WATKINS      |
|         175 | ANNETTE     | OLSON        |
|         176 | JUNE        | CARROLL      |
|         177 | SAMANTHA    | DUNCAN       |
|         178 | MARION      | SNYDER       |
|         179 | DANA        | HART         |
|         180 | STACY       | CUNNINGHAM   |
|         181 | ANA         | BRADLEY      |
|         182 | RENEE       | LANE         |
|         183 | IDA         | ANDREWS      |
|         184 | VIVIAN      | RUIZ         |
|         185 | ROBERTA     | HARPER       |
|         186 | HOLLY       | FOX          |
|         187 | BRITTANY    | RILEY        |
|         188 | MELANIE     | ARMSTRONG    |
|         189 | LORETTA     | CARPENTER    |
|         190 | YOLANDA     | WEAVER       |
|         191 | JEANETTE    | GREENE       |
|         192 | LAURIE      | LAWRENCE     |
|         193 | KATIE       | ELLIOTT      |
|         194 | KRISTEN     | CHAVEZ       |
|         195 | VANESSA     | SIMS         |
|         196 | ALMA        | AUSTIN       |
|         197 | SUE         | PETERS       |
|         198 | ELSIE       | KELLEY       |
|         199 | BETH        | FRANKLIN     |
|         200 | JEANNE      | LAWSON       |
|         201 | VICKI       | FIELDS       |
|         202 | CARLA       | GUTIERREZ    |
|         203 | TARA        | RYAN         |
|         204 | ROSEMARY    | SCHMIDT      |
|         205 | EILEEN      | CARR         |
|         206 | TERRI       | VASQUEZ      |
|         207 | GERTRUDE    | CASTILLO     |
|         208 | LUCY        | WHEELER      |
|         209 | TONYA       | CHAPMAN      |
|         210 | ELLA        | OLIVER       |
|         211 | STACEY      | MONTGOMERY   |
|         212 | WILMA       | RICHARDS     |
|         213 | GINA        | WILLIAMSON   |
|         214 | KRISTIN     | JOHNSTON     |
|         215 | JESSIE      | BANKS        |
|         216 | NATALIE     | MEYER        |
|         217 | AGNES       | BISHOP       |
|         218 | VERA        | MCCOY        |
|         219 | WILLIE      | HOWELL       |
|         220 | CHARLENE    | ALVAREZ      |
|         221 | BESSIE      | MORRISON     |
|         222 | DELORES     | HANSEN       |
|         223 | MELINDA     | FERNANDEZ    |
|         224 | PEARL       | GARZA        |
|         225 | ARLENE      | HARVEY       |
|         226 | MAUREEN     | LITTLE       |
|         227 | COLLEEN     | BURTON       |
|         228 | ALLISON     | STANLEY      |
|         229 | TAMARA      | NGUYEN       |
|         230 | JOY         | GEORGE       |
|         231 | GEORGIA     | JACOBS       |
|         232 | CONSTANCE   | REID         |
|         233 | LILLIE      | KIM          |
|         234 | CLAUDIA     | FULLER       |
|         235 | JACKIE      | LYNCH        |
|         236 | MARCIA      | DEAN         |
|         237 | TANYA       | GILBERT      |
|         238 | NELLIE      | GARRETT      |
|         239 | MINNIE      | ROMERO       |
|         240 | MARLENE     | WELCH        |
|         241 | HEIDI       | LARSON       |
|         242 | GLENDA      | FRAZIER      |
|         243 | LYDIA       | BURKE        |
|         244 | VIOLA       | HANSON       |
|         245 | COURTNEY    | DAY          |
|         246 | MARIAN      | MENDOZA      |
|         247 | STELLA      | MORENO       |
|         248 | CAROLINE    | BOWMAN       |
|         249 | DORA        | MEDINA       |
|         250 | JO          | FOWLER       |
|         251 | VICKIE      | BREWER       |
|         252 | MATTIE      | HOFFMAN      |
|         253 | TERRY       | CARLSON      |
|         254 | MAXINE      | SILVA        |
|         255 | IRMA        | PEARSON      |
|         256 | MABEL       | HOLLAND      |
|         257 | MARSHA      | DOUGLAS      |
|         258 | MYRTLE      | FLEMING      |
|         259 | LENA        | JENSEN       |
|         260 | CHRISTY     | VARGAS       |
|         261 | DEANNA      | BYRD         |
|         262 | PATSY       | DAVIDSON     |
|         263 | HILDA       | HOPKINS      |
|         264 | GWENDOLYN   | MAY          |
|         265 | JENNIE      | TERRY        |
|         266 | NORA        | HERRERA      |
|         267 | MARGIE      | WADE         |
|         268 | NINA        | SOTO         |
|         269 | CASSANDRA   | WALTERS      |
|         270 | LEAH        | CURTIS       |
|         271 | PENNY       | NEAL         |
|         272 | KAY         | CALDWELL     |
|         273 | PRISCILLA   | LOWE         |
|         274 | NAOMI       | JENNINGS     |
|         275 | CAROLE      | BARNETT      |
|         276 | BRANDY      | GRAVES       |
|         277 | OLGA        | JIMENEZ      |
|         278 | BILLIE      | HORTON       |
|         279 | DIANNE      | SHELTON      |
|         280 | TRACEY      | BARRETT      |
|         281 | LEONA       | OBRIEN       |
|         282 | JENNY       | CASTRO       |
|         283 | FELICIA     | SUTTON       |
|         284 | SONIA       | GREGORY      |
|         285 | MIRIAM      | MCKINNEY     |
|         286 | VELMA       | LUCAS        |
|         287 | BECKY       | MILES        |
|         288 | BOBBIE      | CRAIG        |
|         289 | VIOLET      | RODRIQUEZ    |
|         290 | KRISTINA    | CHAMBERS     |
|         291 | TONI        | HOLT         |
|         292 | MISTY       | LAMBERT      |
|         293 | MAE         | FLETCHER     |
|         294 | SHELLY      | WATTS        |
|         295 | DAISY       | BATES        |
|         296 | RAMONA      | HALE         |
|         297 | SHERRI      | RHODES       |
|         298 | ERIKA       | PENA         |
|         299 | JAMES       | GANNON       |
|         300 | JOHN        | FARNSWORTH   |
|         301 | ROBERT      | BAUGHMAN     |
|         302 | MICHAEL     | SILVERMAN    |
|         303 | WILLIAM     | SATTERFIELD  |
|         304 | DAVID       | ROYAL        |
|         305 | RICHARD     | MCCRARY      |
|         306 | CHARLES     | KOWALSKI     |
|         307 | JOSEPH      | JOY          |
|         308 | THOMAS      | GRIGSBY      |
|         309 | CHRISTOPHER | GRECO        |
|         310 | DANIEL      | CABRAL       |
|         311 | PAUL        | TROUT        |
|         312 | MARK        | RINEHART     |
|         313 | DONALD      | MAHON        |
|         314 | GEORGE      | LINTON       |
|         315 | KENNETH     | GOODEN       |
|         316 | STEVEN      | CURLEY       |
|         317 | EDWARD      | BAUGH        |
|         318 | BRIAN       | WYMAN        |
|         319 | RONALD      | WEINER       |
|         320 | ANTHONY     | SCHWAB       |
|         321 | KEVIN       | SCHULER      |
|         322 | JASON       | MORRISSEY    |
|         323 | MATTHEW     | MAHAN        |
|         324 | GARY        | COY          |
|         325 | TIMOTHY     | BUNN         |
|         326 | JOSE        | ANDREW       |
|         327 | LARRY       | THRASHER     |
|         328 | JEFFREY     | SPEAR        |
|         329 | FRANK       | WAGGONER     |
|         330 | SCOTT       | SHELLEY      |
|         331 | ERIC        | ROBERT       |
|         332 | STEPHEN     | QUALLS       |
|         333 | ANDREW      | PURDY        |
|         334 | RAYMOND     | MCWHORTER    |
|         335 | GREGORY     | MAULDIN      |
|         336 | JOSHUA      | MARK         |
|         337 | JERRY       | JORDON       |
|         338 | DENNIS      | GILMAN       |
|         339 | WALTER      | PERRYMAN     |
|         340 | PATRICK     | NEWSOM       |
|         341 | PETER       | MENARD       |
|         342 | HAROLD      | MARTINO      |
|         343 | DOUGLAS     | GRAF         |
|         344 | HENRY       | BILLINGSLEY  |
|         345 | CARL        | ARTIS        |
|         346 | ARTHUR      | SIMPKINS     |
|         347 | RYAN        | SALISBURY    |
|         348 | ROGER       | QUINTANILLA  |
|         349 | JOE         | GILLILAND    |
|         350 | JUAN        | FRALEY       |
|         351 | JACK        | FOUST        |
|         352 | ALBERT      | CROUSE       |
|         353 | JONATHAN    | SCARBOROUGH  |
|         354 | JUSTIN      | NGO          |
|         355 | TERRY       | GRISSOM      |
|         356 | GERALD      | FULTZ        |
|         357 | KEITH       | RICO         |
|         358 | SAMUEL      | MARLOW       |
|         359 | WILLIE      | MARKHAM      |
|         360 | RALPH       | MADRIGAL     |
|         361 | LAWRENCE    | LAWTON       |
|         362 | NICHOLAS    | BARFIELD     |
|         363 | ROY         | WHITING      |
|         364 | BENJAMIN    | VARNEY       |
|         365 | BRUCE       | SCHWARZ      |
|         366 | BRANDON     | HUEY         |
|         367 | ADAM        | GOOCH        |
|         368 | HARRY       | ARCE         |
|         369 | FRED        | WHEAT        |
|         370 | WAYNE       | TRUONG       |
|         371 | BILLY       | POULIN       |
|         372 | STEVE       | MACKENZIE    |
|         373 | LOUIS       | LEONE        |
|         374 | JEREMY      | HURTADO      |
|         375 | AARON       | SELBY        |
|         376 | RANDY       | GAITHER      |
|         377 | HOWARD      | FORTNER      |
|         378 | EUGENE      | CULPEPPER    |
|         379 | CARLOS      | COUGHLIN     |
|         380 | RUSSELL     | BRINSON      |
|         381 | BOBBY       | BOUDREAU     |
|         382 | VICTOR      | BARKLEY      |
|         383 | MARTIN      | BALES        |
|         384 | ERNEST      | STEPP        |
|         385 | PHILLIP     | HOLM         |
|         386 | TODD        | TAN          |
|         387 | JESSE       | SCHILLING    |
|         388 | CRAIG       | MORRELL      |
|         389 | ALAN        | KAHN         |
|         390 | SHAWN       | HEATON       |
|         391 | CLARENCE    | GAMEZ        |
|         392 | SEAN        | DOUGLASS     |
|         393 | PHILIP      | CAUSEY       |
|         394 | CHRIS       | BROTHERS     |
|         395 | JOHNNY      | TURPIN       |
|         396 | EARL        | SHANKS       |
|         397 | JIMMY       | SCHRADER     |
|         398 | ANTONIO     | MEEK         |
|         399 | DANNY       | ISOM         |
|         400 | BRYAN       | HARDISON     |
|         401 | TONY        | CARRANZA     |
|         402 | LUIS        | YANEZ        |
|         403 | MIKE        | WAY          |
|         404 | STANLEY     | SCROGGINS    |
|         405 | LEONARD     | SCHOFIELD    |
|         406 | NATHAN      | RUNYON       |
|         407 | DALE        | RATCLIFF     |
|         408 | MANUEL      | MURRELL      |
|         409 | RODNEY      | MOELLER      |
|         410 | CURTIS      | IRBY         |
|         411 | NORMAN      | CURRIER      |
|         412 | ALLEN       | BUTTERFIELD  |
|         413 | MARVIN      | YEE          |
|         414 | VINCENT     | RALSTON      |
|         415 | GLENN       | PULLEN       |
|         416 | JEFFERY     | PINSON       |
|         417 | TRAVIS      | ESTEP        |
|         418 | JEFF        | EAST         |
|         419 | CHAD        | CARBONE      |
|         420 | JACOB       | LANCE        |
|         421 | LEE         | HAWKS        |
|         422 | MELVIN      | ELLINGTON    |
|         423 | ALFRED      | CASILLAS     |
|         424 | KYLE        | SPURLOCK     |
|         425 | FRANCIS     | SIKES        |
|         426 | BRADLEY     | MOTLEY       |
|         427 | JESUS       | MCCARTNEY    |
|         428 | HERBERT     | KRUGER       |
|         429 | FREDERICK   | ISBELL       |
|         430 | RAY         | HOULE        |
|         431 | JOEL        | FRANCISCO    |
|         432 | EDWIN       | BURK         |
|         433 | DON         | BONE         |
|         434 | EDDIE       | TOMLIN       |
|         435 | RICKY       | SHELBY       |
|         436 | TROY        | QUIGLEY      |
|         437 | RANDALL     | NEUMANN      |
|         438 | BARRY       | LOVELACE     |
|         439 | ALEXANDER   | FENNELL      |
|         440 | BERNARD     | COLBY        |
|         441 | MARIO       | CHEATHAM     |
|         442 | LEROY       | BUSTAMANTE   |
|         443 | FRANCISCO   | SKIDMORE     |
|         444 | MARCUS      | HIDALGO      |
|         445 | MICHEAL     | FORMAN       |
|         446 | THEODORE    | CULP         |
|         447 | CLIFFORD    | BOWENS       |
|         448 | MIGUEL      | BETANCOURT   |
|         449 | OSCAR       | AQUINO       |
|         450 | JAY         | ROBB         |
|         451 | JIM         | REA          |
|         452 | TOM         | MILNER       |
|         453 | CALVIN      | MARTEL       |
|         454 | ALEX        | GRESHAM      |
|         455 | JON         | WILES        |
|         456 | RONNIE      | RICKETTS     |
|         457 | BILL        | GAVIN        |
|         458 | LLOYD       | DOWD         |
|         459 | TOMMY       | COLLAZO      |
|         460 | LEON        | BOSTIC       |
|         461 | DEREK       | BLAKELY      |
|         462 | WARREN      | SHERROD      |
|         463 | DARRELL     | POWER        |
|         464 | JEROME      | KENYON       |
|         465 | FLOYD       | GANDY        |
|         466 | LEO         | EBERT        |
|         467 | ALVIN       | DELOACH      |
|         468 | TIM         | CARY         |
|         469 | WESLEY      | BULL         |
|         470 | GORDON      | ALLARD       |
|         471 | DEAN        | SAUER        |
|         472 | GREG        | ROBINS       |
|         473 | JORGE       | OLIVARES     |
|         474 | DUSTIN      | GILLETTE     |
|         475 | PEDRO       | CHESTNUT     |
|         476 | DERRICK     | BOURQUE      |
|         477 | DAN         | PAINE        |
|         478 | LEWIS       | LYMAN        |
|         479 | ZACHARY     | HITE         |
|         480 | COREY       | HAUSER       |
|         481 | HERMAN      | DEVORE       |
|         482 | MAURICE     | CRAWLEY      |
|         483 | VERNON      | CHAPA        |
|         484 | ROBERTO     | VU           |
|         485 | CLYDE       | TOBIAS       |
|         486 | GLEN        | TALBERT      |
|         487 | HECTOR      | POINDEXTER   |
|         488 | SHANE       | MILLARD      |
|         489 | RICARDO     | MEADOR       |
|         490 | SAM         | MCDUFFIE     |
|         491 | RICK        | MATTOX       |
|         492 | LESTER      | KRAUS        |
|         493 | BRENT       | HARKINS      |
|         494 | RAMON       | CHOATE       |
|         495 | CHARLIE     | BESS         |
|         496 | TYLER       | WREN         |
|         497 | GILBERT     | SLEDGE       |
|         498 | GENE        | SANBORN      |
|         499 | MARC        | OUTLAW       |
|         500 | REGINALD    | KINDER       |
|         501 | RUBEN       | GEARY        |
|         502 | BRETT       | CORNWELL     |
|         503 | ANGEL       | BARCLAY      |
|         504 | NATHANIEL   | ADAM         |
|         505 | RAFAEL      | ABNEY        |
|         506 | LESLIE      | SEWARD       |
|         507 | EDGAR       | RHOADS       |
|         508 | MILTON      | HOWLAND      |
|         509 | RAUL        | FORTIER      |
|         510 | BEN         | EASTER       |
|         511 | CHESTER     | BENNER       |
|         512 | CECIL       | VINES        |
|         513 | DUANE       | TUBBS        |
|         514 | FRANKLIN    | TROUTMAN     |
|         515 | ANDRE       | RAPP         |
|         516 | ELMER       | NOE          |
|         517 | BRAD        | MCCURDY      |
|         518 | GABRIEL     | HARDER       |
|         519 | RON         | DELUCA       |
|         520 | MITCHELL    | WESTMORELAND |
|         521 | ROLAND      | SOUTH        |
|         522 | ARNOLD      | HAVENS       |
|         523 | HARVEY      | GUAJARDO     |
|         524 | JARED       | ELY          |
|         525 | ADRIAN      | CLARY        |
|         526 | KARL        | SEAL         |
|         527 | CORY        | MEEHAN       |
|         528 | CLAUDE      | HERZOG       |
|         529 | ERIK        | GUILLEN      |
|         530 | DARRYL      | ASHCRAFT     |
|         531 | JAMIE       | WAUGH        |
|         532 | NEIL        | RENNER       |
|         533 | JESSIE      | MILAM        |
|         534 | CHRISTIAN   | JUNG         |
|         535 | JAVIER      | ELROD        |
|         536 | FERNANDO    | CHURCHILL    |
|         537 | CLINTON     | BUFORD       |
|         538 | TED         | BREAUX       |
|         539 | MATHEW      | BOLIN        |
|         540 | TYRONE      | ASHER        |
|         541 | DARREN      | WINDHAM      |
|         542 | LONNIE      | TIRADO       |
|         543 | LANCE       | PEMBERTON    |
|         544 | CODY        | NOLEN        |
|         545 | JULIO       | NOLAND       |
|         546 | KELLY       | KNOTT        |
|         547 | KURT        | EMMONS       |
|         548 | ALLAN       | CORNISH      |
|         549 | NELSON      | CHRISTENSON  |
|         550 | GUY         | BROWNLEE     |
|         551 | CLAYTON     | BARBEE       |
|         552 | HUGH        | WALDROP      |
|         553 | MAX         | PITT         |
|         554 | DWAYNE      | OLVERA       |
|         555 | DWIGHT      | LOMBARDI     |
|         556 | ARMANDO     | GRUBER       |
|         557 | FELIX       | GAFFNEY      |
|         558 | JIMMIE      | EGGLESTON    |
|         559 | EVERETT     | BANDA        |
|         560 | JORDAN      | ARCHULETA    |
|         561 | IAN         | STILL        |
|         562 | WALLACE     | SLONE        |
|         563 | KEN         | PREWITT      |
|         564 | BOB         | PFEIFFER     |
|         565 | JAIME       | NETTLES      |
|         566 | CASEY       | MENA         |
|         567 | ALFREDO     | MCADAMS      |
|         568 | ALBERTO     | HENNING      |
|         569 | DAVE        | GARDINER     |
|         570 | IVAN        | CROMWELL     |
|         571 | JOHNNIE     | CHISHOLM     |
|         572 | SIDNEY      | BURLESON     |
|         573 | BYRON       | BOX          |
|         574 | JULIAN      | VEST         |
|         575 | ISAAC       | OGLESBY      |
|         576 | MORRIS      | MCCARTER     |
|         577 | CLIFTON     | MALCOLM      |
|         578 | WILLARD     | LUMPKIN      |
|         579 | DARYL       | LARUE        |
|         580 | ROSS        | GREY         |
|         581 | VIRGIL      | WOFFORD      |
|         582 | ANDY        | VANHORN      |
|         583 | MARSHALL    | THORN        |
|         584 | SALVADOR    | TEEL         |
|         585 | PERRY       | SWAFFORD     |
|         586 | KIRK        | STCLAIR      |
|         587 | SERGIO      | STANFIELD    |
|         588 | MARION      | OCAMPO       |
|         589 | TRACY       | HERRMANN     |
|         590 | SETH        | HANNON       |
|         591 | KENT        | ARSENAULT    |
|         592 | TERRANCE    | ROUSH        |
|         593 | RENE        | MCALISTER    |
|         594 | EDUARDO     | HIATT        |
|         595 | TERRENCE    | GUNDERSON    |
|         596 | ENRIQUE     | FORSYTHE     |
|         597 | FREDDIE     | DUGGAN       |
|         598 | WADE        | DELVALLE     |
|         599 | AUSTIN      | CINTRON      |
+-------------+-------------+--------------+
599 rows in set (0.0058 sec)

 MySQL  localhost:3306 ssl  sakila  SQL > desc rental;
+--------------+-----------------------+------+-----+-------------------+-----------------------------+
| Field        | Type                  | Null | Key | Default           | Extra                       |
+--------------+-----------------------+------+-----+-------------------+-----------------------------+
| rental_id    | int(11)               | NO   | PRI | NULL              | auto_increment              |
| rental_date  | datetime              | NO   | MUL | NULL              |                             |
| inventory_id | mediumint(8) unsigned | NO   | MUL | NULL              |                             |
| customer_id  | smallint(5) unsigned  | NO   | MUL | NULL              |                             |
| return_date  | datetime              | YES  |     | NULL              |                             |
| staff_id     | tinyint(3) unsigned   | NO   | MUL | NULL              |                             |
| last_update  | timestamp             | NO   |     | CURRENT_TIMESTAMP | on update CURRENT_TIMESTAMP |
+--------------+-----------------------+------+-----+-------------------+-----------------------------+
7 rows in set (0.0022 sec)

 MySQL  localhost:3306 ssl  sakila  SQL > select b.rental_id, a. first_name, a.last_name from customer a
                                      ... inner join rental b
                                      ... on a.customer_id=b-customer_id limit 50;
ERROR: 1054 (42S22): Unknown column 'b' in 'on clause'

 MySQL  localhost:3306 ssl  sakila  SQL > select b.rental_id, a. first_name, a.last_name from customer a inner join rental b on a.customer_id=b.customer_id limit 50;
+-----------+------------+-----------+
| rental_id | first_name | last_name |
+-----------+------------+-----------+
|        76 | MARY       | SMITH     |
|       573 | MARY       | SMITH     |
|      1185 | MARY       | SMITH     |
|      1422 | MARY       | SMITH     |
|      1476 | MARY       | SMITH     |
|      1725 | MARY       | SMITH     |
|      2308 | MARY       | SMITH     |
|      2363 | MARY       | SMITH     |
|      3284 | MARY       | SMITH     |
|      4526 | MARY       | SMITH     |
|      4611 | MARY       | SMITH     |
|      5244 | MARY       | SMITH     |
|      5326 | MARY       | SMITH     |
|      6163 | MARY       | SMITH     |
|      7273 | MARY       | SMITH     |
|      7841 | MARY       | SMITH     |
|      8033 | MARY       | SMITH     |
|      8074 | MARY       | SMITH     |
|      8116 | MARY       | SMITH     |
|      8326 | MARY       | SMITH     |
|      9571 | MARY       | SMITH     |
|     10437 | MARY       | SMITH     |
|     11299 | MARY       | SMITH     |
|     11367 | MARY       | SMITH     |
|     11824 | MARY       | SMITH     |
|     12250 | MARY       | SMITH     |
|     13068 | MARY       | SMITH     |
|     13176 | MARY       | SMITH     |
|     14762 | MARY       | SMITH     |
|     14825 | MARY       | SMITH     |
|     15298 | MARY       | SMITH     |
|     15315 | MARY       | SMITH     |
|       320 | PATRICIA   | JOHNSON   |
|      2128 | PATRICIA   | JOHNSON   |
|      5636 | PATRICIA   | JOHNSON   |
|      5755 | PATRICIA   | JOHNSON   |
|      7346 | PATRICIA   | JOHNSON   |
|      7376 | PATRICIA   | JOHNSON   |
|      7459 | PATRICIA   | JOHNSON   |
|      8230 | PATRICIA   | JOHNSON   |
|      8598 | PATRICIA   | JOHNSON   |
|      8705 | PATRICIA   | JOHNSON   |
|      9031 | PATRICIA   | JOHNSON   |
|      9236 | PATRICIA   | JOHNSON   |
|      9248 | PATRICIA   | JOHNSON   |
|      9296 | PATRICIA   | JOHNSON   |
|      9465 | PATRICIA   | JOHNSON   |
|     10136 | PATRICIA   | JOHNSON   |
|     10466 | PATRICIA   | JOHNSON   |
|     10918 | PATRICIA   | JOHNSON   |
+-----------+------------+-----------+
50 rows in set (0.0007 sec)

 MySQL  localhost:3306 ssl  sakila  SQL >
MySQL Shell 8.0.12

Copyright (c) 2016, 2018, Oracle and/or its affiliates. All rights reserved.

Oracle is a registered trademark of Oracle Corporation and/or its
affiliates. Other names may be trademarks of their respective
owners.

Type '\help' or '\?' for help; '\quit' to exit.


 MySQL  JS > \sql
Switching to SQL mode... Commands end with ;

 MySQL  SQL > \connect -c root@localhost
The -c option is deprecated, please use --mysql or -mc instead
Creating a Classic session to 'root@localhost'
Please provide the password for 'root@localhost': ****
Save password for 'root@localhost:3306'? [Y]es/[N]o/Ne[v]er (default No): y
Fetching schema names for autocompletion... Press ^C to stop.
Your MySQL connection id is 2
Server version: 5.7.21-log MySQL Community Server (GPL)
No default schema selected; type \use <schema> to set one.

 MySQL  localhost:3306  SQL > show databases;
+----------------------+
| Database             |
+----------------------+
| information_schema   |
| banbajio             |
| banbajiodosgruposres |
| datos_coche          |
| datoscoches          |
| dbclientes           |
| employees            |
| evaluacion_1         |
| evaluacion_2         |
| inventario_          |
| inventario_bdd       |
| mysql                |
| northwind            |
| performance_schema   |
| sakila               |
| sys                  |
| tecnologico_ii       |
| world                |
+----------------------+
18 rows in set (0.0068 sec)

 MySQL  localhost:3306  SQL > use northwind
Default schema set to `northwind`.
Fetching table and column names from `northwind` for auto-completion... Press ^C to stop.

 MySQL  localhost:3306  northwind  SQL > show tables;
+----------------------+
| Tables_in_northwind  |
+----------------------+
| account              |
| categories           |
| customercustomerdemo |
| customerdemographics |
| customers            |
| empleados            |
| employees            |
| employeeterritories  |
| lista_empleados      |
| lista_empleados_a    |
| mi_rfc               |
| nombre_cliente       |
| orderdetails         |
| orders               |
| pagos_empleados      |
| personas             |
| products             |
| prueba2              |
| region               |
| rfc_gringos          |
| shippers             |
| suppliers            |
| territories          |
| ventas_producto      |
+----------------------+
24 rows in set (0.0010 sec)

 MySQL  localhost:3306  northwind  SQL > select a.orderid, b.productname, a.unitprice, a.quantity
                                     ... (a.unitprice * a.quantity) as subtotal
                                     ... inner join products b
                                     ... on a.productid = b.productid limit 20;
ERROR: 1064 (42000): You have an error in your SQL syntax; check the manual that corresponds to your MySQL server version for the right syntax to use near 'inner join products b
on a.productid = b.productid limit 20' at line 3

 MySQL  localhost:3306  northwind  SQL > select a.orderid, b.productname, a.unitprice, a.quantity (a.unitprice * a.quantity) as subtotal from orderdeatails a inner join products b on a.productid = b.productid limit 20;
ERROR: 1146 (42S02): Table 'northwind.orderdeatails' doesn't exist

 MySQL  localhost:3306  northwind  SQL > select a.orderid, b.productname, a.unitprice, a.quantity (a.unitprice * a.quantity) as subtotal from orderdetails a inner join products b on a.productid = b.productid limit 20;
ERROR: 1305 (42000): FUNCTION a.quantity does not exist

 MySQL  localhost:3306  northwind  SQL > desc products;
+-----------------+---------------+------+-----+---------+----------------+
| Field           | Type          | Null | Key | Default | Extra          |
+-----------------+---------------+------+-----+---------+----------------+
| ProductID       | int(11)       | NO   | PRI | NULL    | auto_increment |
| ProductName     | varchar(40)   | NO   | MUL | NULL    |                |
| SupplierID      | int(11)       | YES  | MUL | NULL    |                |
| CategoryID      | int(11)       | YES  | MUL | NULL    |                |
| QuantityPerUnit | varchar(20)   | YES  |     | NULL    |                |
| UnitPrice       | decimal(10,4) | YES  |     | 0.0000  |                |
| UnitsInStock    | smallint(2)   | YES  |     | 0       |                |
| UnitsOnOrder    | smallint(2)   | YES  |     | 0       |                |
| ReorderLevel    | smallint(2)   | YES  |     | 0       |                |
| Discontinued    | bit(1)        | NO   |     | b'0'    |                |
+-----------------+---------------+------+-----+---------+----------------+
10 rows in set (0.0009 sec)

 MySQL  localhost:3306  northwind  SQL > select a.orderid, b.productname, a.unitprice, a.quantityperunit (a.unitprice * a.quantityperunit) as subtotal from orderdetails a inner join products b on a.productid = b.productid limit 20;
ERROR: 1305 (42000): FUNCTION a.quantityperunit does not exist

 MySQL  localhost:3306  northwind  SQL > desc order;
ERROR: 1064 (42000): You have an error in your SQL syntax; check the manual that corresponds to your MySQL server version for the right syntax to use near 'order' at line 1

 MySQL  localhost:3306  northwind  SQL > desc orders;
+----------------+---------------+------+-----+---------+----------------+
| Field          | Type          | Null | Key | Default | Extra          |
+----------------+---------------+------+-----+---------+----------------+
| OrderID        | int(11)       | NO   | PRI | NULL    | auto_increment |
| CustomerID     | varchar(5)    | YES  | MUL | NULL    |                |
| EmployeeID     | int(11)       | YES  | MUL | NULL    |                |
| OrderDate      | datetime      | YES  | MUL | NULL    |                |
| RequiredDate   | datetime      | YES  |     | NULL    |                |
| ShippedDate    | datetime      | YES  | MUL | NULL    |                |
| ShipVia        | int(11)       | YES  | MUL | NULL    |                |
| Freight        | decimal(10,4) | YES  |     | 0.0000  |                |
| ShipName       | varchar(40)   | YES  |     | NULL    |                |
| ShipAddress    | varchar(60)   | YES  |     | NULL    |                |
| ShipCity       | varchar(15)   | YES  |     | NULL    |                |
| ShipRegion     | varchar(15)   | YES  |     | NULL    |                |
| ShipPostalCode | varchar(10)   | YES  | MUL | NULL    |                |
| ShipCountry    | varchar(15)   | YES  |     | NULL    |                |
+----------------+---------------+------+-----+---------+----------------+
14 rows in set (0.0008 sec)

 MySQL  localhost:3306  northwind  SQL > select a.orderid, b.productname, a.unitprice, b.quantityperunit,
                                     ... (a.unitprice * b.quantityperunit) as subtotal
                                     ... from order_details a
                                     ... inner join products b
                                     ... on a.productid = b.productid limit 20;
ERROR: 1146 (42S02): Table 'northwind.order_details' doesn't exist

 MySQL  localhost:3306  northwind  SQL > select a.orderid, b.productname, a.unitprice, b.quantityperunit, (a.unitprice * b.quantityperunit) as subtotal from orderdetails a inner join products b on a.productid = b.productid limit 20;
+---------+-------------+-----------+--------------------+----------+
| orderid | productname | unitprice | quantityperunit    | subtotal |
+---------+-------------+-----------+--------------------+----------+
|   10285 | Chai        |   14.4000 | 10 boxes x 20 bags |      144 |
|   10294 | Chai        |   14.4000 | 10 boxes x 20 bags |      144 |
|   10317 | Chai        |   14.4000 | 10 boxes x 20 bags |      144 |
|   10348 | Chai        |   14.4000 | 10 boxes x 20 bags |      144 |
|   10354 | Chai        |   14.4000 | 10 boxes x 20 bags |      144 |
|   10370 | Chai        |   14.4000 | 10 boxes x 20 bags |      144 |
|   10406 | Chai        |   14.4000 | 10 boxes x 20 bags |      144 |
|   10413 | Chai        |   14.4000 | 10 boxes x 20 bags |      144 |
|   10477 | Chai        |   14.4000 | 10 boxes x 20 bags |      144 |
|   10522 | Chai        |   18.0000 | 10 boxes x 20 bags |      180 |
|   10526 | Chai        |   18.0000 | 10 boxes x 20 bags |      180 |
|   10576 | Chai        |   18.0000 | 10 boxes x 20 bags |      180 |
|   10590 | Chai        |   18.0000 | 10 boxes x 20 bags |      180 |
|   10609 | Chai        |   18.0000 | 10 boxes x 20 bags |      180 |
|   10611 | Chai        |   18.0000 | 10 boxes x 20 bags |      180 |
|   10628 | Chai        |   18.0000 | 10 boxes x 20 bags |      180 |
|   10646 | Chai        |   18.0000 | 10 boxes x 20 bags |      180 |
|   10689 | Chai        |   18.0000 | 10 boxes x 20 bags |      180 |
|   10691 | Chai        |   18.0000 | 10 boxes x 20 bags |      180 |
|   10700 | Chai        |   18.0000 | 10 boxes x 20 bags |      180 |
+---------+-------------+-----------+--------------------+----------+
20 rows in set (0.0164 sec)

 MySQL  localhost:3306  northwind  SQL > select a.orderid, b.productname, b.quantity, b.unitprice,
                                     ... (b.quantity * b.unitprice) as subtotal, c.categoryname,
                                     ... d.companyname
                                     ... from orderdetails a
                                     ... inner join products b on a.productid = b.productid
                                     ... inner join categories c on b.categoryid = c.categoryid
                                     ... inner join suppliers d on b.suppliers = d.supplierid
                                     ... limit 100;
ERROR: 1054 (42S22): Unknown column 'b.quantity' in 'field list'

 MySQL  localhost:3306  northwind  SQL > select a.orderid, b.productname, b.quantity, b.unitprice, (a.quantity * a.unitprice) as subtotal, c.categoryname, d.companyname from orderdetails a inner join products b on a.productid = b.productid inner join categories c on b.categoryid = c.categoryid inner join suppliers d on b.suppliers = d.supplierid limit 100;
ERROR: 1054 (42S22): Unknown column 'b.quantity' in 'field list'

 MySQL  localhost:3306  northwind  SQL > select a.orderid, b.productname, a.quantity, b.unitprice, (a.quantity * a.unitprice) as subtotal, c.categoryname, d.companyname from orderdetails a inner join products b on a.productid = b.productid inner join categories c on b.categoryid = c.categoryid inner join suppliers d on b.suppliers = d.supplierid limit 100;
ERROR: 1054 (42S22): Unknown column 'b.suppliers' in 'on clause'

 MySQL  localhost:3306  northwind  SQL > select a.orderid, b.productname, a.quantity, b.unitprice, (a.quantity * a.unitprice) as subtotal, c.categoryname, d.companyname from orderdetails a inner join products b on a.productid = b.productid inner join categories c on b.categoryid = c.categoryid inner join suppliers d on b.supplierid = d.supplierid limit 100;
+---------+------------------+----------+-----------+-----------+--------------+---------------------------+
| orderid | productname      | quantity | unitprice | subtotal  | categoryname | companyname               |
+---------+------------------+----------+-----------+-----------+--------------+---------------------------+
|   10285 | Chai             |       45 |   18.0000 |  648.0000 | Beverages    | Exotic Liquids            |
|   10294 | Chai             |       18 |   18.0000 |  259.2000 | Beverages    | Exotic Liquids            |
|   10317 | Chai             |       20 |   18.0000 |  288.0000 | Beverages    | Exotic Liquids            |
|   10348 | Chai             |       15 |   18.0000 |  216.0000 | Beverages    | Exotic Liquids            |
|   10354 | Chai             |       12 |   18.0000 |  172.8000 | Beverages    | Exotic Liquids            |
|   10370 | Chai             |       15 |   18.0000 |  216.0000 | Beverages    | Exotic Liquids            |
|   10406 | Chai             |       10 |   18.0000 |  144.0000 | Beverages    | Exotic Liquids            |
|   10413 | Chai             |       24 |   18.0000 |  345.6000 | Beverages    | Exotic Liquids            |
|   10477 | Chai             |       15 |   18.0000 |  216.0000 | Beverages    | Exotic Liquids            |
|   10522 | Chai             |       40 |   18.0000 |  720.0000 | Beverages    | Exotic Liquids            |
|   10526 | Chai             |        8 |   18.0000 |  144.0000 | Beverages    | Exotic Liquids            |
|   10576 | Chai             |       10 |   18.0000 |  180.0000 | Beverages    | Exotic Liquids            |
|   10590 | Chai             |       20 |   18.0000 |  360.0000 | Beverages    | Exotic Liquids            |
|   10609 | Chai             |        3 |   18.0000 |   54.0000 | Beverages    | Exotic Liquids            |
|   10611 | Chai             |        6 |   18.0000 |  108.0000 | Beverages    | Exotic Liquids            |
|   10628 | Chai             |       25 |   18.0000 |  450.0000 | Beverages    | Exotic Liquids            |
|   10646 | Chai             |       15 |   18.0000 |  270.0000 | Beverages    | Exotic Liquids            |
|   10689 | Chai             |       35 |   18.0000 |  630.0000 | Beverages    | Exotic Liquids            |
|   10691 | Chai             |       30 |   18.0000 |  540.0000 | Beverages    | Exotic Liquids            |
|   10700 | Chai             |        5 |   18.0000 |   90.0000 | Beverages    | Exotic Liquids            |
|   10729 | Chai             |       50 |   18.0000 |  900.0000 | Beverages    | Exotic Liquids            |
|   10752 | Chai             |        8 |   18.0000 |  144.0000 | Beverages    | Exotic Liquids            |
|   10838 | Chai             |        4 |   18.0000 |   72.0000 | Beverages    | Exotic Liquids            |
|   10847 | Chai             |       80 |   18.0000 | 1440.0000 | Beverages    | Exotic Liquids            |
|   10863 | Chai             |       20 |   18.0000 |  360.0000 | Beverages    | Exotic Liquids            |
|   10869 | Chai             |       40 |   18.0000 |  720.0000 | Beverages    | Exotic Liquids            |
|   10905 | Chai             |       20 |   18.0000 |  360.0000 | Beverages    | Exotic Liquids            |
|   10911 | Chai             |       10 |   18.0000 |  180.0000 | Beverages    | Exotic Liquids            |
|   10918 | Chai             |       60 |   18.0000 | 1080.0000 | Beverages    | Exotic Liquids            |
|   10935 | Chai             |       21 |   18.0000 |  378.0000 | Beverages    | Exotic Liquids            |
|   11003 | Chai             |        4 |   18.0000 |   72.0000 | Beverages    | Exotic Liquids            |
|   11005 | Chai             |        2 |   18.0000 |   36.0000 | Beverages    | Exotic Liquids            |
|   11006 | Chai             |        8 |   18.0000 |  144.0000 | Beverages    | Exotic Liquids            |
|   11025 | Chai             |       10 |   18.0000 |  180.0000 | Beverages    | Exotic Liquids            |
|   11031 | Chai             |       45 |   18.0000 |  810.0000 | Beverages    | Exotic Liquids            |
|   11035 | Chai             |       10 |   18.0000 |  180.0000 | Beverages    | Exotic Liquids            |
|   11047 | Chai             |       25 |   18.0000 |  450.0000 | Beverages    | Exotic Liquids            |
|   11070 | Chai             |       40 |   18.0000 |  720.0000 | Beverages    | Exotic Liquids            |
|   10255 | Chang            |       20 |   19.0000 |  304.0000 | Beverages    | Exotic Liquids            |
|   10258 | Chang            |       50 |   19.0000 |  760.0000 | Beverages    | Exotic Liquids            |
|   10264 | Chang            |       35 |   19.0000 |  532.0000 | Beverages    | Exotic Liquids            |
|   10298 | Chang            |       40 |   19.0000 |  608.0000 | Beverages    | Exotic Liquids            |
|   10327 | Chang            |       25 |   19.0000 |  380.0000 | Beverages    | Exotic Liquids            |
|   10335 | Chang            |        7 |   19.0000 |  106.4000 | Beverages    | Exotic Liquids            |
|   10342 | Chang            |       24 |   19.0000 |  364.8000 | Beverages    | Exotic Liquids            |
|   10393 | Chang            |       25 |   19.0000 |  380.0000 | Beverages    | Exotic Liquids            |
|   10418 | Chang            |       60 |   19.0000 |  912.0000 | Beverages    | Exotic Liquids            |
|   10435 | Chang            |       10 |   19.0000 |  152.0000 | Beverages    | Exotic Liquids            |
|   10440 | Chang            |       45 |   19.0000 |  684.0000 | Beverages    | Exotic Liquids            |
|   10469 | Chang            |       40 |   19.0000 |  608.0000 | Beverages    | Exotic Liquids            |
|   10485 | Chang            |       20 |   19.0000 |  304.0000 | Beverages    | Exotic Liquids            |
|   10504 | Chang            |       12 |   19.0000 |  228.0000 | Beverages    | Exotic Liquids            |
|   10611 | Chang            |       10 |   19.0000 |  190.0000 | Beverages    | Exotic Liquids            |
|   10622 | Chang            |       20 |   19.0000 |  380.0000 | Beverages    | Exotic Liquids            |
|   10632 | Chang            |       30 |   19.0000 |  570.0000 | Beverages    | Exotic Liquids            |
|   10641 | Chang            |       50 |   19.0000 |  950.0000 | Beverages    | Exotic Liquids            |
|   10703 | Chang            |        5 |   19.0000 |   95.0000 | Beverages    | Exotic Liquids            |
|   10714 | Chang            |       30 |   19.0000 |  570.0000 | Beverages    | Exotic Liquids            |
|   10722 | Chang            |        3 |   19.0000 |   57.0000 | Beverages    | Exotic Liquids            |
|   10741 | Chang            |       15 |   19.0000 |  285.0000 | Beverages    | Exotic Liquids            |
|   10766 | Chang            |       40 |   19.0000 |  760.0000 | Beverages    | Exotic Liquids            |
|   10787 | Chang            |       15 |   19.0000 |  285.0000 | Beverages    | Exotic Liquids            |
|   10792 | Chang            |       10 |   19.0000 |  190.0000 | Beverages    | Exotic Liquids            |
|   10806 | Chang            |       20 |   19.0000 |  380.0000 | Beverages    | Exotic Liquids            |
|   10813 | Chang            |       12 |   19.0000 |  228.0000 | Beverages    | Exotic Liquids            |
|   10829 | Chang            |       10 |   19.0000 |  190.0000 | Beverages    | Exotic Liquids            |
|   10851 | Chang            |        5 |   19.0000 |   95.0000 | Beverages    | Exotic Liquids            |
|   10852 | Chang            |       15 |   19.0000 |  285.0000 | Beverages    | Exotic Liquids            |
|   10856 | Chang            |       20 |   19.0000 |  380.0000 | Beverages    | Exotic Liquids            |
|   10866 | Chang            |       21 |   19.0000 |  399.0000 | Beverages    | Exotic Liquids            |
|   10885 | Chang            |       20 |   19.0000 |  380.0000 | Beverages    | Exotic Liquids            |
|   10888 | Chang            |       20 |   19.0000 |  380.0000 | Beverages    | Exotic Liquids            |
|   10939 | Chang            |       10 |   19.0000 |  190.0000 | Beverages    | Exotic Liquids            |
|   10991 | Chang            |       50 |   19.0000 |  950.0000 | Beverages    | Exotic Liquids            |
|   11021 | Chang            |       11 |   19.0000 |  209.0000 | Beverages    | Exotic Liquids            |
|   11030 | Chang            |      100 |   19.0000 | 1900.0000 | Beverages    | Exotic Liquids            |
|   11041 | Chang            |       30 |   19.0000 |  570.0000 | Beverages    | Exotic Liquids            |
|   11049 | Chang            |       10 |   19.0000 |  190.0000 | Beverages    | Exotic Liquids            |
|   11070 | Chang            |       20 |   19.0000 |  380.0000 | Beverages    | Exotic Liquids            |
|   11072 | Chang            |        8 |   19.0000 |  152.0000 | Beverages    | Exotic Liquids            |
|   11075 | Chang            |       10 |   19.0000 |  190.0000 | Beverages    | Exotic Liquids            |
|   11077 | Chang            |       24 |   19.0000 |  456.0000 | Beverages    | Exotic Liquids            |
|   10254 | Guaran Fantstica |       15 |    4.5000 |   54.0000 | Beverages    | Refrescos Americanas LTDA |
|   10263 | Guaran Fantstica |       28 |    4.5000 |  100.8000 | Beverages    | Refrescos Americanas LTDA |
|   10275 | Guaran Fantstica |       12 |    4.5000 |   43.2000 | Beverages    | Refrescos Americanas LTDA |
|   10280 | Guaran Fantstica |       12 |    4.5000 |   43.2000 | Beverages    | Refrescos Americanas LTDA |
|   10281 | Guaran Fantstica |        6 |    4.5000 |   21.6000 | Beverages    | Refrescos Americanas LTDA |
|   10293 | Guaran Fantstica |       10 |    4.5000 |   36.0000 | Beverages    | Refrescos Americanas LTDA |
|   10352 | Guaran Fantstica |       10 |    4.5000 |   36.0000 | Beverages    | Refrescos Americanas LTDA |
|   10355 | Guaran Fantstica |       25 |    4.5000 |   90.0000 | Beverages    | Refrescos Americanas LTDA |
|   10358 | Guaran Fantstica |       10 |    4.5000 |   36.0000 | Beverages    | Refrescos Americanas LTDA |
|   10386 | Guaran Fantstica |       15 |    4.5000 |   54.0000 | Beverages    | Refrescos Americanas LTDA |
|   10387 | Guaran Fantstica |       15 |    4.5000 |   54.0000 | Beverages    | Refrescos Americanas LTDA |
|   10446 | Guaran Fantstica |       20 |    4.5000 |   72.0000 | Beverages    | Refrescos Americanas LTDA |
|   10465 | Guaran Fantstica |       25 |    4.5000 |   90.0000 | Beverages    | Refrescos Americanas LTDA |
|   10467 | Guaran Fantstica |       28 |    4.5000 |  100.8000 | Beverages    | Refrescos Americanas LTDA |
|   10472 | Guaran Fantstica |       80 |    4.5000 |  288.0000 | Beverages    | Refrescos Americanas LTDA |
|   10498 | Guaran Fantstica |       14 |    4.5000 |   63.0000 | Beverages    | Refrescos Americanas LTDA |
|   10512 | Guaran Fantstica |       10 |    4.5000 |   45.0000 | Beverages    | Refrescos Americanas LTDA |
|   10518 | Guaran Fantstica |        5 |    4.5000 |   22.5000 | Beverages    | Refrescos Americanas LTDA |
+---------+------------------+----------+-----------+-----------+--------------+---------------------------+
100 rows in set (0.0048 sec)

 MySQL  localhost:3306  northwind  SQL > desc details;
ERROR: 1146 (42S02): Table 'northwind.details' doesn't exist

 MySQL  localhost:3306  northwind  SQL > desc detail;
ERROR: 1146 (42S02): Table 'northwind.detail' doesn't exist

 MySQL  localhost:3306  northwind  SQL > desc orderdetails;
+-----------+---------------+------+-----+---------+-------+
| Field     | Type          | Null | Key | Default | Extra |
+-----------+---------------+------+-----+---------+-------+
| OrderID   | int(11)       | NO   | PRI | NULL    |       |
| ProductID | int(11)       | NO   | PRI | NULL    |       |
| UnitPrice | decimal(10,4) | NO   |     | 0.0000  |       |
| Quantity  | smallint(2)   | NO   |     | 1       |       |
| Discount  | double(8,0)   | NO   |     | 0       |       |
+-----------+---------------+------+-----+---------+-------+
5 rows in set (0.0006 sec)

 MySQL  localhost:3306  northwind  SQL > desc region;
+-------------------+-------------+------+-----+---------+-------+
| Field             | Type        | Null | Key | Default | Extra |
+-------------------+-------------+------+-----+---------+-------+
| RegionID          | int(11)     | NO   | PRI | NULL    |       |
| RegionDescription | varchar(50) | NO   |     | NULL    |       |
+-------------------+-------------+------+-----+---------+-------+
2 rows in set (0.0006 sec)

 MySQL  localhost:3306  northwind  SQL >
select b.productname, (a.unitprice * a.quantity) as subtotal 
from order_details a 
inner join products b on a.productid = b.productid;

select b.productname, (a.unitprice * a.quantity) as subtotal 
from order_details a 
inner join products b on a.productid = b.productid
group by a.productid;

select sum(quantity * unitprice) as total from order_details 
where productid = 1;

select sum(quantity * unitprice) from order_details;

select c.companyname, sum(a.unitprice * a.quantity) as total
from order_details a
inner join orders b on a.orderid=b.orderid
inner join customers c on b.customerid = c.customerid 
group by c.customerid;

select b.productname, sum(a.unitprice * a.quantity) as total 
from order_details a 
inner join products b on a.productid = b.productid
group by a.productid
having sum(a.unitprice * a.quantity) > 10000;

select a.orderid, b.companyname from orders a 
right join customers b
on a.customerid=b.customerid order by a.orderid;

select a.orderid, b.companyname from orders a 
right join customers b
on a.customerid=b.customerid where a.orderid is null;

select a.orderid, b.productname
from order_details a right join products b
on a.productid=b.productid order by a.orderid;


select a.orderid, b.productname
from order_details a right join products b
on a.productid=b.productid where a.productid is null;

MySQL Shell 8.0.12

Copyright (c) 2016, 2018, Oracle and/or its affiliates. All rights reserved.

Oracle is a registered trademark of Oracle Corporation and/or its
affiliates. Other names may be trademarks of their respective
owners.

Type '\help' or '\?' for help; '\quit' to exit.


 MySQL  JS > \sql
Switching to SQL mode... Commands end with ;

 MySQL  SQL > \connect -c root @localhost
\connect [-mx|--mysqlx|-mc|--mysql|-ma] <URI>

 MySQL  SQL > \connect -c root@localhost
The -c option is deprecated, please use --mysql or -mc instead
Creating a Classic session to 'root@localhost'
Please provide the password for 'root@localhost': ****
Save password for 'root@localhost:3306'? [Y]es/[N]o/Ne[v]er (default No): y
Fetching schema names for autocompletion... Press ^C to stop.
Your MySQL connection id is 19
Server version: 8.0.12 MySQL Community Server - GPL
No default schema selected; type \use <schema> to set one.

 MySQL  localhost:3306 ssl  SQL > \evaluacion_2
                              ... ;
ERROR: 1064 (42000): You have an error in your SQL syntax; check the manual that corresponds to your MySQL server version for the right syntax to use near '\evaluacion_2' at line 1

 MySQL  localhost:3306 ssl  SQL > \use evaluacion_2 ;
\use <schema_name>

 MySQL  localhost:3306 ssl  SQL > \use evaluacion_2
Default schema set to `evaluacion_2`.
Fetching table and column names from `evaluacion_2` for auto-completion... Press ^C to stop.

 MySQL  localhost:3306 ssl  evaluacion_2  SQL > select * from tablaa A
                                            ... left join tablab B on a.nombre=b.nombre;
+-----+--------+------+--------+
| ind | nombre | ind  | nombre |
+-----+--------+------+--------+
|   1 | A      |    4 | A      |
|   2 | B      |    5 | B      |
|   3 | C      | NULL | NULL   |
|   4 | D      | NULL | NULL   |
|   5 | E      | NULL | NULL   |
+-----+--------+------+--------+
5 rows in set (0.0110 sec)

 MySQL  localhost:3306 ssl  evaluacion_2  SQL > select * from tablaa A right join tablab B on a.nombre=b.nombre;
+------+--------+-----+--------+
| ind  | nombre | ind | nombre |
+------+--------+-----+--------+
|    1 | A      |   4 | A      |
|    2 | B      |   5 | B      |
| NULL | NULL   |   1 | X      |
| NULL | NULL   |   2 | Y      |
| NULL | NULL   |   3 | Z      |
+------+--------+-----+--------+
5 rows in set (0.0006 sec)

 MySQL  localhost:3306 ssl  evaluacion_2  SQL > select * from tablaa A right join tablab B on a.nombre=b.nombre where A is null;
ERROR: 1054 (42S22): Unknown column 'A' in 'where clause'

 MySQL  localhost:3306 ssl  evaluacion_2  SQL > select * from tablaa A right join tablab B on a.nombre=b.nombre where a.nombre is null;
+------+--------+-----+--------+
| ind  | nombre | ind | nombre |
+------+--------+-----+--------+
| NULL | NULL   |   1 | X      |
| NULL | NULL   |   2 | Y      |
| NULL | NULL   |   3 | Z      |
+------+--------+-----+--------+
3 rows in set (0.0006 sec)

 MySQL  localhost:3306 ssl  evaluacion_2  SQL > select * from tablaa A left join tablab B on a.nombre=b.nombre where b.nombre is null;
+-----+--------+------+--------+
| ind | nombre | ind  | nombre |
+-----+--------+------+--------+
|   3 | C      | NULL | NULL   |
|   4 | D      | NULL | NULL   |
|   5 | E      | NULL | NULL   |
+-----+--------+------+--------+
3 rows in set (0.0006 sec)

 MySQL  localhost:3306 ssl  evaluacion_2  SQL > select * from tablaa A left join tablab B on a.nombre=b.nombre where b.nombre is null union where a.nombre is null;
ERROR: 1064 (42000): You have an error in your SQL syntax; check the manual that corresponds to your MySQL server version for the right syntax to use near 'where a.nombre is null' at line 1

 MySQL  localhost:3306 ssl  evaluacion_2  SQL > select * from tablaa A left join tablab B on a.nombre=b.nombre where b.nombre is null
                                            ... ;
+-----+--------+------+--------+
| ind | nombre | ind  | nombre |
+-----+--------+------+--------+
|   3 | C      | NULL | NULL   |
|   4 | D      | NULL | NULL   |
|   5 | E      | NULL | NULL   |
+-----+--------+------+--------+
3 rows in set (0.0008 sec)

 MySQL  localhost:3306 ssl  evaluacion_2  SQL > select * from tablaa A left join tablab B on a.nombre=b.nombre where b.nombre is null
                                            ... union
                                            ... select * from tablaa A right join tablab B on a.nombre=b.nombre where a.nombre is null;
+------+--------+------+--------+
| ind  | nombre | ind  | nombre |
+------+--------+------+--------+
|    3 | C      | NULL | NULL   |
|    4 | D      | NULL | NULL   |
|    5 | E      | NULL | NULL   |
| NULL | NULL   |    1 | X      |
| NULL | NULL   |    2 | Y      |
| NULL | NULL   |    3 | Z      |
+------+--------+------+--------+
6 rows in set (0.0091 sec)

 MySQL  localhost:3306 ssl  evaluacion_2  SQL >
select a.orderid, b.productname
from order_details a right join products b
on a.productid=b.productid where a.productid is null
union
select a.orderid, b.productname
from order_details a left join products b
on a.productid=b.productid where b.productid is null;

select a.orderid, a.CustomerID, b.companyname 
from orders a right join customers b
on a.customerid=b.customerid where a.CustomerID is null
union
select a.orderid,a.CustomerID , b.companyname 
from orders a left join customers b
on a.customerid=b.customerid where b.customerid is null;


select a.orderid, a.CustomerID, b.companyname 
from orders a right join customers b
on a.customerid=b.customerid where a.CustomerID is null
union all
select a.orderid,a.CustomerID , b.companyname 
from orders a left join customers b
on a.customerid=b.customerid where b.customerid is null;
MySQL Shell 8.0.12

Copyright (c) 2016, 2018, Oracle and/or its affiliates. All rights reserved.

Oracle is a registered trademark of Oracle Corporation and/or its
affiliates. Other names may be trademarks of their respective
owners.

Type '\help' or '\?' for help; '\quit' to exit.


 MySQL  JS > \sql
Switching to SQL mode... Commands end with ;

 MySQL  SQL > \connect -c root@localhost
The -c option is deprecated, please use --mysql or -mc instead
Creating a Classic session to 'root@localhost'
Please provide the password for 'root@localhost': ****
Save password for 'root@localhost:3306'? [Y]es/[N]o/Ne[v]er (default No): y
Fetching schema names for autocompletion... Press ^C to stop.
Your MySQL connection id is 22
Server version: 8.0.12 MySQL Community Server - GPL
No default schema selected; type \use <schema> to set one.

 MySQL  localhost:3306 ssl  SQL > \use evaluacion_2
Default schema set to `evaluacion_2`.
Fetching table and column names from `evaluacion_2` for auto-completion... Press ^C to stop.

 MySQL  localhost:3306 ssl  evaluacion_2  SQL >
                                            ...                                             ... select * from tablaa A right join tablab B on a.nombre=b.nombre where a.nomb
                                            ...                                             ... select * from tablaa A right join tablab B on a.nombre=b.nombre where a.nomb
                                            ...
                                            ...
                                            ... ;
ERROR: 1064 (42000): You have an error in your SQL syntax; check the manual that corresponds to your MySQL server version for the right syntax to use near '... union' at line 2

 MySQL  localhost:3306 ssl  evaluacion_2  SQL > select * from tablaaa A right join tablab B on a.nombre=b.nombre where a.nombre=b.nombre
                                            ... union
                                            ... select * from tablaa A left join tablab B on a.nombre=b.nombre where b.nombre is null ;
ERROR: 1146 (42S02): Table 'evaluacion_2.tablaaa' doesn't exist

 MySQL  localhost:3306 ssl  evaluacion_2  SQL > select * from tablaaa A right join tablab B on a.nombre=b.nombre where a.nombre=b.nombre union select * from tablaa A left j
 MySQL  localhost:3306 ssl  evaluacion_2  SQL >
 MySQL  localhost:3306 ssl  evaluacion_2  SQL >
 MySQL  localhost:3306 ssl  evaluacion_2  SQL > select * from tablaa A right excluding inner join tablab B on a.nombre=b.nombre
                                            ... union all
                                            ... select * from tablaa A left excluding inner join tablab B on a.nombre=b.nombre
                                            ... union all
                                            ... select * from tablaa A inner join tablab B on a.nombre=b.nombre;
ERROR: 1064 (42000): You have an error in your SQL syntax; check the manual that corresponds to your MySQL server version for the right syntax to use near 'excluding inner join tablab B on a.nombre=b.nombre
union all
select * from tabla' at line 1

 MySQL  localhost:3306 ssl  evaluacion_2  SQL > select * from tablaa A right inner join tablab B on a.nombre=b.nombre union all select * from tablaa A left inner join tablab B on a.nombre=b.nombre union all  select * from tablaa A inner join tablab B on a.nombre=b.nombre;
ERROR: 1064 (42000): You have an error in your SQL syntax; check the manual that corresponds to your MySQL server version for the right syntax to use near 'inner join tablab B on a.nombre=b.nombre union all select * from tablaa A left i' at line 1

 MySQL  localhost:3306 ssl  evaluacion_2  SQL > select * from tablaa A right join tablab B on a.nombre=b.nombre union all select * from tablaa A left join tablab B on a.nombre=b.nombre union all  select * from tablaa A inner join tablab B on a.nombre=b.nombre;
+------+--------+------+--------+
| ind  | nombre | ind  | nombre |
+------+--------+------+--------+
|    1 | A      |    4 | A      |
|    2 | B      |    5 | B      |
| NULL | NULL   |    1 | X      |
| NULL | NULL   |    2 | Y      |
| NULL | NULL   |    3 | Z      |
|    1 | A      |    4 | A      |
|    2 | B      |    5 | B      |
|    3 | C      | NULL | NULL   |
|    4 | D      | NULL | NULL   |
|    5 | E      | NULL | NULL   |
|    1 | A      |    4 | A      |
|    2 | B      |    5 | B      |
+------+--------+------+--------+
12 rows in set (0.0022 sec)

 MySQL  localhost:3306 ssl  evaluacion_2  SQL > select * from tablaa A right join tablab B on a.nombre=b.nombre union all select * from tablaa A left join tablab B on a.nombre=b.nombre;
+------+--------+------+--------+
| ind  | nombre | ind  | nombre |
+------+--------+------+--------+
|    1 | A      |    4 | A      |
|    2 | B      |    5 | B      |
| NULL | NULL   |    1 | X      |
| NULL | NULL   |    2 | Y      |
| NULL | NULL   |    3 | Z      |
|    1 | A      |    4 | A      |
|    2 | B      |    5 | B      |
|    3 | C      | NULL | NULL   |
|    4 | D      | NULL | NULL   |
|    5 | E      | NULL | NULL   |
+------+--------+------+--------+
10 rows in set (0.0010 sec)

 MySQL  localhost:3306 ssl  evaluacion_2  SQL > select * from tablaa A right join tablab B on a.nombre=b.nombre where a.nombre is null union all select * from tablaa A left join tablab B on a.nombre=b.nombre where b.nombre is null union all  select * from tablaa A inner join tablab B on a.nombre=b.nombre;
+------+--------+------+--------+
| ind  | nombre | ind  | nombre |
+------+--------+------+--------+
| NULL | NULL   |    1 | X      |
| NULL | NULL   |    2 | Y      |
| NULL | NULL   |    3 | Z      |
|    3 | C      | NULL | NULL   |
|    4 | D      | NULL | NULL   |
|    5 | E      | NULL | NULL   |
|    1 | A      |    4 | A      |
|    2 | B      |    5 | B      |
+------+--------+------+--------+
8 rows in set (0.0009 sec)
                                                select * from tablaa A right join tablab B on a.nombre=b.nombre
                                            ...   lect * from tablaa A right join tablab B on a.nombre=b.nombre where a.nombre is null union all select * from tablaa A left
                                            ...  select * from tablaa A left join tablab B on a.nombre=b.nombre
                                            ... select * from tablaa A right join tablab B on a.nombre=b.nomb select * from tablaa A left join tablab B on a.nombre=b.nombre
                                            ... ;
+------+--------+------+--------+
| ind  | nombre | ind  | nombre |
+------+--------+------+--------+
|    1 | A      |    4 | A      |
|    2 | B      |    5 | B      |
| NULL | NULL   |    1 | X      |
| NULL | NULL   |    2 | Y      |
| NULL | NULL   |    3 | Z      |
|    1 | A      |    4 | A      |
|    2 | B      |    5 | B      |
|    3 | C      | NULL | NULL   |
|    4 | D      | NULL | NULL   |
|    5 | E      | NULL | NULL   |
+------+--------+------+--------+
10 rows in set (0.0010 sec)

 MySQL  localhost:3306 ssl  evaluacion_2  SQL > select * from tablaa A
                                            ... right join tablab B on a.nombre=b.nombre
                                            ... union all
                                            ... select * from tablaa A
                                            ... left join tablab B on a.nombre= b.nombre
                                            ... where b.nombre is null;
+------+--------+------+--------+
| ind  | nombre | ind  | nombre |
+------+--------+------+--------+
|    1 | A      |    4 | A      |
|    2 | B      |    5 | B      |
| NULL | NULL   |    1 | X      |
| NULL | NULL   |    2 | Y      |
| NULL | NULL   |    3 | Z      |
|    3 | C      | NULL | NULL   |
|    4 | D      | NULL | NULL   |
|    5 | E      | NULL | NULL   |
+------+--------+------+--------+
8 rows in set (0.0009 sec)

select a.orderid, b.CustomerID, b.companyname 
from orders a right join customers b
on a.customerid=b.customerid 
union all
select a.orderid,b.CustomerID , b.companyname 
from orders a left join customers b
on a.customerid=b.customerid where b.customerid is null;

# 1°
select a.customerid, sum(c.quantity*c.UnitPrice) as subtotal 
from customers a
inner join orders b on a.customerid=b.customerid
inner join order_details c on c.orderid=b.orderid
group by a.customerid
order by subtotal DESC limit 1;
# 2°
select a.customerid, sum(c.quantity*c.UnitPrice) as subtotal 
from customers a
inner join orders b on a.customerid=b.customerid
inner join order_details c on c.orderid=b.orderid
group by a.customerid
order by subtotal asc limit 1;
# 3°
select  a.productid, a.productname, max(b.quantity)
from products a
inner join order_details b on a.productid=b.productid
group by productid
order by quantity desc limit 1;
# 4°
select ProductID, productname, max(unitprice) as MAS_LUCRATIVO 
from products 
group by productid 
order by MAS_LUCRATIVO desc limit 1;
# 5°
select ProductID, productname, min(unitprice) as MENOS_LUCRATIVO 
from products 
group by productid 
order by MENOS_LUCRATIVO ASC LIMIT 3;
# 6°
select a.productid, a.productname, b.quantity from products a
inner join order_details b on b.productid = a.productid
inner join orders c on c.orderid = b.orderid
where c.customerid = (select a.customerid from customers a
inner join orders b on a.customerid = b.customerid
inner join order_details c on b.orderid = c.orderid	
group by a.customerid
order by  sum(c.unitprice * c.quantity) desc limit 1)
group by productid
order by quantity desc limit 1;
# 7°
select a.EmployeeID,  a.lastname, count(b.orderid) as num_ordenes from employees a
inner join orders b on a.employeeid = b.employeeid
group by employeeid
order by num_ordenes desc limit 1;
#8°
select a.EmployeeID,  a.lastname, count(b.orderid) as num_ordenes from employees a
inner join orders b on a.employeeid = b.employeeid
group by employeeid
order by num_ordenes asc limit 1;
# 9°
select a.supplierid, a.companyname, b.UnitsInStock, b.UnitsOnOrder from suppliers a
inner join products b on a.supplierid = b.supplierid
where b.unitsinstock = 0 and b.unitsonorder = 0;
# 10°
select a.supplierid, a.companyname, (b.UnitsOnOrder * b.unitprice) as num_compras from suppliers a
inner join products b on a.supplierid = b.supplierid
group by a.supplierid
order by num_compras desc limit 1;
